
===========================================================================
report_checks -path_delay min (Hold)
============================================================================
======================= nom_tt_025C_0v50 Corner ===================================

Startpoint: A[12] (input port clocked by vclk)
Endpoint: hd[5] (output port clocked by vclk)
Path Group: vclk
Path Type: min

Fanout         Cap        Slew       Delay        Time   Description
---------------------------------------------------------------------------------------------
                      0.000000    0.000000    0.000000   clock vclk (rise edge)
                                  0.000000    0.000000   clock network delay (ideal)
                                  0.050000    0.050000 ^ input external delay
     1    0.000144    0.100000    0.000000    0.050000 ^ A[12] (in)
                                                         A[12] (net)
                      0.100004    0.000001    0.050001 ^ _431_/A (XNOR2x1)
     2    0.000153    0.000000    0.000000    0.050001 v _431_/Y (XNOR2x1)
                                                         _100_ (net)
                      0.000000    0.000000    0.050001 v _436_/A (NOR2x1)
     3    0.000326    0.000000    0.000000    0.050001 ^ _436_/Y (NOR2x1)
                                                         cell_oh_flat[20] (net)
                      0.000000    0.000004    0.050005 ^ xp3_s2l1[3].u_xp3/_15_/A (INVx1)
     2    0.000195    0.000000    0.000000    0.050005 v xp3_s2l1[3].u_xp3/_15_/Y (INVx1)
                                                         xp3_s2l1[3].u_xp3/_04_ (net)
                      0.000000    0.000001    0.050006 v xp3_s2l1[3].u_xp3/_24_/A (NOR2x1)
     2    0.000244    0.000000    0.000000    0.050006 ^ xp3_s2l1[3].u_xp3/_24_/Y (NOR2x1)
                                                         ps_flat[19] (net)
                      0.000000    0.000004    0.050010 ^ xp5_s2l2[1].u_xp5/_44_/A (INVx1)
     4    0.000540    0.000000    0.000000    0.050010 v xp5_s2l2[1].u_xp5/_44_/Y (INVx1)
                                                         xp5_s2l2[1].u_xp5/_15_ (net)
                      0.000000    0.000010    0.050020 v xp5_s2l2[1].u_xp5/_60_/B (NOR2x1)
     3    0.000509    0.000000    0.000000    0.050020 ^ xp5_s2l2[1].u_xp5/_60_/Y (NOR2x1)
                                                         hi_flat[5] (net)
                      0.000000    0.000019    0.050039 ^ xp3_hi_l1[0].u_xp3/_20_/A (INVx1)
     2    0.000192    0.000000    0.000000    0.050039 v xp3_hi_l1[0].u_xp3/_20_/Y (INVx1)
                                                         xp3_hi_l1[0].u_xp3/_08_ (net)
                      0.000000    0.000002    0.050041 v xp3_hi_l1[0].u_xp3/_24_/B (NOR2x1)
     3    0.000365    0.000000    0.000000    0.050041 ^ xp3_hi_l1[0].u_xp3/_24_/Y (NOR2x1)
                                                         hl1_flat[4] (net)
                      0.000000    0.000007    0.050048 ^ xp5_hi_l2[0].u_xp5/_48_/A (INVx1)
     3    0.000458    0.000000    0.000000    0.050048 v xp5_hi_l2[0].u_xp5/_48_/Y (INVx1)
                                                         xp5_hi_l2[0].u_xp5/_18_ (net)
                      0.000000    0.000004    0.050052 v xp5_hi_l2[0].u_xp5/_60_/A (NOR2x1)
     4    0.000709    0.000000    0.000000    0.050052 ^ xp5_hi_l2[0].u_xp5/_60_/Y (NOR2x1)
                                                         hl2_flat[8] (net)
                      0.000000    0.000025    0.050077 ^ u_xp9_hi_l3/_190_/A (NAND2x1)
     1    0.000118    0.000000    0.000000    0.050077 v u_xp9_hi_l3/_190_/Y (NAND2x1)
                                                         u_xp9_hi_l3/_027_ (net)
                      0.000000    0.000001    0.050079 v u_xp9_hi_l3/_191_/B (OAI21x1)
     1    0.000099    0.000000    0.000000    0.050079 ^ u_xp9_hi_l3/_191_/Y (OAI21x1)
                                                         u_xp9_hi_l3/_028_ (net)
                      0.000000    0.000000    0.050079 ^ u_xp9_hi_l3/_192_/B (AOI21x1)
     1    0.000100    0.000000    0.000000    0.050079 v u_xp9_hi_l3/_192_/Y (AOI21x1)
                                                         u_xp9_hi_l3/_029_ (net)
                      0.000000    0.000000    0.050080 v u_xp9_hi_l3/_195_/A (NAND2x1)
     4    0.000738    0.000000    0.000000    0.050080 ^ u_xp9_hi_l3/_195_/Y (NAND2x1)
                                                         high_sum[12] (net)
                      0.000000    0.000040    0.050120 ^ u_xp17x7_carry/_249_/A0 (AOI21x1)
     1    0.000158    0.000000    0.000000    0.050120 v u_xp17x7_carry/_249_/Y (AOI21x1)
                                                         u_xp17x7_carry/_044_ (net)
                      0.000000    0.000002    0.050122 v u_xp17x7_carry/_250_/B (NAND2x1)
     1    0.000136    0.000000    0.000000    0.050122 ^ u_xp17x7_carry/_250_/Y (NAND2x1)
                                                         upper[12] (net)
                      0.000000    0.000001    0.050124 ^ _369_/A (INVx1)
     2    0.000563    0.000000    0.000000    0.050124 v _369_/Y (INVx1)
                                                         _059_ (net)
                      0.000000    0.000012    0.050135 v _375_/B (NAND2x1)
     1    0.000132    0.000000    0.000000    0.050135 ^ _375_/Y (NAND2x1)
                                                         _064_ (net)
                      0.000000    0.000002    0.050137 ^ _378_/A (NOR2x1)
     1    0.000145    0.000000    0.000000    0.050137 v _378_/Y (NOR2x1)
                                                         _067_ (net)
                      0.000000    0.000002    0.050139 v _380_/A (NAND2x1)
     1    0.000280    0.000000    0.000000    0.050139 ^ _380_/Y (NAND2x1)
                                                         hd[5] (net)
                      0.000000    0.000010    0.050150 ^ hd[5] (out)
                                              0.050150   data arrival time

                      0.000000    0.000000    0.000000   clock vclk (rise edge)
                                  0.000000    0.000000   clock network delay (ideal)
                                  0.000000    0.000000   clock reconvergence pessimism
                                 -0.050000   -0.050000   output external delay
                                             -0.050000   data required time
---------------------------------------------------------------------------------------------
                                             -0.050000   data required time
                                             -0.050150   data arrival time
---------------------------------------------------------------------------------------------
                                              0.100150   slack (MET)


Startpoint: B[23] (input port clocked by vclk)
Endpoint: hd[0] (output port clocked by vclk)
Path Group: vclk
Path Type: min

Fanout         Cap        Slew       Delay        Time   Description
---------------------------------------------------------------------------------------------
                      0.000000    0.000000    0.000000   clock vclk (rise edge)
                                  0.000000    0.000000   clock network delay (ideal)
                                  0.050000    0.050000 ^ input external delay
     1    0.000149    0.100000    0.000000    0.050000 ^ B[23] (in)
                                                         B[23] (net)
                      0.100004    0.000001    0.050001 ^ _468_/B (XNOR2x1)
     2    0.000173    0.000000    0.000000    0.050001 ^ _468_/Y (XNOR2x1)
                                                         _122_ (net)
                      0.000000    0.000000    0.050002 ^ _469_/A (INVx1)
     1    0.000081    0.000000    0.000000    0.050002 v _469_/Y (INVx1)
                                                         _123_ (net)
                      0.000000    0.000000    0.050002 v _470_/B (NOR2x1)
     3    0.000310    0.000000    0.000000    0.050002 ^ _470_/Y (NOR2x1)
                                                         cell_oh_flat[33] (net)
                      0.000000    0.000005    0.050007 ^ xp3_s2l1[5].u_xp3/_12_/A (NAND2x1)
     1    0.000109    0.000000    0.000000    0.050007 v xp3_s2l1[5].u_xp3/_12_/Y (NAND2x1)
                                                         xp3_s2l1[5].u_xp3/_02_ (net)
                      0.000000    0.000000    0.050008 v xp3_s2l1[5].u_xp3/_13_/B (OAI21x1)
     2    0.000250    0.000000    0.000000    0.050008 ^ xp3_s2l1[5].u_xp3/_13_/Y (OAI21x1)
                                                         ps_flat[26] (net)
                      0.000000    0.000004    0.050012 ^ xp5_s2l2[2].u_xp5/_37_/B (NAND2x1)
     1    0.000117    0.000000    0.000000    0.050012 v xp5_s2l2[2].u_xp5/_37_/Y (NAND2x1)
                                                         xp5_s2l2[2].u_xp5/_09_ (net)
                      0.000000    0.000000    0.050013 v xp5_s2l2[2].u_xp5/_38_/B (OAI21x1)
     1    0.000120    0.000000    0.000000    0.050013 ^ xp5_s2l2[2].u_xp5/_38_/Y (OAI21x1)
                                                         xp5_s2l2[2].u_xp5/_10_ (net)
                      0.000000    0.000001    0.050014 ^ xp5_s2l2[2].u_xp5/_39_/B (AOI21x1)
     1    0.000127    0.000000    0.000000    0.050014 v xp5_s2l2[2].u_xp5/_39_/Y (AOI21x1)
                                                         xp5_s2l2[2].u_xp5/_11_ (net)
                      0.000000    0.000001    0.050015 v xp5_s2l2[2].u_xp5/_40_/B (OAI21x1)
     2    0.000229    0.000000    0.000000    0.050015 ^ xp5_s2l2[2].u_xp5/_40_/Y (OAI21x1)
                                                         r4_split[2].boh[3] (net)
                      0.000000    0.000002    0.050018 ^ _658_/A (INVx1)
     1    0.000115    0.000000    0.000000    0.050018 v _658_/Y (INVx1)
                                                         _234_ (net)
                      0.000000    0.000001    0.050019 v _660_/A (NAND2x1)
     2    0.000220    0.000000    0.000000    0.050019 ^ _660_/Y (NAND2x1)
                                                         lo_flat[11] (net)
                      0.000000    0.000003    0.050022 ^ xp4_lo_l1[1].u_xp4/_31_/A (INVx1)
     3    0.000438    0.000000    0.000000    0.050022 v xp4_lo_l1[1].u_xp4/_31_/Y (INVx1)
                                                         xp4_lo_l1[1].u_xp4/_11_ (net)
                      0.000000    0.000002    0.050024 v xp4_lo_l1[1].u_xp4/_42_/A (NOR2x1)
     4    0.000877    0.000000    0.000000    0.050024 ^ xp4_lo_l1[1].u_xp4/_42_/Y (NOR2x1)
                                                         ll1_flat[13] (net)
                      0.000000    0.000027    0.050050 ^ xp7_lo_l2[0].u_xp7/_090_/A (INVx1)
     4    0.000438    0.000000    0.000000    0.050050 v xp7_lo_l2[0].u_xp7/_090_/Y (INVx1)
                                                         xp7_lo_l2[0].u_xp7/_027_ (net)
                      0.000000    0.000007    0.050057 v xp7_lo_l2[0].u_xp7/_126_/A0 (OAI21x1)
     5    0.001387    0.000000    0.000000    0.050057 ^ xp7_lo_l2[0].u_xp7/_126_/Y (OAI21x1)
                                                         ll2_flat[11] (net)
                      0.000000    0.000023    0.050080 ^ u_xp13_lo_l3/_442_/A (NAND2x1)
     1    0.000087    0.000000    0.000000    0.050080 v u_xp13_lo_l3/_442_/Y (NAND2x1)
                                                         u_xp13_lo_l3/_166_ (net)
                      0.000000    0.000000    0.050080 v u_xp13_lo_l3/_443_/B (OAI21x1)
     1    0.000086    0.000000    0.000000    0.050080 ^ u_xp13_lo_l3/_443_/Y (OAI21x1)
                                                         u_xp13_lo_l3/_167_ (net)
                      0.000000    0.000000    0.050080 ^ u_xp13_lo_l3/_444_/B (AOI21x1)
     1    0.000107    0.000000    0.000000    0.050080 v u_xp13_lo_l3/_444_/Y (AOI21x1)
                                                         u_xp13_lo_l3/_168_ (net)
                      0.000000    0.000000    0.050081 v u_xp13_lo_l3/_445_/B (OAI21x1)
     2    0.000444    0.000000    0.000000    0.050081 ^ u_xp13_lo_l3/_445_/Y (OAI21x1)
                                                         low_sum[21] (net)
                      0.000000    0.000013    0.050094 ^ _318_/A (NOR2x1)
     1    0.000270    0.000000    0.000000    0.050094 v _318_/Y (NOR2x1)
                                                         _012_ (net)
                      0.000000    0.000007    0.050101 v _320_/A (NAND2x1)
     1    0.000106    0.000000    0.000000    0.050101 ^ _320_/Y (NAND2x1)
                                                         _014_ (net)
                      0.000000    0.000000    0.050102 ^ _324_/A (NOR2x1)
     1    0.000102    0.000000    0.000000    0.050102 v _324_/Y (NOR2x1)
                                                         _018_ (net)
                      0.000000    0.000000    0.050102 v _332_/A (NAND2x1)
     1    0.000705    0.000000    0.000000    0.050102 ^ _332_/Y (NAND2x1)
                                                         hd[0] (net)
                      0.000000    0.000051    0.050153 ^ hd[0] (out)
                                              0.050153   data arrival time

                      0.000000    0.000000    0.000000   clock vclk (rise edge)
                                  0.000000    0.000000   clock network delay (ideal)
                                  0.000000    0.000000   clock reconvergence pessimism
                                 -0.050000   -0.050000   output external delay
                                             -0.050000   data required time
---------------------------------------------------------------------------------------------
                                             -0.050000   data required time
                                             -0.050153   data arrival time
---------------------------------------------------------------------------------------------
                                              0.100153   slack (MET)


Startpoint: A[12] (input port clocked by vclk)
Endpoint: hd[4] (output port clocked by vclk)
Path Group: vclk
Path Type: min

Fanout         Cap        Slew       Delay        Time   Description
---------------------------------------------------------------------------------------------
                      0.000000    0.000000    0.000000   clock vclk (rise edge)
                                  0.000000    0.000000   clock network delay (ideal)
                                  0.050000    0.050000 ^ input external delay
     1    0.000144    0.100000    0.000000    0.050000 ^ A[12] (in)
                                                         A[12] (net)
                      0.100004    0.000001    0.050001 ^ _431_/A (XNOR2x1)
     2    0.000153    0.000000    0.000000    0.050001 v _431_/Y (XNOR2x1)
                                                         _100_ (net)
                      0.000000    0.000000    0.050001 v _436_/A (NOR2x1)
     3    0.000326    0.000000    0.000000    0.050001 ^ _436_/Y (NOR2x1)
                                                         cell_oh_flat[20] (net)
                      0.000000    0.000004    0.050005 ^ xp3_s2l1[3].u_xp3/_15_/A (INVx1)
     2    0.000195    0.000000    0.000000    0.050005 v xp3_s2l1[3].u_xp3/_15_/Y (INVx1)
                                                         xp3_s2l1[3].u_xp3/_04_ (net)
                      0.000000    0.000001    0.050006 v xp3_s2l1[3].u_xp3/_24_/A (NOR2x1)
     2    0.000244    0.000000    0.000000    0.050006 ^ xp3_s2l1[3].u_xp3/_24_/Y (NOR2x1)
                                                         ps_flat[19] (net)
                      0.000000    0.000004    0.050010 ^ xp5_s2l2[1].u_xp5/_44_/A (INVx1)
     4    0.000540    0.000000    0.000000    0.050010 v xp5_s2l2[1].u_xp5/_44_/Y (INVx1)
                                                         xp5_s2l2[1].u_xp5/_15_ (net)
                      0.000000    0.000010    0.050020 v xp5_s2l2[1].u_xp5/_60_/B (NOR2x1)
     3    0.000509    0.000000    0.000000    0.050020 ^ xp5_s2l2[1].u_xp5/_60_/Y (NOR2x1)
                                                         hi_flat[5] (net)
                      0.000000    0.000019    0.050039 ^ xp3_hi_l1[0].u_xp3/_20_/A (INVx1)
     2    0.000192    0.000000    0.000000    0.050039 v xp3_hi_l1[0].u_xp3/_20_/Y (INVx1)
                                                         xp3_hi_l1[0].u_xp3/_08_ (net)
                      0.000000    0.000002    0.050041 v xp3_hi_l1[0].u_xp3/_24_/B (NOR2x1)
     3    0.000365    0.000000    0.000000    0.050041 ^ xp3_hi_l1[0].u_xp3/_24_/Y (NOR2x1)
                                                         hl1_flat[4] (net)
                      0.000000    0.000007    0.050048 ^ xp5_hi_l2[0].u_xp5/_48_/A (INVx1)
     3    0.000458    0.000000    0.000000    0.050048 v xp5_hi_l2[0].u_xp5/_48_/Y (INVx1)
                                                         xp5_hi_l2[0].u_xp5/_18_ (net)
                      0.000000    0.000004    0.050052 v xp5_hi_l2[0].u_xp5/_60_/A (NOR2x1)
     4    0.000709    0.000000    0.000000    0.050052 ^ xp5_hi_l2[0].u_xp5/_60_/Y (NOR2x1)
                                                         hl2_flat[8] (net)
                      0.000000    0.000025    0.050077 ^ u_xp9_hi_l3/_190_/A (NAND2x1)
     1    0.000118    0.000000    0.000000    0.050077 v u_xp9_hi_l3/_190_/Y (NAND2x1)
                                                         u_xp9_hi_l3/_027_ (net)
                      0.000000    0.000001    0.050079 v u_xp9_hi_l3/_191_/B (OAI21x1)
     1    0.000099    0.000000    0.000000    0.050079 ^ u_xp9_hi_l3/_191_/Y (OAI21x1)
                                                         u_xp9_hi_l3/_028_ (net)
                      0.000000    0.000000    0.050079 ^ u_xp9_hi_l3/_192_/B (AOI21x1)
     1    0.000100    0.000000    0.000000    0.050079 v u_xp9_hi_l3/_192_/Y (AOI21x1)
                                                         u_xp9_hi_l3/_029_ (net)
                      0.000000    0.000000    0.050080 v u_xp9_hi_l3/_195_/A (NAND2x1)
     4    0.000738    0.000000    0.000000    0.050080 ^ u_xp9_hi_l3/_195_/Y (NAND2x1)
                                                         high_sum[12] (net)
                      0.000000    0.000040    0.050120 ^ u_xp17x7_carry/_249_/A0 (AOI21x1)
     1    0.000158    0.000000    0.000000    0.050120 v u_xp17x7_carry/_249_/Y (AOI21x1)
                                                         u_xp17x7_carry/_044_ (net)
                      0.000000    0.000002    0.050122 v u_xp17x7_carry/_250_/B (NAND2x1)
     1    0.000136    0.000000    0.000000    0.050122 ^ u_xp17x7_carry/_250_/Y (NAND2x1)
                                                         upper[12] (net)
                      0.000000    0.000001    0.050124 ^ _369_/A (INVx1)
     2    0.000563    0.000000    0.000000    0.050124 v _369_/Y (INVx1)
                                                         _059_ (net)
                      0.000000    0.000025    0.050149 v _371_/A (NAND2x1)
     1    0.000124    0.000000    0.000000    0.050149 ^ _371_/Y (NAND2x1)
                                                         _061_ (net)
                      0.000000    0.000002    0.050150 ^ _372_/A (NOR2x1)
     1    0.000103    0.000000    0.000000    0.050150 v _372_/Y (NOR2x1)
                                                         _062_ (net)
                      0.000000    0.000000    0.050151 v _373_/B (NAND2x1)
     1    0.000206    0.000000    0.000000    0.050151 ^ _373_/Y (NAND2x1)
                                                         hd[4] (net)
                      0.000000    0.000006    0.050157 ^ hd[4] (out)
                                              0.050157   data arrival time

                      0.000000    0.000000    0.000000   clock vclk (rise edge)
                                  0.000000    0.000000   clock network delay (ideal)
                                  0.000000    0.000000   clock reconvergence pessimism
                                 -0.050000   -0.050000   output external delay
                                             -0.050000   data required time
---------------------------------------------------------------------------------------------
                                             -0.050000   data required time
                                             -0.050157   data arrival time
---------------------------------------------------------------------------------------------
                                              0.100157   slack (MET)


Startpoint: B[23] (input port clocked by vclk)
Endpoint: hd[1] (output port clocked by vclk)
Path Group: vclk
Path Type: min

Fanout         Cap        Slew       Delay        Time   Description
---------------------------------------------------------------------------------------------
                      0.000000    0.000000    0.000000   clock vclk (rise edge)
                                  0.000000    0.000000   clock network delay (ideal)
                                  0.050000    0.050000 ^ input external delay
     1    0.000149    0.100000    0.000000    0.050000 ^ B[23] (in)
                                                         B[23] (net)
                      0.100004    0.000001    0.050001 ^ _468_/B (XNOR2x1)
     2    0.000173    0.000000    0.000000    0.050001 ^ _468_/Y (XNOR2x1)
                                                         _122_ (net)
                      0.000000    0.000000    0.050002 ^ _469_/A (INVx1)
     1    0.000081    0.000000    0.000000    0.050002 v _469_/Y (INVx1)
                                                         _123_ (net)
                      0.000000    0.000000    0.050002 v _470_/B (NOR2x1)
     3    0.000310    0.000000    0.000000    0.050002 ^ _470_/Y (NOR2x1)
                                                         cell_oh_flat[33] (net)
                      0.000000    0.000005    0.050007 ^ xp3_s2l1[5].u_xp3/_12_/A (NAND2x1)
     1    0.000109    0.000000    0.000000    0.050007 v xp3_s2l1[5].u_xp3/_12_/Y (NAND2x1)
                                                         xp3_s2l1[5].u_xp3/_02_ (net)
                      0.000000    0.000000    0.050008 v xp3_s2l1[5].u_xp3/_13_/B (OAI21x1)
     2    0.000250    0.000000    0.000000    0.050008 ^ xp3_s2l1[5].u_xp3/_13_/Y (OAI21x1)
                                                         ps_flat[26] (net)
                      0.000000    0.000004    0.050012 ^ xp5_s2l2[2].u_xp5/_37_/B (NAND2x1)
     1    0.000117    0.000000    0.000000    0.050012 v xp5_s2l2[2].u_xp5/_37_/Y (NAND2x1)
                                                         xp5_s2l2[2].u_xp5/_09_ (net)
                      0.000000    0.000000    0.050013 v xp5_s2l2[2].u_xp5/_38_/B (OAI21x1)
     1    0.000120    0.000000    0.000000    0.050013 ^ xp5_s2l2[2].u_xp5/_38_/Y (OAI21x1)
                                                         xp5_s2l2[2].u_xp5/_10_ (net)
                      0.000000    0.000001    0.050014 ^ xp5_s2l2[2].u_xp5/_39_/B (AOI21x1)
     1    0.000127    0.000000    0.000000    0.050014 v xp5_s2l2[2].u_xp5/_39_/Y (AOI21x1)
                                                         xp5_s2l2[2].u_xp5/_11_ (net)
                      0.000000    0.000001    0.050015 v xp5_s2l2[2].u_xp5/_40_/B (OAI21x1)
     2    0.000229    0.000000    0.000000    0.050015 ^ xp5_s2l2[2].u_xp5/_40_/Y (OAI21x1)
                                                         r4_split[2].boh[3] (net)
                      0.000000    0.000002    0.050018 ^ _658_/A (INVx1)
     1    0.000115    0.000000    0.000000    0.050018 v _658_/Y (INVx1)
                                                         _234_ (net)
                      0.000000    0.000001    0.050019 v _660_/A (NAND2x1)
     2    0.000220    0.000000    0.000000    0.050019 ^ _660_/Y (NAND2x1)
                                                         lo_flat[11] (net)
                      0.000000    0.000003    0.050022 ^ xp4_lo_l1[1].u_xp4/_31_/A (INVx1)
     3    0.000438    0.000000    0.000000    0.050022 v xp4_lo_l1[1].u_xp4/_31_/Y (INVx1)
                                                         xp4_lo_l1[1].u_xp4/_11_ (net)
                      0.000000    0.000002    0.050024 v xp4_lo_l1[1].u_xp4/_42_/A (NOR2x1)
     4    0.000877    0.000000    0.000000    0.050024 ^ xp4_lo_l1[1].u_xp4/_42_/Y (NOR2x1)
                                                         ll1_flat[13] (net)
                      0.000000    0.000027    0.050050 ^ xp7_lo_l2[0].u_xp7/_090_/A (INVx1)
     4    0.000438    0.000000    0.000000    0.050050 v xp7_lo_l2[0].u_xp7/_090_/Y (INVx1)
                                                         xp7_lo_l2[0].u_xp7/_027_ (net)
                      0.000000    0.000007    0.050057 v xp7_lo_l2[0].u_xp7/_126_/A0 (OAI21x1)
     5    0.001387    0.000000    0.000000    0.050057 ^ xp7_lo_l2[0].u_xp7/_126_/Y (OAI21x1)
                                                         ll2_flat[11] (net)
                      0.000000    0.000021    0.050078 ^ u_xp13_lo_l3/_318_/A (INVx1)
     9    0.001679    0.000000    0.000000    0.050078 v u_xp13_lo_l3/_318_/Y (INVx1)
                                                         u_xp13_lo_l3/_052_ (net)
                      0.000000    0.000022    0.050099 v u_xp13_lo_l3/_448_/A0 (OAI21x1)
     2    0.000251    0.000000    0.000000    0.050099 ^ u_xp13_lo_l3/_448_/Y (OAI21x1)
                                                         low_sum[22] (net)
                      0.000000    0.000002    0.050102 ^ _333_/A (NOR2x1)
     1    0.000263    0.000000    0.000000    0.050102 v _333_/Y (NOR2x1)
                                                         _026_ (net)
                      0.000000    0.000006    0.050108 v _335_/A (NAND2x1)
     1    0.000125    0.000000    0.000000    0.050108 ^ _335_/Y (NAND2x1)
                                                         _028_ (net)
                      0.000000    0.000001    0.050109 ^ _339_/A (NOR2x1)
     1    0.000101    0.000000    0.000000    0.050109 v _339_/Y (NOR2x1)
                                                         _032_ (net)
                      0.000000    0.000000    0.050110 v _340_/A (NAND2x1)
     1    0.000719    0.000000    0.000000    0.050110 ^ _340_/Y (NAND2x1)
                                                         hd[1] (net)
                      0.000000    0.000053    0.050163 ^ hd[1] (out)
                                              0.050163   data arrival time

                      0.000000    0.000000    0.000000   clock vclk (rise edge)
                                  0.000000    0.000000   clock network delay (ideal)
                                  0.000000    0.000000   clock reconvergence pessimism
                                 -0.050000   -0.050000   output external delay
                                             -0.050000   data required time
---------------------------------------------------------------------------------------------
                                             -0.050000   data required time
                                             -0.050163   data arrival time
---------------------------------------------------------------------------------------------
                                              0.100163   slack (MET)


Startpoint: A[12] (input port clocked by vclk)
Endpoint: hd[6] (output port clocked by vclk)
Path Group: vclk
Path Type: min

Fanout         Cap        Slew       Delay        Time   Description
---------------------------------------------------------------------------------------------
                      0.000000    0.000000    0.000000   clock vclk (rise edge)
                                  0.000000    0.000000   clock network delay (ideal)
                                  0.050000    0.050000 ^ input external delay
     1    0.000144    0.100000    0.000000    0.050000 ^ A[12] (in)
                                                         A[12] (net)
                      0.100004    0.000001    0.050001 ^ _431_/A (XNOR2x1)
     2    0.000153    0.000000    0.000000    0.050001 v _431_/Y (XNOR2x1)
                                                         _100_ (net)
                      0.000000    0.000000    0.050001 v _436_/A (NOR2x1)
     3    0.000326    0.000000    0.000000    0.050001 ^ _436_/Y (NOR2x1)
                                                         cell_oh_flat[20] (net)
                      0.000000    0.000004    0.050005 ^ xp3_s2l1[3].u_xp3/_15_/A (INVx1)
     2    0.000195    0.000000    0.000000    0.050005 v xp3_s2l1[3].u_xp3/_15_/Y (INVx1)
                                                         xp3_s2l1[3].u_xp3/_04_ (net)
                      0.000000    0.000001    0.050006 v xp3_s2l1[3].u_xp3/_24_/A (NOR2x1)
     2    0.000244    0.000000    0.000000    0.050006 ^ xp3_s2l1[3].u_xp3/_24_/Y (NOR2x1)
                                                         ps_flat[19] (net)
                      0.000000    0.000004    0.050010 ^ xp5_s2l2[1].u_xp5/_44_/A (INVx1)
     4    0.000540    0.000000    0.000000    0.050010 v xp5_s2l2[1].u_xp5/_44_/Y (INVx1)
                                                         xp5_s2l2[1].u_xp5/_15_ (net)
                      0.000000    0.000010    0.050020 v xp5_s2l2[1].u_xp5/_60_/B (NOR2x1)
     3    0.000509    0.000000    0.000000    0.050020 ^ xp5_s2l2[1].u_xp5/_60_/Y (NOR2x1)
                                                         hi_flat[5] (net)
                      0.000000    0.000019    0.050039 ^ xp3_hi_l1[0].u_xp3/_20_/A (INVx1)
     2    0.000192    0.000000    0.000000    0.050039 v xp3_hi_l1[0].u_xp3/_20_/Y (INVx1)
                                                         xp3_hi_l1[0].u_xp3/_08_ (net)
                      0.000000    0.000002    0.050041 v xp3_hi_l1[0].u_xp3/_24_/B (NOR2x1)
     3    0.000365    0.000000    0.000000    0.050041 ^ xp3_hi_l1[0].u_xp3/_24_/Y (NOR2x1)
                                                         hl1_flat[4] (net)
                      0.000000    0.000007    0.050048 ^ xp5_hi_l2[0].u_xp5/_48_/A (INVx1)
     3    0.000458    0.000000    0.000000    0.050048 v xp5_hi_l2[0].u_xp5/_48_/Y (INVx1)
                                                         xp5_hi_l2[0].u_xp5/_18_ (net)
                      0.000000    0.000004    0.050052 v xp5_hi_l2[0].u_xp5/_60_/A (NOR2x1)
     4    0.000709    0.000000    0.000000    0.050052 ^ xp5_hi_l2[0].u_xp5/_60_/Y (NOR2x1)
                                                         hl2_flat[8] (net)
                      0.000000    0.000025    0.050077 ^ u_xp9_hi_l3/_190_/A (NAND2x1)
     1    0.000118    0.000000    0.000000    0.050077 v u_xp9_hi_l3/_190_/Y (NAND2x1)
                                                         u_xp9_hi_l3/_027_ (net)
                      0.000000    0.000001    0.050079 v u_xp9_hi_l3/_191_/B (OAI21x1)
     1    0.000099    0.000000    0.000000    0.050079 ^ u_xp9_hi_l3/_191_/Y (OAI21x1)
                                                         u_xp9_hi_l3/_028_ (net)
                      0.000000    0.000000    0.050079 ^ u_xp9_hi_l3/_192_/B (AOI21x1)
     1    0.000100    0.000000    0.000000    0.050079 v u_xp9_hi_l3/_192_/Y (AOI21x1)
                                                         u_xp9_hi_l3/_029_ (net)
                      0.000000    0.000000    0.050080 v u_xp9_hi_l3/_195_/A (NAND2x1)
     4    0.000738    0.000000    0.000000    0.050080 ^ u_xp9_hi_l3/_195_/Y (NAND2x1)
                                                         high_sum[12] (net)
                      0.000000    0.000056    0.050136 ^ u_xp17x7_carry/_283_/A (NAND2x1)
     1    0.000086    0.000000    0.000000    0.050136 v u_xp17x7_carry/_283_/Y (NAND2x1)
                                                         u_xp17x7_carry/_074_ (net)
                      0.000000    0.000000    0.050137 v u_xp17x7_carry/_284_/B (OAI21x1)
     1    0.000092    0.000000    0.000000    0.050137 ^ u_xp17x7_carry/_284_/Y (OAI21x1)
                                                         u_xp17x7_carry/_075_ (net)
                      0.000000    0.000000    0.050137 ^ u_xp17x7_carry/_285_/B (NOR2x1)
     1    0.000417    0.000000    0.000000    0.050137 v u_xp17x7_carry/_285_/Y (NOR2x1)
                                                         u_xp17x7_carry/_076_ (net)
                      0.000000    0.000016    0.050153 v u_xp17x7_carry/_290_/A (NAND2x1)
     1    0.000181    0.000000    0.000000    0.050153 ^ u_xp17x7_carry/_290_/Y (NAND2x1)
                                                         upper[16] (net)
                      0.000000    0.000003    0.050156 ^ _381_/A (INVx1)
     1    0.000116    0.000000    0.000000    0.050156 v _381_/Y (INVx1)
                                                         _069_ (net)
                      0.000000    0.000000    0.050157 v _383_/A (NAND2x1)
     1    0.000150    0.000000    0.000000    0.050157 ^ _383_/Y (NAND2x1)
                                                         _071_ (net)
                      0.000000    0.000002    0.050159 ^ _387_/A (NOR2x1)
     1    0.000109    0.000000    0.000000    0.050159 v _387_/Y (NOR2x1)
                                                         _075_ (net)
                      0.000000    0.000000    0.050159 v _388_/A (NAND2x1)
     1    0.000170    0.000000    0.000000    0.050159 ^ _388_/Y (NAND2x1)
                                                         hd[6] (net)
                      0.000000    0.000005    0.050164 ^ hd[6] (out)
                                              0.050164   data arrival time

                      0.000000    0.000000    0.000000   clock vclk (rise edge)
                                  0.000000    0.000000   clock network delay (ideal)
                                  0.000000    0.000000   clock reconvergence pessimism
                                 -0.050000   -0.050000   output external delay
                                             -0.050000   data required time
---------------------------------------------------------------------------------------------
                                             -0.050000   data required time
                                             -0.050164   data arrival time
---------------------------------------------------------------------------------------------
                                              0.100164   slack (MET)


Startpoint: A[12] (input port clocked by vclk)
Endpoint: hd[2] (output port clocked by vclk)
Path Group: vclk
Path Type: min

Fanout         Cap        Slew       Delay        Time   Description
---------------------------------------------------------------------------------------------
                      0.000000    0.000000    0.000000   clock vclk (rise edge)
                                  0.000000    0.000000   clock network delay (ideal)
                                  0.050000    0.050000 ^ input external delay
     1    0.000144    0.100000    0.000000    0.050000 ^ A[12] (in)
                                                         A[12] (net)
                      0.100004    0.000001    0.050001 ^ _431_/A (XNOR2x1)
     2    0.000153    0.000000    0.000000    0.050001 v _431_/Y (XNOR2x1)
                                                         _100_ (net)
                      0.000000    0.000000    0.050001 v _436_/A (NOR2x1)
     3    0.000326    0.000000    0.000000    0.050001 ^ _436_/Y (NOR2x1)
                                                         cell_oh_flat[20] (net)
                      0.000000    0.000004    0.050005 ^ xp3_s2l1[3].u_xp3/_15_/A (INVx1)
     2    0.000195    0.000000    0.000000    0.050005 v xp3_s2l1[3].u_xp3/_15_/Y (INVx1)
                                                         xp3_s2l1[3].u_xp3/_04_ (net)
                      0.000000    0.000001    0.050006 v xp3_s2l1[3].u_xp3/_24_/A (NOR2x1)
     2    0.000244    0.000000    0.000000    0.050006 ^ xp3_s2l1[3].u_xp3/_24_/Y (NOR2x1)
                                                         ps_flat[19] (net)
                      0.000000    0.000004    0.050010 ^ xp5_s2l2[1].u_xp5/_44_/A (INVx1)
     4    0.000540    0.000000    0.000000    0.050010 v xp5_s2l2[1].u_xp5/_44_/Y (INVx1)
                                                         xp5_s2l2[1].u_xp5/_15_ (net)
                      0.000000    0.000010    0.050020 v xp5_s2l2[1].u_xp5/_60_/B (NOR2x1)
     3    0.000509    0.000000    0.000000    0.050020 ^ xp5_s2l2[1].u_xp5/_60_/Y (NOR2x1)
                                                         hi_flat[5] (net)
                      0.000000    0.000019    0.050039 ^ xp3_hi_l1[0].u_xp3/_20_/A (INVx1)
     2    0.000192    0.000000    0.000000    0.050039 v xp3_hi_l1[0].u_xp3/_20_/Y (INVx1)
                                                         xp3_hi_l1[0].u_xp3/_08_ (net)
                      0.000000    0.000002    0.050041 v xp3_hi_l1[0].u_xp3/_24_/B (NOR2x1)
     3    0.000365    0.000000    0.000000    0.050041 ^ xp3_hi_l1[0].u_xp3/_24_/Y (NOR2x1)
                                                         hl1_flat[4] (net)
                      0.000000    0.000007    0.050048 ^ xp5_hi_l2[0].u_xp5/_48_/A (INVx1)
     3    0.000458    0.000000    0.000000    0.050048 v xp5_hi_l2[0].u_xp5/_48_/Y (INVx1)
                                                         xp5_hi_l2[0].u_xp5/_18_ (net)
                      0.000000    0.000004    0.050052 v xp5_hi_l2[0].u_xp5/_60_/A (NOR2x1)
     4    0.000709    0.000000    0.000000    0.050052 ^ xp5_hi_l2[0].u_xp5/_60_/Y (NOR2x1)
                                                         hl2_flat[8] (net)
                      0.000000    0.000025    0.050077 ^ u_xp9_hi_l3/_190_/A (NAND2x1)
     1    0.000118    0.000000    0.000000    0.050077 v u_xp9_hi_l3/_190_/Y (NAND2x1)
                                                         u_xp9_hi_l3/_027_ (net)
                      0.000000    0.000001    0.050079 v u_xp9_hi_l3/_191_/B (OAI21x1)
     1    0.000099    0.000000    0.000000    0.050079 ^ u_xp9_hi_l3/_191_/Y (OAI21x1)
                                                         u_xp9_hi_l3/_028_ (net)
                      0.000000    0.000000    0.050079 ^ u_xp9_hi_l3/_192_/B (AOI21x1)
     1    0.000100    0.000000    0.000000    0.050079 v u_xp9_hi_l3/_192_/Y (AOI21x1)
                                                         u_xp9_hi_l3/_029_ (net)
                      0.000000    0.000000    0.050080 v u_xp9_hi_l3/_195_/A (NAND2x1)
     4    0.000738    0.000000    0.000000    0.050080 ^ u_xp9_hi_l3/_195_/Y (NAND2x1)
                                                         high_sum[12] (net)
                      0.000000    0.000055    0.050135 ^ u_xp17x7_carry/_266_/A (INVx1)
     4    0.000627    0.000000    0.000000    0.050135 v u_xp17x7_carry/_266_/Y (INVx1)
                                                         u_xp17x7_carry/_059_ (net)
                      0.000000    0.000019    0.050155 v u_xp17x7_carry/_296_/A0 (OAI21x1)
     1    0.000238    0.000000    0.000000    0.050155 ^ u_xp17x7_carry/_296_/Y (OAI21x1)
                                                         u_xp17x7_carry/_086_ (net)
                      0.000000    0.000005    0.050160 ^ u_xp17x7_carry/_297_/B (NOR2x1)
     1    0.000110    0.000000    0.000000    0.050160 v u_xp17x7_carry/_297_/Y (NOR2x1)
                                                         u_xp17x7_carry/_087_ (net)
                      0.000000    0.000000    0.050161 v u_xp17x7_carry/_300_/A (NAND2x1)
     1    0.000125    0.000000    0.000000    0.050161 ^ u_xp17x7_carry/_300_/Y (NAND2x1)
                                                         upper[17] (net)
                      0.000000    0.000001    0.050162 ^ _342_/A (INVx1)
     1    0.000145    0.000000    0.000000    0.050162 v _342_/Y (INVx1)
                                                         _034_ (net)
                      0.000000    0.000002    0.050164 v _343_/B (NAND2x1)
     1    0.000114    0.000000    0.000000    0.050164 ^ _343_/Y (NAND2x1)
                                                         _035_ (net)
                      0.000000    0.000000    0.050165 ^ _344_/A (NOR2x1)
     2    0.000180    0.000000    0.000000    0.050165 v _344_/Y (NOR2x1)
                                                         _036_ (net)
                      0.000000    0.000000    0.050166 v _352_/A (NAND2x1)
     1    0.000172    0.000000    0.000000    0.050166 ^ _352_/Y (NAND2x1)
                                                         hd[2] (net)
                      0.000000    0.000005    0.050171 ^ hd[2] (out)
                                              0.050171   data arrival time

                      0.000000    0.000000    0.000000   clock vclk (rise edge)
                                  0.000000    0.000000   clock network delay (ideal)
                                  0.000000    0.000000   clock reconvergence pessimism
                                 -0.050000   -0.050000   output external delay
                                             -0.050000   data required time
---------------------------------------------------------------------------------------------
                                             -0.050000   data required time
                                             -0.050171   data arrival time
---------------------------------------------------------------------------------------------
                                              0.100171   slack (MET)


Startpoint: B[51] (input port clocked by vclk)
Endpoint: hd[3] (output port clocked by vclk)
Path Group: vclk
Path Type: min

Fanout         Cap        Slew       Delay        Time   Description
---------------------------------------------------------------------------------------------
                      0.000000    0.000000    0.000000   clock vclk (rise edge)
                                  0.000000    0.000000   clock network delay (ideal)
                                  0.050000    0.050000 ^ input external delay
     1    0.000167    0.100000    0.000000    0.050000 ^ B[51] (in)
                                                         B[51] (net)
                      0.100005    0.000002    0.050002 ^ _566_/B (XNOR2x1)
     2    0.000172    0.000000    0.000000    0.050002 ^ _566_/Y (XNOR2x1)
                                                         _178_ (net)
                      0.000000    0.000001    0.050003 ^ _567_/A (INVx1)
     1    0.000083    0.000000    0.000000    0.050003 v _567_/Y (INVx1)
                                                         _179_ (net)
                      0.000000    0.000000    0.050003 v _568_/B (NOR2x1)
     3    0.000295    0.000000    0.000000    0.050003 ^ _568_/Y (NOR2x1)
                                                         cell_oh_flat[75] (net)
                      0.000000    0.000004    0.050007 ^ xp3_s2l1[12].u_xp3/_12_/A (NAND2x1)
     1    0.000107    0.000000    0.000000    0.050007 v xp3_s2l1[12].u_xp3/_12_/Y (NAND2x1)
                                                         xp3_s2l1[12].u_xp3/_02_ (net)
                      0.000000    0.000000    0.050008 v xp3_s2l1[12].u_xp3/_13_/B (OAI21x1)
     3    0.000454    0.000000    0.000000    0.050008 ^ xp3_s2l1[12].u_xp3/_13_/Y (OAI21x1)
                                                         ps_flat[61] (net)
                      0.000000    0.000011    0.050019 ^ xp5_s2l2[6].u_xp5/_43_/A1 (AOI21x1)
     1    0.000197    0.000000    0.000000    0.050019 v xp5_s2l2[6].u_xp5/_43_/Y (AOI21x1)
                                                         xp5_s2l2[6].u_xp5/_14_ (net)
                      0.000000    0.000004    0.050023 v xp5_s2l2[6].u_xp5/_47_/A (NAND2x1)
     2    0.000282    0.000000    0.000000    0.050023 ^ xp5_s2l2[6].u_xp5/_47_/Y (NAND2x1)
                                                         r4_split[6].boh[4] (net)
                      0.000000    0.000008    0.050031 ^ _737_/B (NOR2x1)
     1    0.000114    0.000000    0.000000    0.050031 v _737_/Y (NOR2x1)
                                                         _287_ (net)
                      0.000000    0.000000    0.050032 v _738_/B (NAND2x1)
     2    0.000235    0.000000    0.000000    0.050032 ^ _738_/Y (NAND2x1)
                                                         hi_flat[19] (net)
                      0.000000    0.000004    0.050036 ^ xp3_hi_l1[3].u_xp3/_12_/B (NAND2x1)
     1    0.000142    0.000000    0.000000    0.050036 v xp3_hi_l1[3].u_xp3/_12_/Y (NAND2x1)
                                                         xp3_hi_l1[3].u_xp3/_02_ (net)
                      0.000000    0.000002    0.050039 v xp3_hi_l1[3].u_xp3/_13_/B (OAI21x1)
     2    0.000623    0.000000    0.000000    0.050039 ^ xp3_hi_l1[3].u_xp3/_13_/Y (OAI21x1)
                                                         hl1_flat[16] (net)
                      0.000000    0.000058    0.050097 ^ xp5_hi_l2[1].u_xp5/_37_/B (NAND2x1)
     1    0.000104    0.000000    0.000000    0.050097 v xp5_hi_l2[1].u_xp5/_37_/Y (NAND2x1)
                                                         xp5_hi_l2[1].u_xp5/_09_ (net)
                      0.000000    0.000000    0.050098 v xp5_hi_l2[1].u_xp5/_38_/B (OAI21x1)
     1    0.000148    0.000000    0.000000    0.050098 ^ xp5_hi_l2[1].u_xp5/_38_/Y (OAI21x1)
                                                         xp5_hi_l2[1].u_xp5/_10_ (net)
                      0.000000    0.000002    0.050099 ^ xp5_hi_l2[1].u_xp5/_39_/B (AOI21x1)
     1    0.000207    0.000000    0.000000    0.050099 v xp5_hi_l2[1].u_xp5/_39_/Y (AOI21x1)
                                                         xp5_hi_l2[1].u_xp5/_11_ (net)
                      0.000000    0.000005    0.050105 v xp5_hi_l2[1].u_xp5/_40_/B (OAI21x1)
     7    0.001302    0.000000    0.000000    0.050105 ^ xp5_hi_l2[1].u_xp5/_40_/Y (OAI21x1)
                                                         hl2_flat[12] (net)
                      0.000000    0.000037    0.050142 ^ u_xp9_hi_l3/_108_/A0 (AOI21x1)
     1    0.000104    0.000000    0.000000    0.050142 v u_xp9_hi_l3/_108_/Y (AOI21x1)
                                                         u_xp9_hi_l3/_049_ (net)
                      0.000000    0.000000    0.050143 v u_xp9_hi_l3/_109_/B (OAI21x1)
     4    0.000525    0.000000    0.000000    0.050143 ^ u_xp9_hi_l3/_109_/Y (OAI21x1)
                                                         high_sum[3] (net)
                      0.000000    0.000011    0.050154 ^ u_xp17x7_carry/_159_/A (NAND2x1)
     1    0.000113    0.000000    0.000000    0.050154 v u_xp17x7_carry/_159_/Y (NAND2x1)
                                                         u_xp17x7_carry/_111_ (net)
                      0.000000    0.000000    0.050155 v u_xp17x7_carry/_160_/B (OAI21x1)
     1    0.000076    0.000000    0.000000    0.050155 ^ u_xp17x7_carry/_160_/Y (OAI21x1)
                                                         u_xp17x7_carry/_112_ (net)
                      0.000000    0.000000    0.050155 ^ u_xp17x7_carry/_161_/B (AOI21x1)
     1    0.000241    0.000000    0.000000    0.050155 v u_xp17x7_carry/_161_/Y (AOI21x1)
                                                         u_xp17x7_carry/_113_ (net)
                      0.000000    0.000008    0.050163 v u_xp17x7_carry/_162_/B (OAI21x1)
     2    0.000183    0.000000    0.000000    0.050163 ^ u_xp17x7_carry/_162_/Y (OAI21x1)
                                                         upper[3] (net)
                      0.000000    0.000002    0.050165 ^ _354_/B (NOR2x1)
     1    0.000104    0.000000    0.000000    0.050165 v _354_/Y (NOR2x1)
                                                         _045_ (net)
                      0.000000    0.000000    0.050166 v _355_/B (NAND2x1)
     1    0.000087    0.000000    0.000000    0.050166 ^ _355_/Y (NAND2x1)
                                                         _046_ (net)
                      0.000000    0.000000    0.050166 ^ _359_/A (NOR2x1)
     1    0.000080    0.000000    0.000000    0.050166 v _359_/Y (NOR2x1)
                                                         _050_ (net)
                      0.000000    0.000000    0.050166 v _364_/A (NAND2x1)
     1    0.000401    0.000000    0.000000    0.050166 ^ _364_/Y (NAND2x1)
                                                         hd[3] (net)
                      0.000000    0.000019    0.050186 ^ hd[3] (out)
                                              0.050186   data arrival time

                      0.000000    0.000000    0.000000   clock vclk (rise edge)
                                  0.000000    0.000000   clock network delay (ideal)
                                  0.000000    0.000000   clock reconvergence pessimism
                                 -0.050000   -0.050000   output external delay
                                             -0.050000   data required time
---------------------------------------------------------------------------------------------
                                             -0.050000   data required time
                                             -0.050186   data arrival time
---------------------------------------------------------------------------------------------
                                              0.100186   slack (MET)



