                                                                        Cells by Master                                                                         
┏━━━━━━━━━━━━━━━━━━━━━━━━━━━━━━━━━━━━━━━━━━━━━━━━━━━━━━━━━━━━━━━━━━━━━━━━━━━━━━━━━━━━━━━━━━━━━┳━━━━━━━━━━━━━━━━━━━━━━━━━━━━━━━━━━━━━━━━━━━━━━━━━━━━━━━━━━━━━━━━┓
┃ Cell                                                                                        ┃ Count                                                          ┃
┡━━━━━━━━━━━━━━━━━━━━━━━━━━━━━━━━━━━━━━━━━━━━━━━━━━━━━━━━━━━━━━━━━━━━━━━━━━━━━━━━━━━━━━━━━━━━━╇━━━━━━━━━━━━━━━━━━━━━━━━━━━━━━━━━━━━━━━━━━━━━━━━━━━━━━━━━━━━━━━━┩
│ AOI21x1                                                                                     │ 219                                                            │
│ BUFx1                                                                                       │ 39                                                             │
│ ENDCAP_L                                                                                    │ 64                                                             │
│ INVx1                                                                                       │ 467                                                            │
│ NAND2x1                                                                                     │ 392                                                            │
│ NOR2x1                                                                                      │ 421                                                            │
│ OAI21x1                                                                                     │ 308                                                            │
│ TAPx1                                                                                       │ 32                                                             │
│ XNOR2x1                                                                                     │ 64                                                             │
└─────────────────────────────────────────────────────────────────────────────────────────────┴────────────────────────────────────────────────────────────────┘
