
===========================================================================
report_checks -unconstrained
===========================================================================
======================= nom_tt_025C_0v50 Corner ===================================

Startpoint: A[50] (input port clocked by vclk)
Endpoint: hd[4] (output port clocked by vclk)
Path Group: vclk
Path Type: max

Fanout         Cap        Slew       Delay        Time   Description
---------------------------------------------------------------------------------------------
                      0.000000    0.000000    0.000000   clock vclk (rise edge)
                                  0.000000    0.000000   clock network delay (ideal)
                                  0.050000    0.050000 v input external delay
     1    0.000328    0.100000    0.000000    0.050000 v A[50] (in)
                                                         A[50] (net)
                      0.100032    0.000010    0.050010 v _564_/A (XNOR2x1)
     2    0.000351    0.000000    0.000000    0.050010 ^ _564_/Y (XNOR2x1)
                                                         _176_ (net)
                      0.000000    0.000009    0.050019 ^ _569_/A (NOR2x1)
     2    0.018983    0.000000    0.000000    0.050019 v _569_/Y (NOR2x1)
                                                         cell_oh[77] (net)
                      0.000000    0.002261    0.052281 v _570_/A (NOR2x1)
     1    0.018507    0.000000    0.000000    0.052281 ^ _570_/Y (NOR2x1)
                                                         cell_oh[76] (net)
                      0.000000    0.000125    0.052406 ^ xp3_s2l1_12/h1 (XP_3x3_M2M3)
     1    0.030822    0.002000    0.001000    0.053406 ^ xp3_s2l1_12/s2 (XP_3x3_M2M3)
                                                         ps[62] (net)
                      0.002000    0.000210    0.053616 ^ xp5_s2l2_6/v2 (XP_5x5_M2M3)
     2    0.000316    0.002000    0.001000    0.054616 ^ xp5_s2l2_6/s2 (XP_5x5_M2M3)
                                                         boh[56] (net)
                      0.002000    0.000007    0.054623 ^ _733_/B (NOR2x1)
     1    0.000147    0.000000    0.000000    0.054623 v _733_/Y (NOR2x1)
                                                         _284_ (net)
                      0.000000    0.000002    0.054625 v _735_/A (NAND2x1)
     1    0.031530    0.000000    0.000000    0.054625 ^ _735_/Y (NAND2x1)
                                                         hi[18] (net)
                      0.000000    0.003212    0.057837 ^ xp3_hi_l1_3/v0 (XP_3x3_M4M5)
     4    0.000856    0.002000    0.001000    0.058837 ^ xp3_hi_l1_3/s0 (XP_3x3_M4M5)
                                                         hl1[15] (net)
                      0.002000    0.000077    0.058914 ^ xp5h[1].u/_36_/A (INVx1)
     2    0.000231    0.000000    0.000000    0.058914 v xp5h[1].u/_36_/Y (INVx1)
                                                         xp5h[1].u/_08_ (net)
                      0.000000    0.000000    0.058915 v xp5h[1].u/_59_/A (NOR2x1)
     1    0.070711    0.000000    0.000000    0.058915 ^ xp5h[1].u/_59_/Y (NOR2x1)
                                                         xp5h[1].u/sum_bit[0].grid_and (net)
                      0.000000    0.010475    0.069390 ^ xp5h[1].u/_61_/A (BUFx1)
     6    0.001162    0.200000    0.188000    0.257390 ^ xp5h[1].u/_61_/Y (BUFx1)
                                                         hl2[9] (net)
                      0.200000    0.000023    0.257413 ^ u_hi_l3/_101_/A (INVx1)
     4    0.000571    0.000000    0.000000    0.257413 v u_hi_l3/_101_/Y (INVx1)
                                                         u_hi_l3/_043_ (net)
                      0.000000    0.000004    0.257417 v u_hi_l3/_205_/A (NOR2x1)
     1    0.070045    0.000000    0.000000    0.257417 ^ u_hi_l3/_205_/Y (NOR2x1)
                                                         u_hi_l3/sum_bit[0].grid_and (net)
                      0.000000    0.000971    0.258388 ^ u_hi_l3/_207_/A (BUFx1)
     3    0.000526    0.200000    0.188000    0.446388 ^ u_hi_l3/_207_/Y (BUFx1)
                                                         high_sum[0] (net)
                      0.200000    0.000017    0.446405 ^ u_carry/_148_/A (INVx1)
     5    0.000721    0.000000    0.000000    0.446405 v u_carry/_148_/Y (INVx1)
                                                         u_carry/_102_ (net)
                      0.000000    0.000010    0.446415 v u_carry/_183_/A1 (OAI21x1)
     1    0.000176    0.000000    0.000000    0.446415 ^ u_carry/_183_/Y (OAI21x1)
                                                         u_carry/_132_ (net)
                      0.000000    0.000003    0.446418 ^ u_carry/_186_/A (NOR2x1)
     1    0.000103    0.000000    0.000000    0.446418 v u_carry/_186_/Y (NOR2x1)
                                                         u_carry/_135_ (net)
                      0.000000    0.000000    0.446419 v u_carry/_191_/A (NAND2x1)
     2    0.000505    0.000000    0.000000    0.446419 ^ u_carry/_191_/Y (NAND2x1)
                                                         upper[6] (net)
                      0.000000    0.000020    0.446439 ^ _366_/A (NOR2x1)
     1    0.000157    0.000000    0.000000    0.446439 v _366_/Y (NOR2x1)
                                                         _056_ (net)
                      0.000000    0.000002    0.446441 v _367_/A (NAND2x1)
     1    0.000103    0.000000    0.000000    0.446441 ^ _367_/Y (NAND2x1)
                                                         _057_ (net)
                      0.000000    0.000000    0.446442 ^ _368_/B (NOR2x1)
     1    0.000130    0.000000    0.000000    0.446442 v _368_/Y (NOR2x1)
                                                         _058_ (net)
                      0.000000    0.000002    0.446443 v _373_/A (NAND2x1)
     1    0.000153    0.000000    0.000000    0.446443 ^ _373_/Y (NAND2x1)
                                                         hd[4] (net)
                      0.000000    0.000003    0.446446 ^ hd[4] (out)
                                              0.446446   data arrival time

                      0.000000    0.200000    0.200000   clock vclk (rise edge)
                                  0.000000    0.200000   clock network delay (ideal)
                                  0.000000    0.200000   clock reconvergence pessimism
                                 -0.050000    0.150000   output external delay
                                              0.150000   data required time
---------------------------------------------------------------------------------------------
                                              0.150000   data required time
                                             -0.446446   data arrival time
---------------------------------------------------------------------------------------------
                                             -0.296446   slack (VIOLATED)




===========================================================================
report_checks --slack_max -0.01
============================================================================
======================= nom_tt_025C_0v50 Corner ===================================

Startpoint: A[50] (input port clocked by vclk)
Endpoint: hd[4] (output port clocked by vclk)
Path Group: vclk
Path Type: max

Fanout         Cap        Slew       Delay        Time   Description
---------------------------------------------------------------------------------------------
                      0.000000    0.000000    0.000000   clock vclk (rise edge)
                                  0.000000    0.000000   clock network delay (ideal)
                                  0.050000    0.050000 v input external delay
     1    0.000328    0.100000    0.000000    0.050000 v A[50] (in)
                                                         A[50] (net)
                      0.100032    0.000010    0.050010 v _564_/A (XNOR2x1)
     2    0.000351    0.000000    0.000000    0.050010 ^ _564_/Y (XNOR2x1)
                                                         _176_ (net)
                      0.000000    0.000009    0.050019 ^ _569_/A (NOR2x1)
     2    0.018983    0.000000    0.000000    0.050019 v _569_/Y (NOR2x1)
                                                         cell_oh[77] (net)
                      0.000000    0.002261    0.052281 v _570_/A (NOR2x1)
     1    0.018507    0.000000    0.000000    0.052281 ^ _570_/Y (NOR2x1)
                                                         cell_oh[76] (net)
                      0.000000    0.000125    0.052406 ^ xp3_s2l1_12/h1 (XP_3x3_M2M3)
     1    0.030822    0.002000    0.001000    0.053406 ^ xp3_s2l1_12/s2 (XP_3x3_M2M3)
                                                         ps[62] (net)
                      0.002000    0.000210    0.053616 ^ xp5_s2l2_6/v2 (XP_5x5_M2M3)
     2    0.000316    0.002000    0.001000    0.054616 ^ xp5_s2l2_6/s2 (XP_5x5_M2M3)
                                                         boh[56] (net)
                      0.002000    0.000007    0.054623 ^ _733_/B (NOR2x1)
     1    0.000147    0.000000    0.000000    0.054623 v _733_/Y (NOR2x1)
                                                         _284_ (net)
                      0.000000    0.000002    0.054625 v _735_/A (NAND2x1)
     1    0.031530    0.000000    0.000000    0.054625 ^ _735_/Y (NAND2x1)
                                                         hi[18] (net)
                      0.000000    0.003212    0.057837 ^ xp3_hi_l1_3/v0 (XP_3x3_M4M5)
     4    0.000856    0.002000    0.001000    0.058837 ^ xp3_hi_l1_3/s0 (XP_3x3_M4M5)
                                                         hl1[15] (net)
                      0.002000    0.000077    0.058914 ^ xp5h[1].u/_36_/A (INVx1)
     2    0.000231    0.000000    0.000000    0.058914 v xp5h[1].u/_36_/Y (INVx1)
                                                         xp5h[1].u/_08_ (net)
                      0.000000    0.000000    0.058915 v xp5h[1].u/_59_/A (NOR2x1)
     1    0.070711    0.000000    0.000000    0.058915 ^ xp5h[1].u/_59_/Y (NOR2x1)
                                                         xp5h[1].u/sum_bit[0].grid_and (net)
                      0.000000    0.010475    0.069390 ^ xp5h[1].u/_61_/A (BUFx1)
     6    0.001162    0.200000    0.188000    0.257390 ^ xp5h[1].u/_61_/Y (BUFx1)
                                                         hl2[9] (net)
                      0.200000    0.000023    0.257413 ^ u_hi_l3/_101_/A (INVx1)
     4    0.000571    0.000000    0.000000    0.257413 v u_hi_l3/_101_/Y (INVx1)
                                                         u_hi_l3/_043_ (net)
                      0.000000    0.000004    0.257417 v u_hi_l3/_205_/A (NOR2x1)
     1    0.070045    0.000000    0.000000    0.257417 ^ u_hi_l3/_205_/Y (NOR2x1)
                                                         u_hi_l3/sum_bit[0].grid_and (net)
                      0.000000    0.000971    0.258388 ^ u_hi_l3/_207_/A (BUFx1)
     3    0.000526    0.200000    0.188000    0.446388 ^ u_hi_l3/_207_/Y (BUFx1)
                                                         high_sum[0] (net)
                      0.200000    0.000017    0.446405 ^ u_carry/_148_/A (INVx1)
     5    0.000721    0.000000    0.000000    0.446405 v u_carry/_148_/Y (INVx1)
                                                         u_carry/_102_ (net)
                      0.000000    0.000010    0.446415 v u_carry/_183_/A1 (OAI21x1)
     1    0.000176    0.000000    0.000000    0.446415 ^ u_carry/_183_/Y (OAI21x1)
                                                         u_carry/_132_ (net)
                      0.000000    0.000003    0.446418 ^ u_carry/_186_/A (NOR2x1)
     1    0.000103    0.000000    0.000000    0.446418 v u_carry/_186_/Y (NOR2x1)
                                                         u_carry/_135_ (net)
                      0.000000    0.000000    0.446419 v u_carry/_191_/A (NAND2x1)
     2    0.000505    0.000000    0.000000    0.446419 ^ u_carry/_191_/Y (NAND2x1)
                                                         upper[6] (net)
                      0.000000    0.000020    0.446439 ^ _366_/A (NOR2x1)
     1    0.000157    0.000000    0.000000    0.446439 v _366_/Y (NOR2x1)
                                                         _056_ (net)
                      0.000000    0.000002    0.446441 v _367_/A (NAND2x1)
     1    0.000103    0.000000    0.000000    0.446441 ^ _367_/Y (NAND2x1)
                                                         _057_ (net)
                      0.000000    0.000000    0.446442 ^ _368_/B (NOR2x1)
     1    0.000130    0.000000    0.000000    0.446442 v _368_/Y (NOR2x1)
                                                         _058_ (net)
                      0.000000    0.000002    0.446443 v _373_/A (NAND2x1)
     1    0.000153    0.000000    0.000000    0.446443 ^ _373_/Y (NAND2x1)
                                                         hd[4] (net)
                      0.000000    0.000003    0.446446 ^ hd[4] (out)
                                              0.446446   data arrival time

                      0.000000    0.200000    0.200000   clock vclk (rise edge)
                                  0.000000    0.200000   clock network delay (ideal)
                                  0.000000    0.200000   clock reconvergence pessimism
                                 -0.050000    0.150000   output external delay
                                              0.150000   data required time
---------------------------------------------------------------------------------------------
                                              0.150000   data required time
                                             -0.446446   data arrival time
---------------------------------------------------------------------------------------------
                                             -0.296446   slack (VIOLATED)




===========================================================================
 report_check_types -max_slew -max_cap -max_fanout -violators
============================================================================
======================= nom_tt_025C_0v50 Corner ===================================

max capacitance

Pin                                        Limit         Cap       Slack
------------------------------------------------------------------------
xp5h[1].u/_59_/Y                        0.010000    0.070711   -0.060711 (VIOLATED)
xp5h[0].u/_59_/Y                        0.010000    0.070181   -0.060181 (VIOLATED)
xp7[0].u/_127_/Y                        0.010000    0.070060   -0.060060 (VIOLATED)
xp7[1].u/_127_/Y                        0.010000    0.070052   -0.060052 (VIOLATED)
u_hi_l3/_205_/Y                         0.010000    0.070045   -0.060045 (VIOLATED)
u_lo_l3/_451_/Y                         0.010000    0.070029   -0.060029 (VIOLATED)
u_carry/_317_/Y                         0.010000    0.070023   -0.060023 (VIOLATED)
_669_/Y                                 0.010000    0.041865   -0.031865 (VIOLATED)
_708_/Y                                 0.010000    0.041861   -0.031861 (VIOLATED)
_747_/Y                                 0.010000    0.041807   -0.031807 (VIOLATED)
_672_/Y                                 0.010000    0.041806   -0.031806 (VIOLATED)
_678_/Y                                 0.010000    0.041795   -0.031795 (VIOLATED)
_750_/Y                                 0.010000    0.041786   -0.031786 (VIOLATED)
_741_/Y                                 0.010000    0.041778   -0.031778 (VIOLATED)
_711_/Y                                 0.010000    0.041771   -0.031771 (VIOLATED)
_705_/Y                                 0.010000    0.041763   -0.031763 (VIOLATED)
_675_/Y                                 0.010000    0.041761   -0.031761 (VIOLATED)
_744_/Y                                 0.010000    0.041757   -0.031757 (VIOLATED)
_624_/Y                                 0.010000    0.041754   -0.031754 (VIOLATED)
_714_/Y                                 0.010000    0.041750   -0.031750 (VIOLATED)
_633_/Y                                 0.010000    0.041745   -0.031745 (VIOLATED)
_621_/Y                                 0.010000    0.041734   -0.031734 (VIOLATED)
_654_/Y                                 0.010000    0.041725   -0.031725 (VIOLATED)
_636_/Y                                 0.010000    0.041721   -0.031721 (VIOLATED)
_693_/Y                                 0.010000    0.041709   -0.031709 (VIOLATED)
_618_/Y                                 0.010000    0.041707   -0.031707 (VIOLATED)
_732_/Y                                 0.010000    0.041706   -0.031706 (VIOLATED)
_615_/Y                                 0.010000    0.041687   -0.031687 (VIOLATED)
_696_/Y                                 0.010000    0.041676   -0.031676 (VIOLATED)
_729_/Y                                 0.010000    0.041672   -0.031672 (VIOLATED)
_723_/Y                                 0.010000    0.041671   -0.031671 (VIOLATED)
_660_/Y                                 0.010000    0.041669   -0.031669 (VIOLATED)
_726_/Y                                 0.010000    0.041657   -0.031657 (VIOLATED)
_651_/Y                                 0.010000    0.041656   -0.031656 (VIOLATED)
_639_/Y                                 0.010000    0.041649   -0.031649 (VIOLATED)
_690_/Y                                 0.010000    0.041649   -0.031649 (VIOLATED)
_657_/Y                                 0.010000    0.041645   -0.031645 (VIOLATED)
_687_/Y                                 0.010000    0.041641   -0.031641 (VIOLATED)
_642_/Y                                 0.010000    0.041622   -0.031622 (VIOLATED)
_738_/Y                                 0.010000    0.031576   -0.021576 (VIOLATED)
_735_/Y                                 0.010000    0.031530   -0.021530 (VIOLATED)
_630_/Y                                 0.010000    0.031482   -0.021482 (VIOLATED)
_627_/Y                                 0.010000    0.031438   -0.021438 (VIOLATED)
_645_/Y                                 0.010000    0.031375   -0.021375 (VIOLATED)
_702_/Y                                 0.010000    0.031368   -0.021368 (VIOLATED)
_699_/Y                                 0.010000    0.031351   -0.021351 (VIOLATED)
_684_/Y                                 0.010000    0.031342   -0.021342 (VIOLATED)
_756_/Y                                 0.010000    0.031321   -0.021321 (VIOLATED)
_648_/Y                                 0.010000    0.031316   -0.021316 (VIOLATED)
_663_/Y                                 0.010000    0.031314   -0.021314 (VIOLATED)
_753_/Y                                 0.010000    0.031311   -0.021311 (VIOLATED)
_666_/Y                                 0.010000    0.031288   -0.021288 (VIOLATED)
_681_/Y                                 0.010000    0.031276   -0.021276 (VIOLATED)
_720_/Y                                 0.010000    0.031273   -0.021273 (VIOLATED)
_717_/Y                                 0.010000    0.031263   -0.021263 (VIOLATED)
_569_/Y                                 0.010000    0.018983   -0.008983 (VIOLATED)
_568_/Y                                 0.010000    0.018960   -0.008960 (VIOLATED)
_428_/Y                                 0.010000    0.018956   -0.008956 (VIOLATED)
_429_/Y                                 0.010000    0.018917   -0.008917 (VIOLATED)
_422_/Y                                 0.010000    0.018884   -0.008884 (VIOLATED)
_421_/Y                                 0.010000    0.018877   -0.008877 (VIOLATED)
_436_/Y                                 0.010000    0.018862   -0.008862 (VIOLATED)
_435_/Y                                 0.010000    0.018827   -0.008827 (VIOLATED)
_414_/Y                                 0.010000    0.018769   -0.008769 (VIOLATED)
_603_/Y                                 0.010000    0.018767   -0.008767 (VIOLATED)
_548_/Y                                 0.010000    0.018760   -0.008760 (VIOLATED)
_520_/Y                                 0.010000    0.018736   -0.008736 (VIOLATED)
_610_/Y                                 0.010000    0.018735   -0.008735 (VIOLATED)
_526_/Y                                 0.010000    0.018730   -0.008730 (VIOLATED)
_519_/Y                                 0.010000    0.018729   -0.008729 (VIOLATED)
_415_/Y                                 0.010000    0.018729   -0.008729 (VIOLATED)
_442_/Y                                 0.010000    0.018727   -0.008727 (VIOLATED)
_561_/Y                                 0.010000    0.018726   -0.008726 (VIOLATED)
_597_/Y                                 0.010000    0.018724   -0.008724 (VIOLATED)
_596_/Y                                 0.010000    0.018719   -0.008719 (VIOLATED)
_513_/Y                                 0.010000    0.018718   -0.008718 (VIOLATED)
_547_/Y                                 0.010000    0.018717   -0.008717 (VIOLATED)
_611_/Y                                 0.010000    0.018715   -0.008715 (VIOLATED)
_408_/Y                                 0.010000    0.018713   -0.008713 (VIOLATED)
_443_/Y                                 0.010000    0.018709   -0.008709 (VIOLATED)
_394_/Y                                 0.010000    0.018708   -0.008708 (VIOLATED)
_492_/Y                                 0.010000    0.018705   -0.008705 (VIOLATED)
_401_/Y                                 0.010000    0.018705   -0.008705 (VIOLATED)
_484_/Y                                 0.010000    0.018697   -0.008697 (VIOLATED)
_393_/Y                                 0.010000    0.018696   -0.008696 (VIOLATED)
_407_/Y                                 0.010000    0.018696   -0.008696 (VIOLATED)
_604_/Y                                 0.010000    0.018695   -0.008695 (VIOLATED)
_527_/Y                                 0.010000    0.018691   -0.008691 (VIOLATED)
_562_/Y                                 0.010000    0.018690   -0.008690 (VIOLATED)
_534_/Y                                 0.010000    0.018689   -0.008689 (VIOLATED)
_575_/Y                                 0.010000    0.018677   -0.008677 (VIOLATED)
_533_/Y                                 0.010000    0.018676   -0.008676 (VIOLATED)
_498_/Y                                 0.010000    0.018675   -0.008675 (VIOLATED)
_583_/Y                                 0.010000    0.018670   -0.008670 (VIOLATED)
_400_/Y                                 0.010000    0.018670   -0.008670 (VIOLATED)
_491_/Y                                 0.010000    0.018669   -0.008669 (VIOLATED)
_506_/Y                                 0.010000    0.018656   -0.008656 (VIOLATED)
_582_/Y                                 0.010000    0.018655   -0.008655 (VIOLATED)
_485_/Y                                 0.010000    0.018655   -0.008655 (VIOLATED)
_612_/Y                                 0.010000    0.018654   -0.008654 (VIOLATED)
_505_/Y                                 0.010000    0.018654   -0.008654 (VIOLATED)
_471_/Y                                 0.010000    0.018653   -0.008653 (VIOLATED)
_499_/Y                                 0.010000    0.018653   -0.008653 (VIOLATED)
_464_/Y                                 0.010000    0.018641   -0.008641 (VIOLATED)
_576_/Y                                 0.010000    0.018641   -0.008641 (VIOLATED)
_555_/Y                                 0.010000    0.018641   -0.008641 (VIOLATED)
_512_/Y                                 0.010000    0.018640   -0.008640 (VIOLATED)
_450_/Y                                 0.010000    0.018636   -0.008636 (VIOLATED)
_554_/Y                                 0.010000    0.018634   -0.008634 (VIOLATED)
_590_/Y                                 0.010000    0.018633   -0.008633 (VIOLATED)
_605_/Y                                 0.010000    0.018628   -0.008628 (VIOLATED)
_589_/Y                                 0.010000    0.018626   -0.008626 (VIOLATED)
_470_/Y                                 0.010000    0.018626   -0.008626 (VIOLATED)
_540_/Y                                 0.010000    0.018620   -0.008620 (VIOLATED)
_463_/Y                                 0.010000    0.018614   -0.008614 (VIOLATED)
_456_/Y                                 0.010000    0.018614   -0.008614 (VIOLATED)
_477_/Y                                 0.010000    0.018609   -0.008609 (VIOLATED)
_449_/Y                                 0.010000    0.018604   -0.008604 (VIOLATED)
_521_/Y                                 0.010000    0.018604   -0.008604 (VIOLATED)
_478_/Y                                 0.010000    0.018602   -0.008602 (VIOLATED)
_430_/Y                                 0.010000    0.018601   -0.008601 (VIOLATED)
_549_/Y                                 0.010000    0.018596   -0.008596 (VIOLATED)
_541_/Y                                 0.010000    0.018591   -0.008591 (VIOLATED)
_457_/Y                                 0.010000    0.018587   -0.008587 (VIOLATED)
_395_/Y                                 0.010000    0.018582   -0.008582 (VIOLATED)
_402_/Y                                 0.010000    0.018578   -0.008578 (VIOLATED)
_423_/Y                                 0.010000    0.018574   -0.008574 (VIOLATED)
_416_/Y                                 0.010000    0.018571   -0.008571 (VIOLATED)
_528_/Y                                 0.010000    0.018571   -0.008571 (VIOLATED)
_598_/Y                                 0.010000    0.018571   -0.008571 (VIOLATED)
_409_/Y                                 0.010000    0.018553   -0.008553 (VIOLATED)
_563_/Y                                 0.010000    0.018544   -0.008544 (VIOLATED)
_556_/Y                                 0.010000    0.018541   -0.008541 (VIOLATED)
_591_/Y                                 0.010000    0.018537   -0.008537 (VIOLATED)
_437_/Y                                 0.010000    0.018529   -0.008529 (VIOLATED)
_535_/Y                                 0.010000    0.018526   -0.008526 (VIOLATED)
_514_/Y                                 0.010000    0.018513   -0.008513 (VIOLATED)
_444_/Y                                 0.010000    0.018509   -0.008509 (VIOLATED)
_458_/Y                                 0.010000    0.018507   -0.008507 (VIOLATED)
_486_/Y                                 0.010000    0.018507   -0.008507 (VIOLATED)
_584_/Y                                 0.010000    0.018507   -0.008507 (VIOLATED)
_570_/Y                                 0.010000    0.018507   -0.008507 (VIOLATED)
_451_/Y                                 0.010000    0.018504   -0.008504 (VIOLATED)
_479_/Y                                 0.010000    0.018504   -0.008504 (VIOLATED)
_507_/Y                                 0.010000    0.018504   -0.008504 (VIOLATED)
_577_/Y                                 0.010000    0.018504   -0.008504 (VIOLATED)
_542_/Y                                 0.010000    0.018504   -0.008504 (VIOLATED)
_465_/Y                                 0.010000    0.018499   -0.008499 (VIOLATED)
_493_/Y                                 0.010000    0.018499   -0.008499 (VIOLATED)
_500_/Y                                 0.010000    0.018499   -0.008499 (VIOLATED)
_472_/Y                                 0.010000    0.018494   -0.008494 (VIOLATED)



===========================================================================
report_parasitic_annotation -report_unannotated
============================================================================
Found 1 unannotated drivers.
 u_carry/_319_/Y
Found 0 partially unannotated drivers.

===========================================================================
max slew violation count 0
Writing metric design__max_slew_violation__count__corner:nom_tt_025C_0v50: 0
max fanout violation count 0
Writing metric design__max_fanout_violation__count__corner:nom_tt_025C_0v50: 0
max cap violation count 151
Writing metric design__max_cap_violation__count__corner:nom_tt_025C_0v50: 151
============================================================================

===========================================================================
check_setup -verbose -unconstrained_endpoints -multiple_clock -no_clock -no_input_delay -loops -generated_clocks
===========================================================================
