
===========================================================================
report_checks -path_delay max (Setup)
============================================================================
======================= nom_tt_025C_0v50 Corner ===================================

Startpoint: A[50] (input port clocked by vclk)
Endpoint: hd[4] (output port clocked by vclk)
Path Group: vclk
Path Type: max

Fanout         Cap        Slew       Delay        Time   Description
---------------------------------------------------------------------------------------------
                      0.000000    0.000000    0.000000   clock vclk (rise edge)
                                  0.000000    0.000000   clock network delay (ideal)
                                  0.050000    0.050000 v input external delay
     1    0.000328    0.100000    0.000000    0.050000 v A[50] (in)
                                                         A[50] (net)
                      0.100032    0.000010    0.050010 v _564_/A (XNOR2x1)
     2    0.000351    0.000000    0.000000    0.050010 ^ _564_/Y (XNOR2x1)
                                                         _176_ (net)
                      0.000000    0.000009    0.050019 ^ _569_/A (NOR2x1)
     2    0.018983    0.000000    0.000000    0.050019 v _569_/Y (NOR2x1)
                                                         cell_oh[77] (net)
                      0.000000    0.002261    0.052281 v _570_/A (NOR2x1)
     1    0.018507    0.000000    0.000000    0.052281 ^ _570_/Y (NOR2x1)
                                                         cell_oh[76] (net)
                      0.000000    0.000125    0.052406 ^ xp3_s2l1_12/h1 (XP_3x3_M2M3)
     1    0.030822    0.002000    0.001000    0.053406 ^ xp3_s2l1_12/s2 (XP_3x3_M2M3)
                                                         ps[62] (net)
                      0.002000    0.000210    0.053616 ^ xp5_s2l2_6/v2 (XP_5x5_M2M3)
     2    0.000316    0.002000    0.001000    0.054616 ^ xp5_s2l2_6/s2 (XP_5x5_M2M3)
                                                         boh[56] (net)
                      0.002000    0.000007    0.054623 ^ _733_/B (NOR2x1)
     1    0.000147    0.000000    0.000000    0.054623 v _733_/Y (NOR2x1)
                                                         _284_ (net)
                      0.000000    0.000002    0.054625 v _735_/A (NAND2x1)
     1    0.031530    0.000000    0.000000    0.054625 ^ _735_/Y (NAND2x1)
                                                         hi[18] (net)
                      0.000000    0.003212    0.057837 ^ xp3_hi_l1_3/v0 (XP_3x3_M4M5)
     4    0.000856    0.002000    0.001000    0.058837 ^ xp3_hi_l1_3/s0 (XP_3x3_M4M5)
                                                         hl1[15] (net)
                      0.002000    0.000077    0.058914 ^ xp5h[1].u/_36_/A (INVx1)
     2    0.000231    0.000000    0.000000    0.058914 v xp5h[1].u/_36_/Y (INVx1)
                                                         xp5h[1].u/_08_ (net)
                      0.000000    0.000000    0.058915 v xp5h[1].u/_59_/A (NOR2x1)
     1    0.070711    0.000000    0.000000    0.058915 ^ xp5h[1].u/_59_/Y (NOR2x1)
                                                         xp5h[1].u/sum_bit[0].grid_and (net)
                      0.000000    0.010475    0.069390 ^ xp5h[1].u/_61_/A (BUFx1)
     6    0.001162    0.200000    0.188000    0.257390 ^ xp5h[1].u/_61_/Y (BUFx1)
                                                         hl2[9] (net)
                      0.200000    0.000023    0.257413 ^ u_hi_l3/_101_/A (INVx1)
     4    0.000571    0.000000    0.000000    0.257413 v u_hi_l3/_101_/Y (INVx1)
                                                         u_hi_l3/_043_ (net)
                      0.000000    0.000004    0.257417 v u_hi_l3/_205_/A (NOR2x1)
     1    0.070045    0.000000    0.000000    0.257417 ^ u_hi_l3/_205_/Y (NOR2x1)
                                                         u_hi_l3/sum_bit[0].grid_and (net)
                      0.000000    0.000971    0.258388 ^ u_hi_l3/_207_/A (BUFx1)
     3    0.000526    0.200000    0.188000    0.446388 ^ u_hi_l3/_207_/Y (BUFx1)
                                                         high_sum[0] (net)
                      0.200000    0.000017    0.446405 ^ u_carry/_148_/A (INVx1)
     5    0.000721    0.000000    0.000000    0.446405 v u_carry/_148_/Y (INVx1)
                                                         u_carry/_102_ (net)
                      0.000000    0.000010    0.446415 v u_carry/_183_/A1 (OAI21x1)
     1    0.000176    0.000000    0.000000    0.446415 ^ u_carry/_183_/Y (OAI21x1)
                                                         u_carry/_132_ (net)
                      0.000000    0.000003    0.446418 ^ u_carry/_186_/A (NOR2x1)
     1    0.000103    0.000000    0.000000    0.446418 v u_carry/_186_/Y (NOR2x1)
                                                         u_carry/_135_ (net)
                      0.000000    0.000000    0.446419 v u_carry/_191_/A (NAND2x1)
     2    0.000505    0.000000    0.000000    0.446419 ^ u_carry/_191_/Y (NAND2x1)
                                                         upper[6] (net)
                      0.000000    0.000020    0.446439 ^ _366_/A (NOR2x1)
     1    0.000157    0.000000    0.000000    0.446439 v _366_/Y (NOR2x1)
                                                         _056_ (net)
                      0.000000    0.000002    0.446441 v _367_/A (NAND2x1)
     1    0.000103    0.000000    0.000000    0.446441 ^ _367_/Y (NAND2x1)
                                                         _057_ (net)
                      0.000000    0.000000    0.446442 ^ _368_/B (NOR2x1)
     1    0.000130    0.000000    0.000000    0.446442 v _368_/Y (NOR2x1)
                                                         _058_ (net)
                      0.000000    0.000002    0.446443 v _373_/A (NAND2x1)
     1    0.000153    0.000000    0.000000    0.446443 ^ _373_/Y (NAND2x1)
                                                         hd[4] (net)
                      0.000000    0.000003    0.446446 ^ hd[4] (out)
                                              0.446446   data arrival time

                      0.000000    0.200000    0.200000   clock vclk (rise edge)
                                  0.000000    0.200000   clock network delay (ideal)
                                  0.000000    0.200000   clock reconvergence pessimism
                                 -0.050000    0.150000   output external delay
                                              0.150000   data required time
---------------------------------------------------------------------------------------------
                                              0.150000   data required time
                                             -0.446446   data arrival time
---------------------------------------------------------------------------------------------
                                             -0.296446   slack (VIOLATED)


Startpoint: A[50] (input port clocked by vclk)
Endpoint: hd[3] (output port clocked by vclk)
Path Group: vclk
Path Type: max

Fanout         Cap        Slew       Delay        Time   Description
---------------------------------------------------------------------------------------------
                      0.000000    0.000000    0.000000   clock vclk (rise edge)
                                  0.000000    0.000000   clock network delay (ideal)
                                  0.050000    0.050000 v input external delay
     1    0.000328    0.100000    0.000000    0.050000 v A[50] (in)
                                                         A[50] (net)
                      0.100032    0.000010    0.050010 v _564_/A (XNOR2x1)
     2    0.000351    0.000000    0.000000    0.050010 ^ _564_/Y (XNOR2x1)
                                                         _176_ (net)
                      0.000000    0.000009    0.050019 ^ _569_/A (NOR2x1)
     2    0.018983    0.000000    0.000000    0.050019 v _569_/Y (NOR2x1)
                                                         cell_oh[77] (net)
                      0.000000    0.002261    0.052281 v _570_/A (NOR2x1)
     1    0.018507    0.000000    0.000000    0.052281 ^ _570_/Y (NOR2x1)
                                                         cell_oh[76] (net)
                      0.000000    0.000125    0.052406 ^ xp3_s2l1_12/h1 (XP_3x3_M2M3)
     1    0.030822    0.002000    0.001000    0.053406 ^ xp3_s2l1_12/s2 (XP_3x3_M2M3)
                                                         ps[62] (net)
                      0.002000    0.000210    0.053616 ^ xp5_s2l2_6/v2 (XP_5x5_M2M3)
     2    0.000316    0.002000    0.001000    0.054616 ^ xp5_s2l2_6/s2 (XP_5x5_M2M3)
                                                         boh[56] (net)
                      0.002000    0.000007    0.054623 ^ _733_/B (NOR2x1)
     1    0.000147    0.000000    0.000000    0.054623 v _733_/Y (NOR2x1)
                                                         _284_ (net)
                      0.000000    0.000002    0.054625 v _735_/A (NAND2x1)
     1    0.031530    0.000000    0.000000    0.054625 ^ _735_/Y (NAND2x1)
                                                         hi[18] (net)
                      0.000000    0.003212    0.057837 ^ xp3_hi_l1_3/v0 (XP_3x3_M4M5)
     4    0.000856    0.002000    0.001000    0.058837 ^ xp3_hi_l1_3/s0 (XP_3x3_M4M5)
                                                         hl1[15] (net)
                      0.002000    0.000077    0.058914 ^ xp5h[1].u/_36_/A (INVx1)
     2    0.000231    0.000000    0.000000    0.058914 v xp5h[1].u/_36_/Y (INVx1)
                                                         xp5h[1].u/_08_ (net)
                      0.000000    0.000000    0.058915 v xp5h[1].u/_59_/A (NOR2x1)
     1    0.070711    0.000000    0.000000    0.058915 ^ xp5h[1].u/_59_/Y (NOR2x1)
                                                         xp5h[1].u/sum_bit[0].grid_and (net)
                      0.000000    0.010475    0.069390 ^ xp5h[1].u/_61_/A (BUFx1)
     6    0.001162    0.200000    0.188000    0.257390 ^ xp5h[1].u/_61_/Y (BUFx1)
                                                         hl2[9] (net)
                      0.200000    0.000023    0.257413 ^ u_hi_l3/_101_/A (INVx1)
     4    0.000571    0.000000    0.000000    0.257413 v u_hi_l3/_101_/Y (INVx1)
                                                         u_hi_l3/_043_ (net)
                      0.000000    0.000004    0.257417 v u_hi_l3/_205_/A (NOR2x1)
     1    0.070045    0.000000    0.000000    0.257417 ^ u_hi_l3/_205_/Y (NOR2x1)
                                                         u_hi_l3/sum_bit[0].grid_and (net)
                      0.000000    0.000971    0.258388 ^ u_hi_l3/_207_/A (BUFx1)
     3    0.000526    0.200000    0.188000    0.446388 ^ u_hi_l3/_207_/Y (BUFx1)
                                                         high_sum[0] (net)
                      0.200000    0.000017    0.446405 ^ u_carry/_148_/A (INVx1)
     5    0.000721    0.000000    0.000000    0.446405 v u_carry/_148_/Y (INVx1)
                                                         u_carry/_102_ (net)
                      0.000000    0.000010    0.446415 v u_carry/_183_/A1 (OAI21x1)
     1    0.000176    0.000000    0.000000    0.446415 ^ u_carry/_183_/Y (OAI21x1)
                                                         u_carry/_132_ (net)
                      0.000000    0.000003    0.446418 ^ u_carry/_186_/A (NOR2x1)
     1    0.000103    0.000000    0.000000    0.446418 v u_carry/_186_/Y (NOR2x1)
                                                         u_carry/_135_ (net)
                      0.000000    0.000000    0.446419 v u_carry/_191_/A (NAND2x1)
     2    0.000505    0.000000    0.000000    0.446419 ^ u_carry/_191_/Y (NAND2x1)
                                                         upper[6] (net)
                      0.000000    0.000021    0.446440 ^ _361_/A (INVx1)
     1    0.000125    0.000000    0.000000    0.446440 v _361_/Y (INVx1)
                                                         _052_ (net)
                      0.000000    0.000002    0.446441 v _362_/B (NAND2x1)
     1    0.000130    0.000000    0.000000    0.446441 ^ _362_/Y (NAND2x1)
                                                         _053_ (net)
                      0.000000    0.000002    0.446443 ^ _363_/A (NOR2x1)
     1    0.000113    0.000000    0.000000    0.446443 v _363_/Y (NOR2x1)
                                                         _054_ (net)
                      0.000000    0.000000    0.446444 v _364_/B (NAND2x1)
     1    0.000086    0.000000    0.000000    0.446444 ^ _364_/Y (NAND2x1)
                                                         hd[3] (net)
                      0.000000    0.000000    0.446445 ^ hd[3] (out)
                                              0.446445   data arrival time

                      0.000000    0.200000    0.200000   clock vclk (rise edge)
                                  0.000000    0.200000   clock network delay (ideal)
                                  0.000000    0.200000   clock reconvergence pessimism
                                 -0.050000    0.150000   output external delay
                                              0.150000   data required time
---------------------------------------------------------------------------------------------
                                              0.150000   data required time
                                             -0.446445   data arrival time
---------------------------------------------------------------------------------------------
                                             -0.296445   slack (VIOLATED)


Startpoint: A[50] (input port clocked by vclk)
Endpoint: hd[2] (output port clocked by vclk)
Path Group: vclk
Path Type: max

Fanout         Cap        Slew       Delay        Time   Description
---------------------------------------------------------------------------------------------
                      0.000000    0.000000    0.000000   clock vclk (rise edge)
                                  0.000000    0.000000   clock network delay (ideal)
                                  0.050000    0.050000 v input external delay
     1    0.000328    0.100000    0.000000    0.050000 v A[50] (in)
                                                         A[50] (net)
                      0.100032    0.000010    0.050010 v _564_/A (XNOR2x1)
     2    0.000351    0.000000    0.000000    0.050010 ^ _564_/Y (XNOR2x1)
                                                         _176_ (net)
                      0.000000    0.000009    0.050019 ^ _569_/A (NOR2x1)
     2    0.018983    0.000000    0.000000    0.050019 v _569_/Y (NOR2x1)
                                                         cell_oh[77] (net)
                      0.000000    0.002261    0.052281 v _570_/A (NOR2x1)
     1    0.018507    0.000000    0.000000    0.052281 ^ _570_/Y (NOR2x1)
                                                         cell_oh[76] (net)
                      0.000000    0.000125    0.052406 ^ xp3_s2l1_12/h1 (XP_3x3_M2M3)
     1    0.030822    0.002000    0.001000    0.053406 ^ xp3_s2l1_12/s2 (XP_3x3_M2M3)
                                                         ps[62] (net)
                      0.002000    0.000210    0.053616 ^ xp5_s2l2_6/v2 (XP_5x5_M2M3)
     2    0.000316    0.002000    0.001000    0.054616 ^ xp5_s2l2_6/s2 (XP_5x5_M2M3)
                                                         boh[56] (net)
                      0.002000    0.000007    0.054623 ^ _733_/B (NOR2x1)
     1    0.000147    0.000000    0.000000    0.054623 v _733_/Y (NOR2x1)
                                                         _284_ (net)
                      0.000000    0.000002    0.054625 v _735_/A (NAND2x1)
     1    0.031530    0.000000    0.000000    0.054625 ^ _735_/Y (NAND2x1)
                                                         hi[18] (net)
                      0.000000    0.003212    0.057837 ^ xp3_hi_l1_3/v0 (XP_3x3_M4M5)
     4    0.000856    0.002000    0.001000    0.058837 ^ xp3_hi_l1_3/s0 (XP_3x3_M4M5)
                                                         hl1[15] (net)
                      0.002000    0.000077    0.058914 ^ xp5h[1].u/_36_/A (INVx1)
     2    0.000231    0.000000    0.000000    0.058914 v xp5h[1].u/_36_/Y (INVx1)
                                                         xp5h[1].u/_08_ (net)
                      0.000000    0.000000    0.058915 v xp5h[1].u/_59_/A (NOR2x1)
     1    0.070711    0.000000    0.000000    0.058915 ^ xp5h[1].u/_59_/Y (NOR2x1)
                                                         xp5h[1].u/sum_bit[0].grid_and (net)
                      0.000000    0.010475    0.069390 ^ xp5h[1].u/_61_/A (BUFx1)
     6    0.001162    0.200000    0.188000    0.257390 ^ xp5h[1].u/_61_/Y (BUFx1)
                                                         hl2[9] (net)
                      0.200000    0.000023    0.257413 ^ u_hi_l3/_101_/A (INVx1)
     4    0.000571    0.000000    0.000000    0.257413 v u_hi_l3/_101_/Y (INVx1)
                                                         u_hi_l3/_043_ (net)
                      0.000000    0.000004    0.257417 v u_hi_l3/_205_/A (NOR2x1)
     1    0.070045    0.000000    0.000000    0.257417 ^ u_hi_l3/_205_/Y (NOR2x1)
                                                         u_hi_l3/sum_bit[0].grid_and (net)
                      0.000000    0.000971    0.258388 ^ u_hi_l3/_207_/A (BUFx1)
     3    0.000526    0.200000    0.188000    0.446388 ^ u_hi_l3/_207_/Y (BUFx1)
                                                         high_sum[0] (net)
                      0.200000    0.000017    0.446405 ^ u_carry/_148_/A (INVx1)
     5    0.000721    0.000000    0.000000    0.446405 v u_carry/_148_/Y (INVx1)
                                                         u_carry/_102_ (net)
                      0.000000    0.000015    0.446420 v u_carry/_162_/A1 (OAI21x1)
     2    0.000231    0.000000    0.000000    0.446420 ^ u_carry/_162_/Y (OAI21x1)
                                                         upper[3] (net)
                      0.000000    0.000003    0.446422 ^ _349_/B (NOR2x1)
     1    0.000134    0.000000    0.000000    0.446422 v _349_/Y (NOR2x1)
                                                         _041_ (net)
                      0.000000    0.000002    0.446424 v _350_/B (NAND2x1)
     1    0.000358    0.000000    0.000000    0.446424 ^ _350_/Y (NAND2x1)
                                                         _042_ (net)
                      0.000000    0.000013    0.446437 ^ _351_/B (NOR2x1)
     1    0.000145    0.000000    0.000000    0.446437 v _351_/Y (NOR2x1)
                                                         _043_ (net)
                      0.000000    0.000002    0.446439 v _352_/B (NAND2x1)
     1    0.000153    0.000000    0.000000    0.446439 ^ _352_/Y (NAND2x1)
                                                         hd[2] (net)
                      0.000000    0.000003    0.446442 ^ hd[2] (out)
                                              0.446442   data arrival time

                      0.000000    0.200000    0.200000   clock vclk (rise edge)
                                  0.000000    0.200000   clock network delay (ideal)
                                  0.000000    0.200000   clock reconvergence pessimism
                                 -0.050000    0.150000   output external delay
                                              0.150000   data required time
---------------------------------------------------------------------------------------------
                                              0.150000   data required time
                                             -0.446442   data arrival time
---------------------------------------------------------------------------------------------
                                             -0.296442   slack (VIOLATED)


Startpoint: B[12] (input port clocked by vclk)
Endpoint: hd[5] (output port clocked by vclk)
Path Group: vclk
Path Type: max

Fanout         Cap        Slew       Delay        Time   Description
---------------------------------------------------------------------------------------------
                      0.000000    0.000000    0.000000   clock vclk (rise edge)
                                  0.000000    0.000000   clock network delay (ideal)
                                  0.050000    0.050000 v input external delay
     1    0.000269    0.100000    0.000000    0.050000 v B[12] (in)
                                                         B[12] (net)
                      0.100021    0.000007    0.050007 v _431_/B (XNOR2x1)
     2    0.000242    0.000000    0.000000    0.050007 v _431_/Y (XNOR2x1)
                                                         _100_ (net)
                      0.000000    0.000005    0.050012 v _436_/A (NOR2x1)
     2    0.018862    0.000000    0.000000    0.050012 ^ _436_/Y (NOR2x1)
                                                         cell_oh[20] (net)
                      0.000000    0.001648    0.051660 ^ xp3_s2l1_3/v2 (XP_3x3_M2M3)
     1    0.030989    0.002000    0.001000    0.052660 ^ xp3_s2l1_3/s4 (XP_3x3_M2M3)
                                                         ps[19] (net)
                      0.002000    0.001781    0.054441 ^ xp5_s2l2_1/h4 (XP_5x5_M2M3)
     2    0.031529    0.002000    0.001000    0.055441 ^ xp5_s2l2_1/s8 (XP_5x5_M2M3)
                                                         boh[17] (net)
                      0.002000    0.000849    0.056290 ^ _632_/A (INVx1)
     1    0.000160    0.000000    0.000000    0.056290 v _632_/Y (INVx1)
                                                         _217_ (net)
                      0.000000    0.000003    0.056292 v _633_/B (NAND2x1)
     1    0.041745    0.000000    0.000000    0.056292 ^ _633_/Y (NAND2x1)
                                                         lo[4] (net)
                      0.000000    0.001839    0.058132 ^ xp4_lo_l1_0/h0 (XP_4x4_M4M5)
     4    0.000813    0.002000    0.001000    0.059132 ^ xp4_lo_l1_0/s0 (XP_4x4_M4M5)
                                                         ll1[0] (net)
                      0.002000    0.000050    0.059182 ^ xp7[0].u/_058_/A (INVx1)
     4    0.000549    0.000000    0.000000    0.059182 v xp7[0].u/_058_/Y (INVx1)
                                                         xp7[0].u/_000_ (net)
                      0.000000    0.000007    0.059189 v xp7[0].u/_127_/B (NOR2x1)
     1    0.070060    0.000000    0.000000    0.059189 ^ xp7[0].u/_127_/Y (NOR2x1)
                                                         xp7[0].u/sum_bit[0].grid_and (net)
                      0.000000    0.001168    0.060357 ^ xp7[0].u/_129_/A (BUFx1)
     6    0.001875    0.200000    0.188000    0.248357 ^ xp7[0].u/_129_/Y (BUFx1)
                                                         ll2[0] (net)
                      0.200000    0.000332    0.248689 ^ u_lo_l3/_214_/A (INVx1)
     8    0.001384    0.000000    0.000000    0.248689 v u_lo_l3/_214_/Y (INVx1)
                                                         u_lo_l3/_172_ (net)
                      0.000000    0.000025    0.248714 v u_lo_l3/_451_/B (NOR2x1)
     1    0.070029    0.000000    0.000000    0.248714 ^ u_lo_l3/_451_/Y (NOR2x1)
                                                         u_lo_l3/sum_bit[0].grid_and (net)
                      0.000000    0.000609    0.249323 ^ u_lo_l3/_453_/A (BUFx1)
     1    0.000095    0.200000    0.188000    0.437323 ^ u_lo_l3/_453_/Y (BUFx1)
                                                         low_sum[0] (net)
                      0.200000    0.000000    0.437323 ^ _301_/B (NOR2x1)
     1    0.000142    0.000000    0.000000    0.437323 v _301_/Y (NOR2x1)
                                                         _001_ (net)
                      0.000000    0.000002    0.437325 v _302_/B (NAND2x1)
    15    0.003101    0.000000    0.000000    0.437325 ^ _302_/Y (NAND2x1)
                                                         carry[0] (net)
                      0.000000    0.000333    0.437659 ^ u_carry/_229_/A1 (AOI21x1)
     1    0.000108    0.000000    0.000000    0.437659 v u_carry/_229_/Y (AOI21x1)
                                                         u_carry/_026_ (net)
                      0.000000    0.000000    0.437659 v u_carry/_230_/B (NAND2x1)
     1    0.000122    0.000000    0.000000    0.437659 ^ u_carry/_230_/Y (NAND2x1)
                                                         upper[10] (net)
                      0.000000    0.000001    0.437660 ^ _360_/A (INVx1)
     2    0.000481    0.000000    0.000000    0.437660 v _360_/Y (INVx1)
                                                         _051_ (net)
                      0.000000    0.000028    0.437688 v _377_/B (NAND2x1)
     1    0.000113    0.000000    0.000000    0.437688 ^ _377_/Y (NAND2x1)
                                                         _066_ (net)
                      0.000000    0.000000    0.437689 ^ _378_/B (NOR2x1)
     1    0.000104    0.000000    0.000000    0.437689 v _378_/Y (NOR2x1)
                                                         _067_ (net)
                      0.000000    0.000000    0.437690 v _380_/A (NAND2x1)
     1    0.000085    0.000000    0.000000    0.437690 ^ _380_/Y (NAND2x1)
                                                         hd[5] (net)
                      0.000000    0.000000    0.437690 ^ hd[5] (out)
                                              0.437690   data arrival time

                      0.000000    0.200000    0.200000   clock vclk (rise edge)
                                  0.000000    0.200000   clock network delay (ideal)
                                  0.000000    0.200000   clock reconvergence pessimism
                                 -0.050000    0.150000   output external delay
                                              0.150000   data required time
---------------------------------------------------------------------------------------------
                                              0.150000   data required time
                                             -0.437690   data arrival time
---------------------------------------------------------------------------------------------
                                             -0.287690   slack (VIOLATED)


Startpoint: B[12] (input port clocked by vclk)
Endpoint: hd[6] (output port clocked by vclk)
Path Group: vclk
Path Type: max

Fanout         Cap        Slew       Delay        Time   Description
---------------------------------------------------------------------------------------------
                      0.000000    0.000000    0.000000   clock vclk (rise edge)
                                  0.000000    0.000000   clock network delay (ideal)
                                  0.050000    0.050000 v input external delay
     1    0.000269    0.100000    0.000000    0.050000 v B[12] (in)
                                                         B[12] (net)
                      0.100021    0.000007    0.050007 v _431_/B (XNOR2x1)
     2    0.000242    0.000000    0.000000    0.050007 v _431_/Y (XNOR2x1)
                                                         _100_ (net)
                      0.000000    0.000005    0.050012 v _436_/A (NOR2x1)
     2    0.018862    0.000000    0.000000    0.050012 ^ _436_/Y (NOR2x1)
                                                         cell_oh[20] (net)
                      0.000000    0.001648    0.051660 ^ xp3_s2l1_3/v2 (XP_3x3_M2M3)
     1    0.030989    0.002000    0.001000    0.052660 ^ xp3_s2l1_3/s4 (XP_3x3_M2M3)
                                                         ps[19] (net)
                      0.002000    0.001781    0.054441 ^ xp5_s2l2_1/h4 (XP_5x5_M2M3)
     2    0.031529    0.002000    0.001000    0.055441 ^ xp5_s2l2_1/s8 (XP_5x5_M2M3)
                                                         boh[17] (net)
                      0.002000    0.000849    0.056290 ^ _632_/A (INVx1)
     1    0.000160    0.000000    0.000000    0.056290 v _632_/Y (INVx1)
                                                         _217_ (net)
                      0.000000    0.000003    0.056292 v _633_/B (NAND2x1)
     1    0.041745    0.000000    0.000000    0.056292 ^ _633_/Y (NAND2x1)
                                                         lo[4] (net)
                      0.000000    0.001839    0.058132 ^ xp4_lo_l1_0/h0 (XP_4x4_M4M5)
     4    0.000813    0.002000    0.001000    0.059132 ^ xp4_lo_l1_0/s0 (XP_4x4_M4M5)
                                                         ll1[0] (net)
                      0.002000    0.000050    0.059182 ^ xp7[0].u/_058_/A (INVx1)
     4    0.000549    0.000000    0.000000    0.059182 v xp7[0].u/_058_/Y (INVx1)
                                                         xp7[0].u/_000_ (net)
                      0.000000    0.000007    0.059189 v xp7[0].u/_127_/B (NOR2x1)
     1    0.070060    0.000000    0.000000    0.059189 ^ xp7[0].u/_127_/Y (NOR2x1)
                                                         xp7[0].u/sum_bit[0].grid_and (net)
                      0.000000    0.001168    0.060357 ^ xp7[0].u/_129_/A (BUFx1)
     6    0.001875    0.200000    0.188000    0.248357 ^ xp7[0].u/_129_/Y (BUFx1)
                                                         ll2[0] (net)
                      0.200000    0.000332    0.248689 ^ u_lo_l3/_214_/A (INVx1)
     8    0.001384    0.000000    0.000000    0.248689 v u_lo_l3/_214_/Y (INVx1)
                                                         u_lo_l3/_172_ (net)
                      0.000000    0.000025    0.248714 v u_lo_l3/_451_/B (NOR2x1)
     1    0.070029    0.000000    0.000000    0.248714 ^ u_lo_l3/_451_/Y (NOR2x1)
                                                         u_lo_l3/sum_bit[0].grid_and (net)
                      0.000000    0.000609    0.249323 ^ u_lo_l3/_453_/A (BUFx1)
     1    0.000095    0.200000    0.188000    0.437323 ^ u_lo_l3/_453_/Y (BUFx1)
                                                         low_sum[0] (net)
                      0.200000    0.000000    0.437323 ^ _301_/B (NOR2x1)
     1    0.000142    0.000000    0.000000    0.437323 v _301_/Y (NOR2x1)
                                                         _001_ (net)
                      0.000000    0.000002    0.437325 v _302_/B (NAND2x1)
    15    0.003101    0.000000    0.000000    0.437325 ^ _302_/Y (NAND2x1)
                                                         carry[0] (net)
                      0.000000    0.000289    0.437614 ^ u_carry/_289_/A1 (AOI21x1)
     1    0.000143    0.000000    0.000000    0.437614 v u_carry/_289_/Y (AOI21x1)
                                                         u_carry/_080_ (net)
                      0.000000    0.000002    0.437616 v u_carry/_290_/B (NAND2x1)
     1    0.000115    0.000000    0.000000    0.437616 ^ u_carry/_290_/Y (NAND2x1)
                                                         upper[16] (net)
                      0.000000    0.000001    0.437617 ^ _381_/A (INVx1)
     1    0.000134    0.000000    0.000000    0.437617 v _381_/Y (INVx1)
                                                         _069_ (net)
                      0.000000    0.000002    0.437619 v _383_/A (NAND2x1)
     1    0.000115    0.000000    0.000000    0.437619 ^ _383_/Y (NAND2x1)
                                                         _071_ (net)
                      0.000000    0.000001    0.437620 ^ _387_/A (NOR2x1)
     1    0.000119    0.000000    0.000000    0.437620 v _387_/Y (NOR2x1)
                                                         _075_ (net)
                      0.000000    0.000001    0.437621 v _388_/A (NAND2x1)
     1    0.000099    0.000000    0.000000    0.437621 ^ _388_/Y (NAND2x1)
                                                         hd[6] (net)
                      0.000000    0.000001    0.437622 ^ hd[6] (out)
                                              0.437622   data arrival time

                      0.000000    0.200000    0.200000   clock vclk (rise edge)
                                  0.000000    0.200000   clock network delay (ideal)
                                  0.000000    0.200000   clock reconvergence pessimism
                                 -0.050000    0.150000   output external delay
                                              0.150000   data required time
---------------------------------------------------------------------------------------------
                                              0.150000   data required time
                                             -0.437622   data arrival time
---------------------------------------------------------------------------------------------
                                             -0.287622   slack (VIOLATED)


Startpoint: B[12] (input port clocked by vclk)
Endpoint: hd[1] (output port clocked by vclk)
Path Group: vclk
Path Type: max

Fanout         Cap        Slew       Delay        Time   Description
---------------------------------------------------------------------------------------------
                      0.000000    0.000000    0.000000   clock vclk (rise edge)
                                  0.000000    0.000000   clock network delay (ideal)
                                  0.050000    0.050000 v input external delay
     1    0.000269    0.100000    0.000000    0.050000 v B[12] (in)
                                                         B[12] (net)
                      0.100021    0.000007    0.050007 v _431_/B (XNOR2x1)
     2    0.000242    0.000000    0.000000    0.050007 v _431_/Y (XNOR2x1)
                                                         _100_ (net)
                      0.000000    0.000005    0.050012 v _436_/A (NOR2x1)
     2    0.018862    0.000000    0.000000    0.050012 ^ _436_/Y (NOR2x1)
                                                         cell_oh[20] (net)
                      0.000000    0.001648    0.051660 ^ xp3_s2l1_3/v2 (XP_3x3_M2M3)
     1    0.030989    0.002000    0.001000    0.052660 ^ xp3_s2l1_3/s4 (XP_3x3_M2M3)
                                                         ps[19] (net)
                      0.002000    0.001781    0.054441 ^ xp5_s2l2_1/h4 (XP_5x5_M2M3)
     2    0.031529    0.002000    0.001000    0.055441 ^ xp5_s2l2_1/s8 (XP_5x5_M2M3)
                                                         boh[17] (net)
                      0.002000    0.000849    0.056290 ^ _632_/A (INVx1)
     1    0.000160    0.000000    0.000000    0.056290 v _632_/Y (INVx1)
                                                         _217_ (net)
                      0.000000    0.000003    0.056292 v _633_/B (NAND2x1)
     1    0.041745    0.000000    0.000000    0.056292 ^ _633_/Y (NAND2x1)
                                                         lo[4] (net)
                      0.000000    0.001839    0.058132 ^ xp4_lo_l1_0/h0 (XP_4x4_M4M5)
     4    0.000813    0.002000    0.001000    0.059132 ^ xp4_lo_l1_0/s0 (XP_4x4_M4M5)
                                                         ll1[0] (net)
                      0.002000    0.000050    0.059182 ^ xp7[0].u/_058_/A (INVx1)
     4    0.000549    0.000000    0.000000    0.059182 v xp7[0].u/_058_/Y (INVx1)
                                                         xp7[0].u/_000_ (net)
                      0.000000    0.000007    0.059189 v xp7[0].u/_127_/B (NOR2x1)
     1    0.070060    0.000000    0.000000    0.059189 ^ xp7[0].u/_127_/Y (NOR2x1)
                                                         xp7[0].u/sum_bit[0].grid_and (net)
                      0.000000    0.001168    0.060357 ^ xp7[0].u/_129_/A (BUFx1)
     6    0.001875    0.200000    0.188000    0.248357 ^ xp7[0].u/_129_/Y (BUFx1)
                                                         ll2[0] (net)
                      0.200000    0.000332    0.248689 ^ u_lo_l3/_214_/A (INVx1)
     8    0.001384    0.000000    0.000000    0.248689 v u_lo_l3/_214_/Y (INVx1)
                                                         u_lo_l3/_172_ (net)
                      0.000000    0.000041    0.248730 v u_lo_l3/_300_/B (NOR2x1)
     1    0.000113    0.000000    0.000000    0.248730 ^ u_lo_l3/_300_/Y (NOR2x1)
                                                         u_lo_l3/_035_ (net)
                      0.000000    0.000000    0.248731 ^ u_lo_l3/_301_/B (AOI21x1)
     1    0.000297    0.000000    0.000000    0.248731 v u_lo_l3/_301_/Y (AOI21x1)
                                                         u_lo_l3/_036_ (net)
                      0.000000    0.000013    0.248744 v u_lo_l3/_304_/A (NAND2x1)
     1    0.000103    0.000000    0.000000    0.248744 ^ u_lo_l3/_304_/Y (NAND2x1)
                                                         u_lo_l3/_039_ (net)
                      0.000000    0.000000    0.248745 ^ u_lo_l3/_311_/A (NOR2x1)
     1    0.000496    0.000000    0.000000    0.248745 v u_lo_l3/_311_/Y (NOR2x1)
                                                         u_lo_l3/_046_ (net)
                      0.000000    0.000038    0.248783 v u_lo_l3/_315_/A (NAND2x1)
     2    0.000284    0.000000    0.000000    0.248783 ^ u_lo_l3/_315_/Y (NAND2x1)
                                                         low_sum[10] (net)
                      0.000000    0.000007    0.248789 ^ _334_/B (NOR2x1)
     1    0.000158    0.000000    0.000000    0.248789 v _334_/Y (NOR2x1)
                                                         _027_ (net)
                      0.000000    0.000002    0.248792 v _335_/B (NAND2x1)
     1    0.000211    0.000000    0.000000    0.248792 ^ _335_/Y (NAND2x1)
                                                         _028_ (net)
                      0.000000    0.000004    0.248795 ^ _339_/A (NOR2x1)
     1    0.000103    0.000000    0.000000    0.248795 v _339_/Y (NOR2x1)
                                                         _032_ (net)
                      0.000000    0.000000    0.248796 v _340_/A (NAND2x1)
     1    0.000772    0.000000    0.000000    0.248796 ^ _340_/Y (NAND2x1)
                                                         hd[1] (net)
                      0.000000    0.000060    0.248856 ^ hd[1] (out)
                                              0.248856   data arrival time

                      0.000000    0.200000    0.200000   clock vclk (rise edge)
                                  0.000000    0.200000   clock network delay (ideal)
                                  0.000000    0.200000   clock reconvergence pessimism
                                 -0.050000    0.150000   output external delay
                                              0.150000   data required time
---------------------------------------------------------------------------------------------
                                              0.150000   data required time
                                             -0.248856   data arrival time
---------------------------------------------------------------------------------------------
                                             -0.098856   slack (VIOLATED)


Startpoint: B[12] (input port clocked by vclk)
Endpoint: hd[0] (output port clocked by vclk)
Path Group: vclk
Path Type: max

Fanout         Cap        Slew       Delay        Time   Description
---------------------------------------------------------------------------------------------
                      0.000000    0.000000    0.000000   clock vclk (rise edge)
                                  0.000000    0.000000   clock network delay (ideal)
                                  0.050000    0.050000 v input external delay
     1    0.000269    0.100000    0.000000    0.050000 v B[12] (in)
                                                         B[12] (net)
                      0.100021    0.000007    0.050007 v _431_/B (XNOR2x1)
     2    0.000242    0.000000    0.000000    0.050007 v _431_/Y (XNOR2x1)
                                                         _100_ (net)
                      0.000000    0.000005    0.050012 v _436_/A (NOR2x1)
     2    0.018862    0.000000    0.000000    0.050012 ^ _436_/Y (NOR2x1)
                                                         cell_oh[20] (net)
                      0.000000    0.001648    0.051660 ^ xp3_s2l1_3/v2 (XP_3x3_M2M3)
     1    0.030989    0.002000    0.001000    0.052660 ^ xp3_s2l1_3/s4 (XP_3x3_M2M3)
                                                         ps[19] (net)
                      0.002000    0.001781    0.054441 ^ xp5_s2l2_1/h4 (XP_5x5_M2M3)
     2    0.031529    0.002000    0.001000    0.055441 ^ xp5_s2l2_1/s8 (XP_5x5_M2M3)
                                                         boh[17] (net)
                      0.002000    0.000849    0.056290 ^ _632_/A (INVx1)
     1    0.000160    0.000000    0.000000    0.056290 v _632_/Y (INVx1)
                                                         _217_ (net)
                      0.000000    0.000003    0.056292 v _633_/B (NAND2x1)
     1    0.041745    0.000000    0.000000    0.056292 ^ _633_/Y (NAND2x1)
                                                         lo[4] (net)
                      0.000000    0.001839    0.058132 ^ xp4_lo_l1_0/h0 (XP_4x4_M4M5)
     4    0.000813    0.002000    0.001000    0.059132 ^ xp4_lo_l1_0/s0 (XP_4x4_M4M5)
                                                         ll1[0] (net)
                      0.002000    0.000050    0.059182 ^ xp7[0].u/_058_/A (INVx1)
     4    0.000549    0.000000    0.000000    0.059182 v xp7[0].u/_058_/Y (INVx1)
                                                         xp7[0].u/_000_ (net)
                      0.000000    0.000007    0.059189 v xp7[0].u/_127_/B (NOR2x1)
     1    0.070060    0.000000    0.000000    0.059189 ^ xp7[0].u/_127_/Y (NOR2x1)
                                                         xp7[0].u/sum_bit[0].grid_and (net)
                      0.000000    0.001168    0.060357 ^ xp7[0].u/_129_/A (BUFx1)
     6    0.001875    0.200000    0.188000    0.248357 ^ xp7[0].u/_129_/Y (BUFx1)
                                                         ll2[0] (net)
                      0.200000    0.000332    0.248689 ^ u_lo_l3/_214_/A (INVx1)
     8    0.001384    0.000000    0.000000    0.248689 v u_lo_l3/_214_/Y (INVx1)
                                                         u_lo_l3/_172_ (net)
                      0.000000    0.000046    0.248735 v u_lo_l3/_293_/A1 (OAI21x1)
     1    0.000176    0.000000    0.000000    0.248735 ^ u_lo_l3/_293_/Y (OAI21x1)
                                                         u_lo_l3/_029_ (net)
                      0.000000    0.000003    0.248738 ^ u_lo_l3/_297_/A (NOR2x1)
     1    0.000115    0.000000    0.000000    0.248738 v u_lo_l3/_297_/Y (NOR2x1)
                                                         u_lo_l3/_033_ (net)
                      0.000000    0.000001    0.248739 v u_lo_l3/_298_/B (NAND2x1)
     2    0.000293    0.000000    0.000000    0.248739 ^ u_lo_l3/_298_/Y (NAND2x1)
                                                         low_sum[9] (net)
                      0.000000    0.000008    0.248747 ^ _319_/B (NOR2x1)
     1    0.000338    0.000000    0.000000    0.248747 v _319_/Y (NOR2x1)
                                                         _013_ (net)
                      0.000000    0.000017    0.248763 v _320_/B (NAND2x1)
     1    0.000349    0.000000    0.000000    0.248763 ^ _320_/Y (NAND2x1)
                                                         _014_ (net)
                      0.000000    0.000011    0.248775 ^ _324_/A (NOR2x1)
     1    0.000103    0.000000    0.000000    0.248775 v _324_/Y (NOR2x1)
                                                         _018_ (net)
                      0.000000    0.000000    0.248775 v _332_/A (NAND2x1)
     1    0.000710    0.000000    0.000000    0.248775 ^ _332_/Y (NAND2x1)
                                                         hd[0] (net)
                      0.000000    0.000051    0.248826 ^ hd[0] (out)
                                              0.248826   data arrival time

                      0.000000    0.200000    0.200000   clock vclk (rise edge)
                                  0.000000    0.200000   clock network delay (ideal)
                                  0.000000    0.200000   clock reconvergence pessimism
                                 -0.050000    0.150000   output external delay
                                              0.150000   data required time
---------------------------------------------------------------------------------------------
                                              0.150000   data required time
                                             -0.248826   data arrival time
---------------------------------------------------------------------------------------------
                                             -0.098826   slack (VIOLATED)



