
===========================================================================
report_checks -unconstrained
===========================================================================
======================= nom_tt_025C_0v50 Corner ===================================

Startpoint: A[54] (input port clocked by vclk)
Endpoint: hd[4] (output port clocked by vclk)
Path Group: vclk
Path Type: max

Fanout         Cap        Slew       Delay        Time   Description
---------------------------------------------------------------------------------------------
                      0.000000    0.000000    0.000000   clock vclk (rise edge)
                                  0.000000    0.000000   clock network delay (ideal)
                                  0.050000    0.050000 v input external delay
     1    0.000519    0.100000    0.000000    0.050000 v A[54] (in)
                                                         A[54] (net)
                      0.100157    0.000050    0.050050 v _578_/A (XNOR2x1)
     2    0.000287    0.000000    0.000000    0.050050 ^ _578_/Y (XNOR2x1)
                                                         _184_ (net)
                      0.000000    0.000009    0.050059 ^ _579_/A (INVx1)
     1    0.000196    0.000000    0.000000    0.050059 v _579_/Y (INVx1)
                                                         _185_ (net)
                      0.000000    0.000014    0.050073 v _582_/A (NOR2x1)
     3    0.000613    0.000000    0.000000    0.050073 ^ _582_/Y (NOR2x1)
                                                         cell_oh_flat[81] (net)
                      0.000000    0.000086    0.050158 ^ xp3_s2l1[13].u_xp3/_16_/A (INVx1)
     2    0.000396    0.000000    0.000000    0.050158 v xp3_s2l1[13].u_xp3/_16_/Y (INVx1)
                                                         xp3_s2l1[13].u_xp3/_05_ (net)
                      0.000000    0.000009    0.050167 v xp3_s2l1[13].u_xp3/_23_/A (NOR2x1)
     1    0.070230    0.000000    0.000000    0.050167 ^ xp3_s2l1[13].u_xp3/_23_/Y (NOR2x1)
                                                         xp3_s2l1[13].u_xp3/sum_bit[0].grid_and (net)
                      0.000000    0.013409    0.063576 ^ xp3_s2l1[13].u_xp3/_25_/A (BUFx1)
     4    0.001077    0.200000    0.188000    0.251576 ^ xp3_s2l1[13].u_xp3/_25_/Y (BUFx1)
                                                         ps_flat[65] (net)
                      0.200000    0.000148    0.251724 ^ xp5_s2l2[6].u_xp5/_36_/A (INVx1)
     2    0.000599    0.000000    0.000000    0.251724 v xp5_s2l2[6].u_xp5/_36_/Y (INVx1)
                                                         xp5_s2l2[6].u_xp5/_08_ (net)
                      0.000000    0.000071    0.251795 v xp5_s2l2[6].u_xp5/_59_/A (NOR2x1)
     1    0.070369    0.000000    0.000000    0.251795 ^ xp5_s2l2[6].u_xp5/_59_/Y (NOR2x1)
                                                         xp5_s2l2[6].u_xp5/sum_bit[0].grid_and (net)
                      0.000000    0.013211    0.265006 ^ xp5_s2l2[6].u_xp5/_61_/A (BUFx1)
     2    0.000238    0.200000    0.188000    0.453006 ^ xp5_s2l2[6].u_xp5/_61_/Y (BUFx1)
                                                         r4_split[6].boh[0] (net)
                      0.200000    0.000007    0.453013 ^ _734_/B (NOR2x1)
     1    0.000158    0.000000    0.000000    0.453013 v _734_/Y (NOR2x1)
                                                         _285_ (net)
                      0.000000    0.000006    0.453019 v _735_/B (NAND2x1)
     2    0.000517    0.000000    0.000000    0.453019 ^ _735_/Y (NAND2x1)
                                                         hi_flat[18] (net)
                      0.000000    0.000066    0.453086 ^ xp3_hi_l1[3].u_xp3/_10_/A (INVx1)
     2    0.000551    0.000000    0.000000    0.453086 v xp3_hi_l1[3].u_xp3/_10_/Y (INVx1)
                                                         xp3_hi_l1[3].u_xp3/_00_ (net)
                      0.000000    0.000073    0.453159 v xp3_hi_l1[3].u_xp3/_23_/B (NOR2x1)
     1    0.070639    0.000000    0.000000    0.453159 ^ xp3_hi_l1[3].u_xp3/_23_/Y (NOR2x1)
                                                         xp3_hi_l1[3].u_xp3/sum_bit[0].grid_and (net)
                      0.000000    0.030248    0.483407 ^ xp3_hi_l1[3].u_xp3/_25_/A (BUFx1)
     4    0.000801    0.200000    0.188000    0.671407 ^ xp3_hi_l1[3].u_xp3/_25_/Y (BUFx1)
                                                         hl1_flat[15] (net)
                      0.200000    0.000070    0.671477 ^ xp5_hi_l2[1].u_xp5/_36_/A (INVx1)
     2    0.000519    0.000000    0.000000    0.671477 v xp5_hi_l2[1].u_xp5/_36_/Y (INVx1)
                                                         xp5_hi_l2[1].u_xp5/_08_ (net)
                      0.000000    0.000026    0.671503 v xp5_hi_l2[1].u_xp5/_59_/A (NOR2x1)
     1    0.070261    0.000000    0.000000    0.671503 ^ xp5_hi_l2[1].u_xp5/_59_/Y (NOR2x1)
                                                         xp5_hi_l2[1].u_xp5/sum_bit[0].grid_and (net)
                      0.000000    0.005469    0.676972 ^ xp5_hi_l2[1].u_xp5/_61_/A (BUFx1)
     6    0.001380    0.200000    0.188000    0.864972 ^ xp5_hi_l2[1].u_xp5/_61_/Y (BUFx1)
                                                         hl2_flat[9] (net)
                      0.200000    0.000241    0.865213 ^ u_xp9_hi_l3/_101_/A (INVx1)
     4    0.001233    0.000000    0.000000    0.865213 v u_xp9_hi_l3/_101_/Y (INVx1)
                                                         u_xp9_hi_l3/_043_ (net)
                      0.000000    0.000122    0.865335 v u_xp9_hi_l3/_205_/A (NOR2x1)
     1    0.070174    0.000000    0.000000    0.865335 ^ u_xp9_hi_l3/_205_/Y (NOR2x1)
                                                         u_xp9_hi_l3/sum_bit[0].grid_and (net)
                      0.000000    0.010187    0.875522 ^ u_xp9_hi_l3/_207_/A (BUFx1)
     3    0.000612    0.200000    0.188000    1.063522 ^ u_xp9_hi_l3/_207_/Y (BUFx1)
                                                         high_sum[0] (net)
                      0.200000    0.000071    1.063593 ^ u_xp17x7_carry/_148_/A (INVx1)
     5    0.001036    0.000000    0.000000    1.063593 v u_xp17x7_carry/_148_/Y (INVx1)
                                                         u_xp17x7_carry/_102_ (net)
                      0.000000    0.000086    1.063679 v u_xp17x7_carry/_183_/A1 (OAI21x1)
     1    0.000294    0.000000    0.000000    1.063679 ^ u_xp17x7_carry/_183_/Y (OAI21x1)
                                                         u_xp17x7_carry/_132_ (net)
                      0.000000    0.000015    1.063694 ^ u_xp17x7_carry/_186_/A (NOR2x1)
     1    0.000321    0.000000    0.000000    1.063694 v u_xp17x7_carry/_186_/Y (NOR2x1)
                                                         u_xp17x7_carry/_135_ (net)
                      0.000000    0.000019    1.063713 v u_xp17x7_carry/_191_/A (NAND2x1)
     2    0.000417    0.000000    0.000000    1.063713 ^ u_xp17x7_carry/_191_/Y (NAND2x1)
                                                         upper[6] (net)
                      0.000000    0.000050    1.063762 ^ _366_/A (NOR2x1)
     1    0.000171    0.000000    0.000000    1.063762 v _366_/Y (NOR2x1)
                                                         _056_ (net)
                      0.000000    0.000008    1.063771 v _367_/A (NAND2x1)
     1    0.000360    0.000000    0.000000    1.063771 ^ _367_/Y (NAND2x1)
                                                         _057_ (net)
                      0.000000    0.000026    1.063796 ^ _368_/B (NOR2x1)
     1    0.000613    0.000000    0.000000    1.063796 v _368_/Y (NOR2x1)
                                                         _058_ (net)
                      0.000000    0.000103    1.063899 v _373_/A (NAND2x1)
     1    0.000263    0.000000    0.000000    1.063899 ^ _373_/Y (NAND2x1)
                                                         hd[4] (net)
                      0.000000    0.000028    1.063928 ^ hd[4] (out)
                                              1.063928   data arrival time

                      0.000000    0.200000    0.200000   clock vclk (rise edge)
                                  0.000000    0.200000   clock network delay (ideal)
                                  0.000000    0.200000   clock reconvergence pessimism
                                 -0.050000    0.150000   output external delay
                                              0.150000   data required time
---------------------------------------------------------------------------------------------
                                              0.150000   data required time
                                             -1.063928   data arrival time
---------------------------------------------------------------------------------------------
                                             -0.913928   slack (VIOLATED)




===========================================================================
report_checks --slack_max -0.01
============================================================================
======================= nom_tt_025C_0v50 Corner ===================================

Startpoint: A[54] (input port clocked by vclk)
Endpoint: hd[4] (output port clocked by vclk)
Path Group: vclk
Path Type: max

Fanout         Cap        Slew       Delay        Time   Description
---------------------------------------------------------------------------------------------
                      0.000000    0.000000    0.000000   clock vclk (rise edge)
                                  0.000000    0.000000   clock network delay (ideal)
                                  0.050000    0.050000 v input external delay
     1    0.000519    0.100000    0.000000    0.050000 v A[54] (in)
                                                         A[54] (net)
                      0.100157    0.000050    0.050050 v _578_/A (XNOR2x1)
     2    0.000287    0.000000    0.000000    0.050050 ^ _578_/Y (XNOR2x1)
                                                         _184_ (net)
                      0.000000    0.000009    0.050059 ^ _579_/A (INVx1)
     1    0.000196    0.000000    0.000000    0.050059 v _579_/Y (INVx1)
                                                         _185_ (net)
                      0.000000    0.000014    0.050073 v _582_/A (NOR2x1)
     3    0.000613    0.000000    0.000000    0.050073 ^ _582_/Y (NOR2x1)
                                                         cell_oh_flat[81] (net)
                      0.000000    0.000086    0.050158 ^ xp3_s2l1[13].u_xp3/_16_/A (INVx1)
     2    0.000396    0.000000    0.000000    0.050158 v xp3_s2l1[13].u_xp3/_16_/Y (INVx1)
                                                         xp3_s2l1[13].u_xp3/_05_ (net)
                      0.000000    0.000009    0.050167 v xp3_s2l1[13].u_xp3/_23_/A (NOR2x1)
     1    0.070230    0.000000    0.000000    0.050167 ^ xp3_s2l1[13].u_xp3/_23_/Y (NOR2x1)
                                                         xp3_s2l1[13].u_xp3/sum_bit[0].grid_and (net)
                      0.000000    0.013409    0.063576 ^ xp3_s2l1[13].u_xp3/_25_/A (BUFx1)
     4    0.001077    0.200000    0.188000    0.251576 ^ xp3_s2l1[13].u_xp3/_25_/Y (BUFx1)
                                                         ps_flat[65] (net)
                      0.200000    0.000148    0.251724 ^ xp5_s2l2[6].u_xp5/_36_/A (INVx1)
     2    0.000599    0.000000    0.000000    0.251724 v xp5_s2l2[6].u_xp5/_36_/Y (INVx1)
                                                         xp5_s2l2[6].u_xp5/_08_ (net)
                      0.000000    0.000071    0.251795 v xp5_s2l2[6].u_xp5/_59_/A (NOR2x1)
     1    0.070369    0.000000    0.000000    0.251795 ^ xp5_s2l2[6].u_xp5/_59_/Y (NOR2x1)
                                                         xp5_s2l2[6].u_xp5/sum_bit[0].grid_and (net)
                      0.000000    0.013211    0.265006 ^ xp5_s2l2[6].u_xp5/_61_/A (BUFx1)
     2    0.000238    0.200000    0.188000    0.453006 ^ xp5_s2l2[6].u_xp5/_61_/Y (BUFx1)
                                                         r4_split[6].boh[0] (net)
                      0.200000    0.000007    0.453013 ^ _734_/B (NOR2x1)
     1    0.000158    0.000000    0.000000    0.453013 v _734_/Y (NOR2x1)
                                                         _285_ (net)
                      0.000000    0.000006    0.453019 v _735_/B (NAND2x1)
     2    0.000517    0.000000    0.000000    0.453019 ^ _735_/Y (NAND2x1)
                                                         hi_flat[18] (net)
                      0.000000    0.000066    0.453086 ^ xp3_hi_l1[3].u_xp3/_10_/A (INVx1)
     2    0.000551    0.000000    0.000000    0.453086 v xp3_hi_l1[3].u_xp3/_10_/Y (INVx1)
                                                         xp3_hi_l1[3].u_xp3/_00_ (net)
                      0.000000    0.000073    0.453159 v xp3_hi_l1[3].u_xp3/_23_/B (NOR2x1)
     1    0.070639    0.000000    0.000000    0.453159 ^ xp3_hi_l1[3].u_xp3/_23_/Y (NOR2x1)
                                                         xp3_hi_l1[3].u_xp3/sum_bit[0].grid_and (net)
                      0.000000    0.030248    0.483407 ^ xp3_hi_l1[3].u_xp3/_25_/A (BUFx1)
     4    0.000801    0.200000    0.188000    0.671407 ^ xp3_hi_l1[3].u_xp3/_25_/Y (BUFx1)
                                                         hl1_flat[15] (net)
                      0.200000    0.000070    0.671477 ^ xp5_hi_l2[1].u_xp5/_36_/A (INVx1)
     2    0.000519    0.000000    0.000000    0.671477 v xp5_hi_l2[1].u_xp5/_36_/Y (INVx1)
                                                         xp5_hi_l2[1].u_xp5/_08_ (net)
                      0.000000    0.000026    0.671503 v xp5_hi_l2[1].u_xp5/_59_/A (NOR2x1)
     1    0.070261    0.000000    0.000000    0.671503 ^ xp5_hi_l2[1].u_xp5/_59_/Y (NOR2x1)
                                                         xp5_hi_l2[1].u_xp5/sum_bit[0].grid_and (net)
                      0.000000    0.005469    0.676972 ^ xp5_hi_l2[1].u_xp5/_61_/A (BUFx1)
     6    0.001380    0.200000    0.188000    0.864972 ^ xp5_hi_l2[1].u_xp5/_61_/Y (BUFx1)
                                                         hl2_flat[9] (net)
                      0.200000    0.000241    0.865213 ^ u_xp9_hi_l3/_101_/A (INVx1)
     4    0.001233    0.000000    0.000000    0.865213 v u_xp9_hi_l3/_101_/Y (INVx1)
                                                         u_xp9_hi_l3/_043_ (net)
                      0.000000    0.000122    0.865335 v u_xp9_hi_l3/_205_/A (NOR2x1)
     1    0.070174    0.000000    0.000000    0.865335 ^ u_xp9_hi_l3/_205_/Y (NOR2x1)
                                                         u_xp9_hi_l3/sum_bit[0].grid_and (net)
                      0.000000    0.010187    0.875522 ^ u_xp9_hi_l3/_207_/A (BUFx1)
     3    0.000612    0.200000    0.188000    1.063522 ^ u_xp9_hi_l3/_207_/Y (BUFx1)
                                                         high_sum[0] (net)
                      0.200000    0.000071    1.063593 ^ u_xp17x7_carry/_148_/A (INVx1)
     5    0.001036    0.000000    0.000000    1.063593 v u_xp17x7_carry/_148_/Y (INVx1)
                                                         u_xp17x7_carry/_102_ (net)
                      0.000000    0.000086    1.063679 v u_xp17x7_carry/_183_/A1 (OAI21x1)
     1    0.000294    0.000000    0.000000    1.063679 ^ u_xp17x7_carry/_183_/Y (OAI21x1)
                                                         u_xp17x7_carry/_132_ (net)
                      0.000000    0.000015    1.063694 ^ u_xp17x7_carry/_186_/A (NOR2x1)
     1    0.000321    0.000000    0.000000    1.063694 v u_xp17x7_carry/_186_/Y (NOR2x1)
                                                         u_xp17x7_carry/_135_ (net)
                      0.000000    0.000019    1.063713 v u_xp17x7_carry/_191_/A (NAND2x1)
     2    0.000417    0.000000    0.000000    1.063713 ^ u_xp17x7_carry/_191_/Y (NAND2x1)
                                                         upper[6] (net)
                      0.000000    0.000050    1.063762 ^ _366_/A (NOR2x1)
     1    0.000171    0.000000    0.000000    1.063762 v _366_/Y (NOR2x1)
                                                         _056_ (net)
                      0.000000    0.000008    1.063771 v _367_/A (NAND2x1)
     1    0.000360    0.000000    0.000000    1.063771 ^ _367_/Y (NAND2x1)
                                                         _057_ (net)
                      0.000000    0.000026    1.063796 ^ _368_/B (NOR2x1)
     1    0.000613    0.000000    0.000000    1.063796 v _368_/Y (NOR2x1)
                                                         _058_ (net)
                      0.000000    0.000103    1.063899 v _373_/A (NAND2x1)
     1    0.000263    0.000000    0.000000    1.063899 ^ _373_/Y (NAND2x1)
                                                         hd[4] (net)
                      0.000000    0.000028    1.063928 ^ hd[4] (out)
                                              1.063928   data arrival time

                      0.000000    0.200000    0.200000   clock vclk (rise edge)
                                  0.000000    0.200000   clock network delay (ideal)
                                  0.000000    0.200000   clock reconvergence pessimism
                                 -0.050000    0.150000   output external delay
                                              0.150000   data required time
---------------------------------------------------------------------------------------------
                                              0.150000   data required time
                                             -1.063928   data arrival time
---------------------------------------------------------------------------------------------
                                             -0.913928   slack (VIOLATED)




===========================================================================
 report_check_types -max_slew -max_cap -max_fanout -violators
============================================================================
======================= nom_tt_025C_0v50 Corner ===================================

max capacitance

Pin                                        Limit         Cap       Slack
------------------------------------------------------------------------
xp3_hi_l1[2].u_xp3/_23_/Y               0.010000    0.070779   -0.060779 (VIOLATED)
xp3_hi_l1[3].u_xp3/_23_/Y               0.010000    0.070639   -0.060639 (VIOLATED)
xp3_hi_l1[1].u_xp3/_23_/Y               0.010000    0.070604   -0.060604 (VIOLATED)
xp3_s2l1[2].u_xp3/_23_/Y                0.010000    0.070377   -0.060377 (VIOLATED)
xp4_lo_l1[3].u_xp4/_41_/Y               0.010000    0.070376   -0.060376 (VIOLATED)
xp5_s2l2[6].u_xp5/_59_/Y                0.010000    0.070369   -0.060369 (VIOLATED)
xp5_s2l2[1].u_xp5/_59_/Y                0.010000    0.070348   -0.060348 (VIOLATED)
xp7_lo_l2[0].u_xp7/_127_/Y              0.010000    0.070295   -0.060295 (VIOLATED)
xp5_s2l2[3].u_xp5/_59_/Y                0.010000    0.070284   -0.060284 (VIOLATED)
xp5_hi_l2[0].u_xp5/_59_/Y               0.010000    0.070276   -0.060276 (VIOLATED)
xp5_hi_l2[1].u_xp5/_59_/Y               0.010000    0.070261   -0.060261 (VIOLATED)
xp5_s2l2[2].u_xp5/_59_/Y                0.010000    0.070253   -0.060253 (VIOLATED)
xp3_s2l1[10].u_xp3/_23_/Y               0.010000    0.070250   -0.060250 (VIOLATED)
xp3_s2l1[4].u_xp3/_23_/Y                0.010000    0.070248   -0.060248 (VIOLATED)
xp3_s2l1[1].u_xp3/_23_/Y                0.010000    0.070237   -0.060237 (VIOLATED)
xp3_s2l1[9].u_xp3/_23_/Y                0.010000    0.070234   -0.060234 (VIOLATED)
xp3_s2l1[0].u_xp3/_23_/Y                0.010000    0.070233   -0.060233 (VIOLATED)
xp3_s2l1[13].u_xp3/_23_/Y               0.010000    0.070230   -0.060230 (VIOLATED)
xp3_s2l1[5].u_xp3/_23_/Y                0.010000    0.070222   -0.060222 (VIOLATED)
xp3_s2l1[6].u_xp3/_23_/Y                0.010000    0.070217   -0.060217 (VIOLATED)
u_xp13_lo_l3/_451_/Y                    0.010000    0.070213   -0.060213 (VIOLATED)
xp7_lo_l2[1].u_xp7/_127_/Y              0.010000    0.070209   -0.060209 (VIOLATED)
xp3_s2l1[12].u_xp3/_23_/Y               0.010000    0.070207   -0.060207 (VIOLATED)
xp3_s2l1[15].u_xp3/_23_/Y               0.010000    0.070199   -0.060199 (VIOLATED)
xp5_s2l2[0].u_xp5/_59_/Y                0.010000    0.070195   -0.060195 (VIOLATED)
xp5_s2l2[4].u_xp5/_59_/Y                0.010000    0.070189   -0.060189 (VIOLATED)
u_xp9_hi_l3/_205_/Y                     0.010000    0.070174   -0.060174 (VIOLATED)
xp5_s2l2[5].u_xp5/_59_/Y                0.010000    0.070150   -0.060150 (VIOLATED)
xp3_s2l1[14].u_xp3/_23_/Y               0.010000    0.070135   -0.060135 (VIOLATED)
xp3_s2l1[7].u_xp3/_23_/Y                0.010000    0.070131   -0.060131 (VIOLATED)
xp5_s2l2[7].u_xp5/_59_/Y                0.010000    0.070092   -0.060092 (VIOLATED)
xp4_lo_l1[0].u_xp4/_41_/Y               0.010000    0.070087   -0.060087 (VIOLATED)
xp3_s2l1[8].u_xp3/_23_/Y                0.010000    0.070082   -0.060082 (VIOLATED)
xp3_hi_l1[0].u_xp3/_23_/Y               0.010000    0.070080   -0.060080 (VIOLATED)
xp4_lo_l1[1].u_xp4/_41_/Y               0.010000    0.070071   -0.060071 (VIOLATED)
xp4_lo_l1[2].u_xp4/_41_/Y               0.010000    0.070059   -0.060059 (VIOLATED)
xp3_s2l1[11].u_xp3/_23_/Y               0.010000    0.070051   -0.060051 (VIOLATED)
u_xp17x7_carry/_317_/Y                  0.010000    0.070034   -0.060034 (VIOLATED)
xp3_s2l1[3].u_xp3/_23_/Y                0.010000    0.070032   -0.060032 (VIOLATED)



===========================================================================
report_parasitic_annotation -report_unannotated
============================================================================
Found 1 unannotated drivers.
 u_xp17x7_carry/_319_/Y
Found 0 partially unannotated drivers.

===========================================================================
max slew violation count 0
Writing metric design__max_slew_violation__count__corner:nom_tt_025C_0v50: 0
max fanout violation count 0
Writing metric design__max_fanout_violation__count__corner:nom_tt_025C_0v50: 0
max cap violation count 39
Writing metric design__max_cap_violation__count__corner:nom_tt_025C_0v50: 39
============================================================================

===========================================================================
check_setup -verbose -unconstrained_endpoints -multiple_clock -no_clock -no_input_delay -loops -generated_clocks
===========================================================================
