
===========================================================================
report_checks -path_delay max (Setup)
============================================================================
======================= nom_tt_025C_0v50 Corner ===================================

Startpoint: A[54] (input port clocked by vclk)
Endpoint: hd[4] (output port clocked by vclk)
Path Group: vclk
Path Type: max

Fanout         Cap        Slew       Delay        Time   Description
---------------------------------------------------------------------------------------------
                      0.000000    0.000000    0.000000   clock vclk (rise edge)
                                  0.000000    0.000000   clock network delay (ideal)
                                  0.050000    0.050000 v input external delay
     1    0.000519    0.100000    0.000000    0.050000 v A[54] (in)
                                                         A[54] (net)
                      0.100157    0.000050    0.050050 v _578_/A (XNOR2x1)
     2    0.000287    0.000000    0.000000    0.050050 ^ _578_/Y (XNOR2x1)
                                                         _184_ (net)
                      0.000000    0.000009    0.050059 ^ _579_/A (INVx1)
     1    0.000196    0.000000    0.000000    0.050059 v _579_/Y (INVx1)
                                                         _185_ (net)
                      0.000000    0.000014    0.050073 v _582_/A (NOR2x1)
     3    0.000613    0.000000    0.000000    0.050073 ^ _582_/Y (NOR2x1)
                                                         cell_oh_flat[81] (net)
                      0.000000    0.000086    0.050158 ^ xp3_s2l1[13].u_xp3/_16_/A (INVx1)
     2    0.000396    0.000000    0.000000    0.050158 v xp3_s2l1[13].u_xp3/_16_/Y (INVx1)
                                                         xp3_s2l1[13].u_xp3/_05_ (net)
                      0.000000    0.000009    0.050167 v xp3_s2l1[13].u_xp3/_23_/A (NOR2x1)
     1    0.070230    0.000000    0.000000    0.050167 ^ xp3_s2l1[13].u_xp3/_23_/Y (NOR2x1)
                                                         xp3_s2l1[13].u_xp3/sum_bit[0].grid_and (net)
                      0.000000    0.013409    0.063576 ^ xp3_s2l1[13].u_xp3/_25_/A (BUFx1)
     4    0.001077    0.200000    0.188000    0.251576 ^ xp3_s2l1[13].u_xp3/_25_/Y (BUFx1)
                                                         ps_flat[65] (net)
                      0.200000    0.000148    0.251724 ^ xp5_s2l2[6].u_xp5/_36_/A (INVx1)
     2    0.000599    0.000000    0.000000    0.251724 v xp5_s2l2[6].u_xp5/_36_/Y (INVx1)
                                                         xp5_s2l2[6].u_xp5/_08_ (net)
                      0.000000    0.000071    0.251795 v xp5_s2l2[6].u_xp5/_59_/A (NOR2x1)
     1    0.070369    0.000000    0.000000    0.251795 ^ xp5_s2l2[6].u_xp5/_59_/Y (NOR2x1)
                                                         xp5_s2l2[6].u_xp5/sum_bit[0].grid_and (net)
                      0.000000    0.013211    0.265006 ^ xp5_s2l2[6].u_xp5/_61_/A (BUFx1)
     2    0.000238    0.200000    0.188000    0.453006 ^ xp5_s2l2[6].u_xp5/_61_/Y (BUFx1)
                                                         r4_split[6].boh[0] (net)
                      0.200000    0.000007    0.453013 ^ _734_/B (NOR2x1)
     1    0.000158    0.000000    0.000000    0.453013 v _734_/Y (NOR2x1)
                                                         _285_ (net)
                      0.000000    0.000006    0.453019 v _735_/B (NAND2x1)
     2    0.000517    0.000000    0.000000    0.453019 ^ _735_/Y (NAND2x1)
                                                         hi_flat[18] (net)
                      0.000000    0.000066    0.453086 ^ xp3_hi_l1[3].u_xp3/_10_/A (INVx1)
     2    0.000551    0.000000    0.000000    0.453086 v xp3_hi_l1[3].u_xp3/_10_/Y (INVx1)
                                                         xp3_hi_l1[3].u_xp3/_00_ (net)
                      0.000000    0.000073    0.453159 v xp3_hi_l1[3].u_xp3/_23_/B (NOR2x1)
     1    0.070639    0.000000    0.000000    0.453159 ^ xp3_hi_l1[3].u_xp3/_23_/Y (NOR2x1)
                                                         xp3_hi_l1[3].u_xp3/sum_bit[0].grid_and (net)
                      0.000000    0.030248    0.483407 ^ xp3_hi_l1[3].u_xp3/_25_/A (BUFx1)
     4    0.000801    0.200000    0.188000    0.671407 ^ xp3_hi_l1[3].u_xp3/_25_/Y (BUFx1)
                                                         hl1_flat[15] (net)
                      0.200000    0.000070    0.671477 ^ xp5_hi_l2[1].u_xp5/_36_/A (INVx1)
     2    0.000519    0.000000    0.000000    0.671477 v xp5_hi_l2[1].u_xp5/_36_/Y (INVx1)
                                                         xp5_hi_l2[1].u_xp5/_08_ (net)
                      0.000000    0.000026    0.671503 v xp5_hi_l2[1].u_xp5/_59_/A (NOR2x1)
     1    0.070261    0.000000    0.000000    0.671503 ^ xp5_hi_l2[1].u_xp5/_59_/Y (NOR2x1)
                                                         xp5_hi_l2[1].u_xp5/sum_bit[0].grid_and (net)
                      0.000000    0.005469    0.676972 ^ xp5_hi_l2[1].u_xp5/_61_/A (BUFx1)
     6    0.001380    0.200000    0.188000    0.864972 ^ xp5_hi_l2[1].u_xp5/_61_/Y (BUFx1)
                                                         hl2_flat[9] (net)
                      0.200000    0.000241    0.865213 ^ u_xp9_hi_l3/_101_/A (INVx1)
     4    0.001233    0.000000    0.000000    0.865213 v u_xp9_hi_l3/_101_/Y (INVx1)
                                                         u_xp9_hi_l3/_043_ (net)
                      0.000000    0.000122    0.865335 v u_xp9_hi_l3/_205_/A (NOR2x1)
     1    0.070174    0.000000    0.000000    0.865335 ^ u_xp9_hi_l3/_205_/Y (NOR2x1)
                                                         u_xp9_hi_l3/sum_bit[0].grid_and (net)
                      0.000000    0.010187    0.875522 ^ u_xp9_hi_l3/_207_/A (BUFx1)
     3    0.000612    0.200000    0.188000    1.063522 ^ u_xp9_hi_l3/_207_/Y (BUFx1)
                                                         high_sum[0] (net)
                      0.200000    0.000071    1.063593 ^ u_xp17x7_carry/_148_/A (INVx1)
     5    0.001036    0.000000    0.000000    1.063593 v u_xp17x7_carry/_148_/Y (INVx1)
                                                         u_xp17x7_carry/_102_ (net)
                      0.000000    0.000086    1.063679 v u_xp17x7_carry/_183_/A1 (OAI21x1)
     1    0.000294    0.000000    0.000000    1.063679 ^ u_xp17x7_carry/_183_/Y (OAI21x1)
                                                         u_xp17x7_carry/_132_ (net)
                      0.000000    0.000015    1.063694 ^ u_xp17x7_carry/_186_/A (NOR2x1)
     1    0.000321    0.000000    0.000000    1.063694 v u_xp17x7_carry/_186_/Y (NOR2x1)
                                                         u_xp17x7_carry/_135_ (net)
                      0.000000    0.000019    1.063713 v u_xp17x7_carry/_191_/A (NAND2x1)
     2    0.000417    0.000000    0.000000    1.063713 ^ u_xp17x7_carry/_191_/Y (NAND2x1)
                                                         upper[6] (net)
                      0.000000    0.000050    1.063762 ^ _366_/A (NOR2x1)
     1    0.000171    0.000000    0.000000    1.063762 v _366_/Y (NOR2x1)
                                                         _056_ (net)
                      0.000000    0.000008    1.063771 v _367_/A (NAND2x1)
     1    0.000360    0.000000    0.000000    1.063771 ^ _367_/Y (NAND2x1)
                                                         _057_ (net)
                      0.000000    0.000026    1.063796 ^ _368_/B (NOR2x1)
     1    0.000613    0.000000    0.000000    1.063796 v _368_/Y (NOR2x1)
                                                         _058_ (net)
                      0.000000    0.000103    1.063899 v _373_/A (NAND2x1)
     1    0.000263    0.000000    0.000000    1.063899 ^ _373_/Y (NAND2x1)
                                                         hd[4] (net)
                      0.000000    0.000028    1.063928 ^ hd[4] (out)
                                              1.063928   data arrival time

                      0.000000    0.200000    0.200000   clock vclk (rise edge)
                                  0.000000    0.200000   clock network delay (ideal)
                                  0.000000    0.200000   clock reconvergence pessimism
                                 -0.050000    0.150000   output external delay
                                              0.150000   data required time
---------------------------------------------------------------------------------------------
                                              0.150000   data required time
                                             -1.063928   data arrival time
---------------------------------------------------------------------------------------------
                                             -0.913928   slack (VIOLATED)


Startpoint: A[54] (input port clocked by vclk)
Endpoint: hd[3] (output port clocked by vclk)
Path Group: vclk
Path Type: max

Fanout         Cap        Slew       Delay        Time   Description
---------------------------------------------------------------------------------------------
                      0.000000    0.000000    0.000000   clock vclk (rise edge)
                                  0.000000    0.000000   clock network delay (ideal)
                                  0.050000    0.050000 v input external delay
     1    0.000519    0.100000    0.000000    0.050000 v A[54] (in)
                                                         A[54] (net)
                      0.100157    0.000050    0.050050 v _578_/A (XNOR2x1)
     2    0.000287    0.000000    0.000000    0.050050 ^ _578_/Y (XNOR2x1)
                                                         _184_ (net)
                      0.000000    0.000009    0.050059 ^ _579_/A (INVx1)
     1    0.000196    0.000000    0.000000    0.050059 v _579_/Y (INVx1)
                                                         _185_ (net)
                      0.000000    0.000014    0.050073 v _582_/A (NOR2x1)
     3    0.000613    0.000000    0.000000    0.050073 ^ _582_/Y (NOR2x1)
                                                         cell_oh_flat[81] (net)
                      0.000000    0.000086    0.050158 ^ xp3_s2l1[13].u_xp3/_16_/A (INVx1)
     2    0.000396    0.000000    0.000000    0.050158 v xp3_s2l1[13].u_xp3/_16_/Y (INVx1)
                                                         xp3_s2l1[13].u_xp3/_05_ (net)
                      0.000000    0.000009    0.050167 v xp3_s2l1[13].u_xp3/_23_/A (NOR2x1)
     1    0.070230    0.000000    0.000000    0.050167 ^ xp3_s2l1[13].u_xp3/_23_/Y (NOR2x1)
                                                         xp3_s2l1[13].u_xp3/sum_bit[0].grid_and (net)
                      0.000000    0.013409    0.063576 ^ xp3_s2l1[13].u_xp3/_25_/A (BUFx1)
     4    0.001077    0.200000    0.188000    0.251576 ^ xp3_s2l1[13].u_xp3/_25_/Y (BUFx1)
                                                         ps_flat[65] (net)
                      0.200000    0.000148    0.251724 ^ xp5_s2l2[6].u_xp5/_36_/A (INVx1)
     2    0.000599    0.000000    0.000000    0.251724 v xp5_s2l2[6].u_xp5/_36_/Y (INVx1)
                                                         xp5_s2l2[6].u_xp5/_08_ (net)
                      0.000000    0.000071    0.251795 v xp5_s2l2[6].u_xp5/_59_/A (NOR2x1)
     1    0.070369    0.000000    0.000000    0.251795 ^ xp5_s2l2[6].u_xp5/_59_/Y (NOR2x1)
                                                         xp5_s2l2[6].u_xp5/sum_bit[0].grid_and (net)
                      0.000000    0.013211    0.265006 ^ xp5_s2l2[6].u_xp5/_61_/A (BUFx1)
     2    0.000238    0.200000    0.188000    0.453006 ^ xp5_s2l2[6].u_xp5/_61_/Y (BUFx1)
                                                         r4_split[6].boh[0] (net)
                      0.200000    0.000007    0.453013 ^ _734_/B (NOR2x1)
     1    0.000158    0.000000    0.000000    0.453013 v _734_/Y (NOR2x1)
                                                         _285_ (net)
                      0.000000    0.000006    0.453019 v _735_/B (NAND2x1)
     2    0.000517    0.000000    0.000000    0.453019 ^ _735_/Y (NAND2x1)
                                                         hi_flat[18] (net)
                      0.000000    0.000066    0.453086 ^ xp3_hi_l1[3].u_xp3/_10_/A (INVx1)
     2    0.000551    0.000000    0.000000    0.453086 v xp3_hi_l1[3].u_xp3/_10_/Y (INVx1)
                                                         xp3_hi_l1[3].u_xp3/_00_ (net)
                      0.000000    0.000073    0.453159 v xp3_hi_l1[3].u_xp3/_23_/B (NOR2x1)
     1    0.070639    0.000000    0.000000    0.453159 ^ xp3_hi_l1[3].u_xp3/_23_/Y (NOR2x1)
                                                         xp3_hi_l1[3].u_xp3/sum_bit[0].grid_and (net)
                      0.000000    0.030248    0.483407 ^ xp3_hi_l1[3].u_xp3/_25_/A (BUFx1)
     4    0.000801    0.200000    0.188000    0.671407 ^ xp3_hi_l1[3].u_xp3/_25_/Y (BUFx1)
                                                         hl1_flat[15] (net)
                      0.200000    0.000070    0.671477 ^ xp5_hi_l2[1].u_xp5/_36_/A (INVx1)
     2    0.000519    0.000000    0.000000    0.671477 v xp5_hi_l2[1].u_xp5/_36_/Y (INVx1)
                                                         xp5_hi_l2[1].u_xp5/_08_ (net)
                      0.000000    0.000026    0.671503 v xp5_hi_l2[1].u_xp5/_59_/A (NOR2x1)
     1    0.070261    0.000000    0.000000    0.671503 ^ xp5_hi_l2[1].u_xp5/_59_/Y (NOR2x1)
                                                         xp5_hi_l2[1].u_xp5/sum_bit[0].grid_and (net)
                      0.000000    0.005469    0.676972 ^ xp5_hi_l2[1].u_xp5/_61_/A (BUFx1)
     6    0.001380    0.200000    0.188000    0.864972 ^ xp5_hi_l2[1].u_xp5/_61_/Y (BUFx1)
                                                         hl2_flat[9] (net)
                      0.200000    0.000241    0.865213 ^ u_xp9_hi_l3/_101_/A (INVx1)
     4    0.001233    0.000000    0.000000    0.865213 v u_xp9_hi_l3/_101_/Y (INVx1)
                                                         u_xp9_hi_l3/_043_ (net)
                      0.000000    0.000122    0.865335 v u_xp9_hi_l3/_205_/A (NOR2x1)
     1    0.070174    0.000000    0.000000    0.865335 ^ u_xp9_hi_l3/_205_/Y (NOR2x1)
                                                         u_xp9_hi_l3/sum_bit[0].grid_and (net)
                      0.000000    0.010187    0.875522 ^ u_xp9_hi_l3/_207_/A (BUFx1)
     3    0.000612    0.200000    0.188000    1.063522 ^ u_xp9_hi_l3/_207_/Y (BUFx1)
                                                         high_sum[0] (net)
                      0.200000    0.000071    1.063593 ^ u_xp17x7_carry/_148_/A (INVx1)
     5    0.001036    0.000000    0.000000    1.063593 v u_xp17x7_carry/_148_/Y (INVx1)
                                                         u_xp17x7_carry/_102_ (net)
                      0.000000    0.000085    1.063679 v u_xp17x7_carry/_162_/A1 (OAI21x1)
     2    0.000447    0.000000    0.000000    1.063679 ^ u_xp17x7_carry/_162_/Y (OAI21x1)
                                                         upper[3] (net)
                      0.000000    0.000026    1.063705 ^ _354_/B (NOR2x1)
     1    0.000476    0.000000    0.000000    1.063705 v _354_/Y (NOR2x1)
                                                         _045_ (net)
                      0.000000    0.000066    1.063771 v _355_/B (NAND2x1)
     1    0.000337    0.000000    0.000000    1.063771 ^ _355_/Y (NAND2x1)
                                                         _046_ (net)
                      0.000000    0.000023    1.063795 ^ _359_/A (NOR2x1)
     1    0.000159    0.000000    0.000000    1.063795 v _359_/Y (NOR2x1)
                                                         _050_ (net)
                      0.000000    0.000006    1.063800 v _364_/A (NAND2x1)
     1    0.000498    0.000000    0.000000    1.063800 ^ _364_/Y (NAND2x1)
                                                         hd[3] (net)
                      0.000000    0.000093    1.063894 ^ hd[3] (out)
                                              1.063894   data arrival time

                      0.000000    0.200000    0.200000   clock vclk (rise edge)
                                  0.000000    0.200000   clock network delay (ideal)
                                  0.000000    0.200000   clock reconvergence pessimism
                                 -0.050000    0.150000   output external delay
                                              0.150000   data required time
---------------------------------------------------------------------------------------------
                                              0.150000   data required time
                                             -1.063894   data arrival time
---------------------------------------------------------------------------------------------
                                             -0.913894   slack (VIOLATED)


Startpoint: A[54] (input port clocked by vclk)
Endpoint: hd[2] (output port clocked by vclk)
Path Group: vclk
Path Type: max

Fanout         Cap        Slew       Delay        Time   Description
---------------------------------------------------------------------------------------------
                      0.000000    0.000000    0.000000   clock vclk (rise edge)
                                  0.000000    0.000000   clock network delay (ideal)
                                  0.050000    0.050000 v input external delay
     1    0.000519    0.100000    0.000000    0.050000 v A[54] (in)
                                                         A[54] (net)
                      0.100157    0.000050    0.050050 v _578_/A (XNOR2x1)
     2    0.000287    0.000000    0.000000    0.050050 ^ _578_/Y (XNOR2x1)
                                                         _184_ (net)
                      0.000000    0.000009    0.050059 ^ _579_/A (INVx1)
     1    0.000196    0.000000    0.000000    0.050059 v _579_/Y (INVx1)
                                                         _185_ (net)
                      0.000000    0.000014    0.050073 v _582_/A (NOR2x1)
     3    0.000613    0.000000    0.000000    0.050073 ^ _582_/Y (NOR2x1)
                                                         cell_oh_flat[81] (net)
                      0.000000    0.000086    0.050158 ^ xp3_s2l1[13].u_xp3/_16_/A (INVx1)
     2    0.000396    0.000000    0.000000    0.050158 v xp3_s2l1[13].u_xp3/_16_/Y (INVx1)
                                                         xp3_s2l1[13].u_xp3/_05_ (net)
                      0.000000    0.000009    0.050167 v xp3_s2l1[13].u_xp3/_23_/A (NOR2x1)
     1    0.070230    0.000000    0.000000    0.050167 ^ xp3_s2l1[13].u_xp3/_23_/Y (NOR2x1)
                                                         xp3_s2l1[13].u_xp3/sum_bit[0].grid_and (net)
                      0.000000    0.013409    0.063576 ^ xp3_s2l1[13].u_xp3/_25_/A (BUFx1)
     4    0.001077    0.200000    0.188000    0.251576 ^ xp3_s2l1[13].u_xp3/_25_/Y (BUFx1)
                                                         ps_flat[65] (net)
                      0.200000    0.000148    0.251724 ^ xp5_s2l2[6].u_xp5/_36_/A (INVx1)
     2    0.000599    0.000000    0.000000    0.251724 v xp5_s2l2[6].u_xp5/_36_/Y (INVx1)
                                                         xp5_s2l2[6].u_xp5/_08_ (net)
                      0.000000    0.000071    0.251795 v xp5_s2l2[6].u_xp5/_59_/A (NOR2x1)
     1    0.070369    0.000000    0.000000    0.251795 ^ xp5_s2l2[6].u_xp5/_59_/Y (NOR2x1)
                                                         xp5_s2l2[6].u_xp5/sum_bit[0].grid_and (net)
                      0.000000    0.013211    0.265006 ^ xp5_s2l2[6].u_xp5/_61_/A (BUFx1)
     2    0.000238    0.200000    0.188000    0.453006 ^ xp5_s2l2[6].u_xp5/_61_/Y (BUFx1)
                                                         r4_split[6].boh[0] (net)
                      0.200000    0.000007    0.453013 ^ _734_/B (NOR2x1)
     1    0.000158    0.000000    0.000000    0.453013 v _734_/Y (NOR2x1)
                                                         _285_ (net)
                      0.000000    0.000006    0.453019 v _735_/B (NAND2x1)
     2    0.000517    0.000000    0.000000    0.453019 ^ _735_/Y (NAND2x1)
                                                         hi_flat[18] (net)
                      0.000000    0.000066    0.453086 ^ xp3_hi_l1[3].u_xp3/_10_/A (INVx1)
     2    0.000551    0.000000    0.000000    0.453086 v xp3_hi_l1[3].u_xp3/_10_/Y (INVx1)
                                                         xp3_hi_l1[3].u_xp3/_00_ (net)
                      0.000000    0.000073    0.453159 v xp3_hi_l1[3].u_xp3/_23_/B (NOR2x1)
     1    0.070639    0.000000    0.000000    0.453159 ^ xp3_hi_l1[3].u_xp3/_23_/Y (NOR2x1)
                                                         xp3_hi_l1[3].u_xp3/sum_bit[0].grid_and (net)
                      0.000000    0.030248    0.483407 ^ xp3_hi_l1[3].u_xp3/_25_/A (BUFx1)
     4    0.000801    0.200000    0.188000    0.671407 ^ xp3_hi_l1[3].u_xp3/_25_/Y (BUFx1)
                                                         hl1_flat[15] (net)
                      0.200000    0.000070    0.671477 ^ xp5_hi_l2[1].u_xp5/_36_/A (INVx1)
     2    0.000519    0.000000    0.000000    0.671477 v xp5_hi_l2[1].u_xp5/_36_/Y (INVx1)
                                                         xp5_hi_l2[1].u_xp5/_08_ (net)
                      0.000000    0.000026    0.671503 v xp5_hi_l2[1].u_xp5/_59_/A (NOR2x1)
     1    0.070261    0.000000    0.000000    0.671503 ^ xp5_hi_l2[1].u_xp5/_59_/Y (NOR2x1)
                                                         xp5_hi_l2[1].u_xp5/sum_bit[0].grid_and (net)
                      0.000000    0.005469    0.676972 ^ xp5_hi_l2[1].u_xp5/_61_/A (BUFx1)
     6    0.001380    0.200000    0.188000    0.864972 ^ xp5_hi_l2[1].u_xp5/_61_/Y (BUFx1)
                                                         hl2_flat[9] (net)
                      0.200000    0.000241    0.865213 ^ u_xp9_hi_l3/_101_/A (INVx1)
     4    0.001233    0.000000    0.000000    0.865213 v u_xp9_hi_l3/_101_/Y (INVx1)
                                                         u_xp9_hi_l3/_043_ (net)
                      0.000000    0.000122    0.865335 v u_xp9_hi_l3/_205_/A (NOR2x1)
     1    0.070174    0.000000    0.000000    0.865335 ^ u_xp9_hi_l3/_205_/Y (NOR2x1)
                                                         u_xp9_hi_l3/sum_bit[0].grid_and (net)
                      0.000000    0.010187    0.875522 ^ u_xp9_hi_l3/_207_/A (BUFx1)
     3    0.000612    0.200000    0.188000    1.063522 ^ u_xp9_hi_l3/_207_/Y (BUFx1)
                                                         high_sum[0] (net)
                      0.200000    0.000071    1.063593 ^ u_xp17x7_carry/_148_/A (INVx1)
     5    0.001036    0.000000    0.000000    1.063593 v u_xp17x7_carry/_148_/Y (INVx1)
                                                         u_xp17x7_carry/_102_ (net)
                      0.000000    0.000086    1.063679 v u_xp17x7_carry/_151_/A0 (OAI21x1)
     1    0.000346    0.000000    0.000000    1.063679 ^ u_xp17x7_carry/_151_/Y (OAI21x1)
                                                         upper[1] (net)
                      0.000000    0.000029    1.063708 ^ _349_/A (NOR2x1)
     1    0.000294    0.000000    0.000000    1.063708 v _349_/Y (NOR2x1)
                                                         _041_ (net)
                      0.000000    0.000034    1.063742 v _350_/B (NAND2x1)
     1    0.000163    0.000000    0.000000    1.063742 ^ _350_/Y (NAND2x1)
                                                         _042_ (net)
                      0.000000    0.000007    1.063749 ^ _351_/B (NOR2x1)
     1    0.000293    0.000000    0.000000    1.063749 v _351_/Y (NOR2x1)
                                                         _043_ (net)
                      0.000000    0.000034    1.063783 v _352_/B (NAND2x1)
     1    0.000274    0.000000    0.000000    1.063783 ^ _352_/Y (NAND2x1)
                                                         hd[2] (net)
                      0.000000    0.000018    1.063801 ^ hd[2] (out)
                                              1.063801   data arrival time

                      0.000000    0.200000    0.200000   clock vclk (rise edge)
                                  0.000000    0.200000   clock network delay (ideal)
                                  0.000000    0.200000   clock reconvergence pessimism
                                 -0.050000    0.150000   output external delay
                                              0.150000   data required time
---------------------------------------------------------------------------------------------
                                              0.150000   data required time
                                             -1.063801   data arrival time
---------------------------------------------------------------------------------------------
                                             -0.913801   slack (VIOLATED)


Startpoint: A[54] (input port clocked by vclk)
Endpoint: hd[5] (output port clocked by vclk)
Path Group: vclk
Path Type: max

Fanout         Cap        Slew       Delay        Time   Description
---------------------------------------------------------------------------------------------
                      0.000000    0.000000    0.000000   clock vclk (rise edge)
                                  0.000000    0.000000   clock network delay (ideal)
                                  0.050000    0.050000 v input external delay
     1    0.000519    0.100000    0.000000    0.050000 v A[54] (in)
                                                         A[54] (net)
                      0.100157    0.000050    0.050050 v _578_/A (XNOR2x1)
     2    0.000287    0.000000    0.000000    0.050050 ^ _578_/Y (XNOR2x1)
                                                         _184_ (net)
                      0.000000    0.000009    0.050059 ^ _579_/A (INVx1)
     1    0.000196    0.000000    0.000000    0.050059 v _579_/Y (INVx1)
                                                         _185_ (net)
                      0.000000    0.000014    0.050073 v _582_/A (NOR2x1)
     3    0.000613    0.000000    0.000000    0.050073 ^ _582_/Y (NOR2x1)
                                                         cell_oh_flat[81] (net)
                      0.000000    0.000086    0.050158 ^ xp3_s2l1[13].u_xp3/_16_/A (INVx1)
     2    0.000396    0.000000    0.000000    0.050158 v xp3_s2l1[13].u_xp3/_16_/Y (INVx1)
                                                         xp3_s2l1[13].u_xp3/_05_ (net)
                      0.000000    0.000009    0.050167 v xp3_s2l1[13].u_xp3/_23_/A (NOR2x1)
     1    0.070230    0.000000    0.000000    0.050167 ^ xp3_s2l1[13].u_xp3/_23_/Y (NOR2x1)
                                                         xp3_s2l1[13].u_xp3/sum_bit[0].grid_and (net)
                      0.000000    0.013409    0.063576 ^ xp3_s2l1[13].u_xp3/_25_/A (BUFx1)
     4    0.001077    0.200000    0.188000    0.251576 ^ xp3_s2l1[13].u_xp3/_25_/Y (BUFx1)
                                                         ps_flat[65] (net)
                      0.200000    0.000148    0.251724 ^ xp5_s2l2[6].u_xp5/_36_/A (INVx1)
     2    0.000599    0.000000    0.000000    0.251724 v xp5_s2l2[6].u_xp5/_36_/Y (INVx1)
                                                         xp5_s2l2[6].u_xp5/_08_ (net)
                      0.000000    0.000071    0.251795 v xp5_s2l2[6].u_xp5/_59_/A (NOR2x1)
     1    0.070369    0.000000    0.000000    0.251795 ^ xp5_s2l2[6].u_xp5/_59_/Y (NOR2x1)
                                                         xp5_s2l2[6].u_xp5/sum_bit[0].grid_and (net)
                      0.000000    0.013211    0.265006 ^ xp5_s2l2[6].u_xp5/_61_/A (BUFx1)
     2    0.000238    0.200000    0.188000    0.453006 ^ xp5_s2l2[6].u_xp5/_61_/Y (BUFx1)
                                                         r4_split[6].boh[0] (net)
                      0.200000    0.000004    0.453010 ^ _721_/A (NOR2x1)
     1    0.000235    0.000000    0.000000    0.453010 v _721_/Y (NOR2x1)
                                                         _276_ (net)
                      0.000000    0.000006    0.453016 v _723_/A (NAND2x1)
     3    0.000792    0.000000    0.000000    0.453016 ^ _723_/Y (NAND2x1)
                                                         lo_flat[24] (net)
                      0.000000    0.000075    0.453092 ^ xp4_lo_l1[3].u_xp4/_18_/A (INVx1)
     2    0.000385    0.000000    0.000000    0.453092 v xp4_lo_l1[3].u_xp4/_18_/Y (INVx1)
                                                         xp4_lo_l1[3].u_xp4/_00_ (net)
                      0.000000    0.000032    0.453124 v xp4_lo_l1[3].u_xp4/_41_/B (NOR2x1)
     1    0.070376    0.000000    0.000000    0.453124 ^ xp4_lo_l1[3].u_xp4/_41_/Y (NOR2x1)
                                                         xp4_lo_l1[3].u_xp4/sum_bit[0].grid_and (net)
                      0.000000    0.012885    0.466009 ^ xp4_lo_l1[3].u_xp4/_43_/A (BUFx1)
     4    0.001185    0.200000    0.188000    0.654009 ^ xp4_lo_l1[3].u_xp4/_43_/Y (BUFx1)
                                                         ll1_flat[21] (net)
                      0.200000    0.000112    0.654120 ^ xp7_lo_l2[1].u_xp7/_064_/A (INVx1)
     4    0.000877    0.000000    0.000000    0.654120 v xp7_lo_l2[1].u_xp7/_064_/Y (INVx1)
                                                         xp7_lo_l2[1].u_xp7/_005_ (net)
                      0.000000    0.000177    0.654298 v xp7_lo_l2[1].u_xp7/_127_/A (NOR2x1)
     1    0.070209    0.000000    0.000000    0.654298 ^ xp7_lo_l2[1].u_xp7/_127_/Y (NOR2x1)
                                                         xp7_lo_l2[1].u_xp7/sum_bit[0].grid_and (net)
                      0.000000    0.004452    0.658749 ^ xp7_lo_l2[1].u_xp7/_129_/A (BUFx1)
     7    0.001950    0.200000    0.188000    0.846749 ^ xp7_lo_l2[1].u_xp7/_129_/Y (BUFx1)
                                                         ll2_flat[13] (net)
                      0.200000    0.000268    0.847017 ^ u_xp13_lo_l3/_220_/A (INVx1)
     7    0.002482    0.000000    0.000000    0.847017 v u_xp13_lo_l3/_220_/Y (INVx1)
                                                         u_xp13_lo_l3/_177_ (net)
                      0.000000    0.000187    0.847204 v u_xp13_lo_l3/_451_/A (NOR2x1)
     1    0.070213    0.000000    0.000000    0.847204 ^ u_xp13_lo_l3/_451_/Y (NOR2x1)
                                                         u_xp13_lo_l3/sum_bit[0].grid_and (net)
                      0.000000    0.004278    0.851481 ^ u_xp13_lo_l3/_453_/A (BUFx1)
     1    0.000177    0.200000    0.188000    1.039481 ^ u_xp13_lo_l3/_453_/Y (BUFx1)
                                                         low_sum[0] (net)
                      0.200000    0.000009    1.039490 ^ _301_/B (NOR2x1)
     1    0.000334    0.000000    0.000000    1.039490 v _301_/Y (NOR2x1)
                                                         _001_ (net)
                      0.000000    0.000044    1.039534 v _302_/B (NAND2x1)
    15    0.005083    0.000000    0.000000    1.039534 ^ _302_/Y (NAND2x1)
                                                         carry[0] (net)
                      0.000000    0.003588    1.043123 ^ u_xp17x7_carry/_279_/A1 (AOI21x1)
     1    0.000350    0.000000    0.000000    1.043123 v u_xp17x7_carry/_279_/Y (AOI21x1)
                                                         u_xp17x7_carry/_071_ (net)
                      0.000000    0.000049    1.043172 v u_xp17x7_carry/_280_/B (NAND2x1)
     2    0.000470    0.000000    0.000000    1.043172 ^ u_xp17x7_carry/_280_/Y (NAND2x1)
                                                         upper[15] (net)
                      0.000000    0.000034    1.043206 ^ _346_/A (NOR2x1)
     2    0.000783    0.000000    0.000000    1.043206 v _346_/Y (NOR2x1)
                                                         _038_ (net)
                      0.000000    0.000050    1.043256 v _347_/B (NAND2x1)
     2    0.000906    0.000000    0.000000    1.043256 ^ _347_/Y (NAND2x1)
                                                         _039_ (net)
                      0.000000    0.000048    1.043304 ^ _379_/A (INVx1)
     1    0.000340    0.000000    0.000000    1.043304 v _379_/Y (INVx1)
                                                         _068_ (net)
                      0.000000    0.000008    1.043312 v _380_/B (NAND2x1)
     1    0.000331    0.000000    0.000000    1.043312 ^ _380_/Y (NAND2x1)
                                                         hd[5] (net)
                      0.000000    0.000026    1.043338 ^ hd[5] (out)
                                              1.043338   data arrival time

                      0.000000    0.200000    0.200000   clock vclk (rise edge)
                                  0.000000    0.200000   clock network delay (ideal)
                                  0.000000    0.200000   clock reconvergence pessimism
                                 -0.050000    0.150000   output external delay
                                              0.150000   data required time
---------------------------------------------------------------------------------------------
                                              0.150000   data required time
                                             -1.043338   data arrival time
---------------------------------------------------------------------------------------------
                                             -0.893338   slack (VIOLATED)


Startpoint: A[54] (input port clocked by vclk)
Endpoint: hd[6] (output port clocked by vclk)
Path Group: vclk
Path Type: max

Fanout         Cap        Slew       Delay        Time   Description
---------------------------------------------------------------------------------------------
                      0.000000    0.000000    0.000000   clock vclk (rise edge)
                                  0.000000    0.000000   clock network delay (ideal)
                                  0.050000    0.050000 v input external delay
     1    0.000519    0.100000    0.000000    0.050000 v A[54] (in)
                                                         A[54] (net)
                      0.100157    0.000050    0.050050 v _578_/A (XNOR2x1)
     2    0.000287    0.000000    0.000000    0.050050 ^ _578_/Y (XNOR2x1)
                                                         _184_ (net)
                      0.000000    0.000009    0.050059 ^ _579_/A (INVx1)
     1    0.000196    0.000000    0.000000    0.050059 v _579_/Y (INVx1)
                                                         _185_ (net)
                      0.000000    0.000014    0.050073 v _582_/A (NOR2x1)
     3    0.000613    0.000000    0.000000    0.050073 ^ _582_/Y (NOR2x1)
                                                         cell_oh_flat[81] (net)
                      0.000000    0.000086    0.050158 ^ xp3_s2l1[13].u_xp3/_16_/A (INVx1)
     2    0.000396    0.000000    0.000000    0.050158 v xp3_s2l1[13].u_xp3/_16_/Y (INVx1)
                                                         xp3_s2l1[13].u_xp3/_05_ (net)
                      0.000000    0.000009    0.050167 v xp3_s2l1[13].u_xp3/_23_/A (NOR2x1)
     1    0.070230    0.000000    0.000000    0.050167 ^ xp3_s2l1[13].u_xp3/_23_/Y (NOR2x1)
                                                         xp3_s2l1[13].u_xp3/sum_bit[0].grid_and (net)
                      0.000000    0.013409    0.063576 ^ xp3_s2l1[13].u_xp3/_25_/A (BUFx1)
     4    0.001077    0.200000    0.188000    0.251576 ^ xp3_s2l1[13].u_xp3/_25_/Y (BUFx1)
                                                         ps_flat[65] (net)
                      0.200000    0.000148    0.251724 ^ xp5_s2l2[6].u_xp5/_36_/A (INVx1)
     2    0.000599    0.000000    0.000000    0.251724 v xp5_s2l2[6].u_xp5/_36_/Y (INVx1)
                                                         xp5_s2l2[6].u_xp5/_08_ (net)
                      0.000000    0.000071    0.251795 v xp5_s2l2[6].u_xp5/_59_/A (NOR2x1)
     1    0.070369    0.000000    0.000000    0.251795 ^ xp5_s2l2[6].u_xp5/_59_/Y (NOR2x1)
                                                         xp5_s2l2[6].u_xp5/sum_bit[0].grid_and (net)
                      0.000000    0.013211    0.265006 ^ xp5_s2l2[6].u_xp5/_61_/A (BUFx1)
     2    0.000238    0.200000    0.188000    0.453006 ^ xp5_s2l2[6].u_xp5/_61_/Y (BUFx1)
                                                         r4_split[6].boh[0] (net)
                      0.200000    0.000004    0.453010 ^ _721_/A (NOR2x1)
     1    0.000235    0.000000    0.000000    0.453010 v _721_/Y (NOR2x1)
                                                         _276_ (net)
                      0.000000    0.000006    0.453016 v _723_/A (NAND2x1)
     3    0.000792    0.000000    0.000000    0.453016 ^ _723_/Y (NAND2x1)
                                                         lo_flat[24] (net)
                      0.000000    0.000075    0.453092 ^ xp4_lo_l1[3].u_xp4/_18_/A (INVx1)
     2    0.000385    0.000000    0.000000    0.453092 v xp4_lo_l1[3].u_xp4/_18_/Y (INVx1)
                                                         xp4_lo_l1[3].u_xp4/_00_ (net)
                      0.000000    0.000032    0.453124 v xp4_lo_l1[3].u_xp4/_41_/B (NOR2x1)
     1    0.070376    0.000000    0.000000    0.453124 ^ xp4_lo_l1[3].u_xp4/_41_/Y (NOR2x1)
                                                         xp4_lo_l1[3].u_xp4/sum_bit[0].grid_and (net)
                      0.000000    0.012885    0.466009 ^ xp4_lo_l1[3].u_xp4/_43_/A (BUFx1)
     4    0.001185    0.200000    0.188000    0.654009 ^ xp4_lo_l1[3].u_xp4/_43_/Y (BUFx1)
                                                         ll1_flat[21] (net)
                      0.200000    0.000112    0.654120 ^ xp7_lo_l2[1].u_xp7/_064_/A (INVx1)
     4    0.000877    0.000000    0.000000    0.654120 v xp7_lo_l2[1].u_xp7/_064_/Y (INVx1)
                                                         xp7_lo_l2[1].u_xp7/_005_ (net)
                      0.000000    0.000177    0.654298 v xp7_lo_l2[1].u_xp7/_127_/A (NOR2x1)
     1    0.070209    0.000000    0.000000    0.654298 ^ xp7_lo_l2[1].u_xp7/_127_/Y (NOR2x1)
                                                         xp7_lo_l2[1].u_xp7/sum_bit[0].grid_and (net)
                      0.000000    0.004452    0.658749 ^ xp7_lo_l2[1].u_xp7/_129_/A (BUFx1)
     7    0.001950    0.200000    0.188000    0.846749 ^ xp7_lo_l2[1].u_xp7/_129_/Y (BUFx1)
                                                         ll2_flat[13] (net)
                      0.200000    0.000268    0.847017 ^ u_xp13_lo_l3/_220_/A (INVx1)
     7    0.002482    0.000000    0.000000    0.847017 v u_xp13_lo_l3/_220_/Y (INVx1)
                                                         u_xp13_lo_l3/_177_ (net)
                      0.000000    0.000187    0.847204 v u_xp13_lo_l3/_451_/A (NOR2x1)
     1    0.070213    0.000000    0.000000    0.847204 ^ u_xp13_lo_l3/_451_/Y (NOR2x1)
                                                         u_xp13_lo_l3/sum_bit[0].grid_and (net)
                      0.000000    0.004278    0.851481 ^ u_xp13_lo_l3/_453_/A (BUFx1)
     1    0.000177    0.200000    0.188000    1.039481 ^ u_xp13_lo_l3/_453_/Y (BUFx1)
                                                         low_sum[0] (net)
                      0.200000    0.000009    1.039490 ^ _301_/B (NOR2x1)
     1    0.000334    0.000000    0.000000    1.039490 v _301_/Y (NOR2x1)
                                                         _001_ (net)
                      0.000000    0.000044    1.039534 v _302_/B (NAND2x1)
    15    0.005083    0.000000    0.000000    1.039534 ^ _302_/Y (NAND2x1)
                                                         carry[0] (net)
                      0.000000    0.003538    1.043072 ^ u_xp17x7_carry/_289_/A1 (AOI21x1)
     1    0.000329    0.000000    0.000000    1.043072 v u_xp17x7_carry/_289_/Y (AOI21x1)
                                                         u_xp17x7_carry/_080_ (net)
                      0.000000    0.000043    1.043115 v u_xp17x7_carry/_290_/B (NAND2x1)
     1    0.000398    0.000000    0.000000    1.043115 ^ u_xp17x7_carry/_290_/Y (NAND2x1)
                                                         upper[16] (net)
                      0.000000    0.000049    1.043164 ^ _381_/A (INVx1)
     1    0.000266    0.000000    0.000000    1.043164 v _381_/Y (INVx1)
                                                         _069_ (net)
                      0.000000    0.000005    1.043169 v _383_/A (NAND2x1)
     1    0.000281    0.000000    0.000000    1.043169 ^ _383_/Y (NAND2x1)
                                                         _071_ (net)
                      0.000000    0.000014    1.043183 ^ _387_/A (NOR2x1)
     1    0.000326    0.000000    0.000000    1.043183 v _387_/Y (NOR2x1)
                                                         _075_ (net)
                      0.000000    0.000017    1.043200 v _388_/A (NAND2x1)
     1    0.000299    0.000000    0.000000    1.043200 ^ _388_/Y (NAND2x1)
                                                         hd[6] (net)
                      0.000000    0.000021    1.043221 ^ hd[6] (out)
                                              1.043221   data arrival time

                      0.000000    0.200000    0.200000   clock vclk (rise edge)
                                  0.000000    0.200000   clock network delay (ideal)
                                  0.000000    0.200000   clock reconvergence pessimism
                                 -0.050000    0.150000   output external delay
                                              0.150000   data required time
---------------------------------------------------------------------------------------------
                                              0.150000   data required time
                                             -1.043221   data arrival time
---------------------------------------------------------------------------------------------
                                             -0.893221   slack (VIOLATED)


Startpoint: A[54] (input port clocked by vclk)
Endpoint: hd[0] (output port clocked by vclk)
Path Group: vclk
Path Type: max

Fanout         Cap        Slew       Delay        Time   Description
---------------------------------------------------------------------------------------------
                      0.000000    0.000000    0.000000   clock vclk (rise edge)
                                  0.000000    0.000000   clock network delay (ideal)
                                  0.050000    0.050000 v input external delay
     1    0.000519    0.100000    0.000000    0.050000 v A[54] (in)
                                                         A[54] (net)
                      0.100157    0.000050    0.050050 v _578_/A (XNOR2x1)
     2    0.000287    0.000000    0.000000    0.050050 ^ _578_/Y (XNOR2x1)
                                                         _184_ (net)
                      0.000000    0.000009    0.050059 ^ _579_/A (INVx1)
     1    0.000196    0.000000    0.000000    0.050059 v _579_/Y (INVx1)
                                                         _185_ (net)
                      0.000000    0.000014    0.050073 v _582_/A (NOR2x1)
     3    0.000613    0.000000    0.000000    0.050073 ^ _582_/Y (NOR2x1)
                                                         cell_oh_flat[81] (net)
                      0.000000    0.000086    0.050158 ^ xp3_s2l1[13].u_xp3/_16_/A (INVx1)
     2    0.000396    0.000000    0.000000    0.050158 v xp3_s2l1[13].u_xp3/_16_/Y (INVx1)
                                                         xp3_s2l1[13].u_xp3/_05_ (net)
                      0.000000    0.000009    0.050167 v xp3_s2l1[13].u_xp3/_23_/A (NOR2x1)
     1    0.070230    0.000000    0.000000    0.050167 ^ xp3_s2l1[13].u_xp3/_23_/Y (NOR2x1)
                                                         xp3_s2l1[13].u_xp3/sum_bit[0].grid_and (net)
                      0.000000    0.013409    0.063576 ^ xp3_s2l1[13].u_xp3/_25_/A (BUFx1)
     4    0.001077    0.200000    0.188000    0.251576 ^ xp3_s2l1[13].u_xp3/_25_/Y (BUFx1)
                                                         ps_flat[65] (net)
                      0.200000    0.000148    0.251724 ^ xp5_s2l2[6].u_xp5/_36_/A (INVx1)
     2    0.000599    0.000000    0.000000    0.251724 v xp5_s2l2[6].u_xp5/_36_/Y (INVx1)
                                                         xp5_s2l2[6].u_xp5/_08_ (net)
                      0.000000    0.000071    0.251795 v xp5_s2l2[6].u_xp5/_59_/A (NOR2x1)
     1    0.070369    0.000000    0.000000    0.251795 ^ xp5_s2l2[6].u_xp5/_59_/Y (NOR2x1)
                                                         xp5_s2l2[6].u_xp5/sum_bit[0].grid_and (net)
                      0.000000    0.013211    0.265006 ^ xp5_s2l2[6].u_xp5/_61_/A (BUFx1)
     2    0.000238    0.200000    0.188000    0.453006 ^ xp5_s2l2[6].u_xp5/_61_/Y (BUFx1)
                                                         r4_split[6].boh[0] (net)
                      0.200000    0.000004    0.453010 ^ _721_/A (NOR2x1)
     1    0.000235    0.000000    0.000000    0.453010 v _721_/Y (NOR2x1)
                                                         _276_ (net)
                      0.000000    0.000006    0.453016 v _723_/A (NAND2x1)
     3    0.000792    0.000000    0.000000    0.453016 ^ _723_/Y (NAND2x1)
                                                         lo_flat[24] (net)
                      0.000000    0.000075    0.453092 ^ xp4_lo_l1[3].u_xp4/_18_/A (INVx1)
     2    0.000385    0.000000    0.000000    0.453092 v xp4_lo_l1[3].u_xp4/_18_/Y (INVx1)
                                                         xp4_lo_l1[3].u_xp4/_00_ (net)
                      0.000000    0.000032    0.453124 v xp4_lo_l1[3].u_xp4/_41_/B (NOR2x1)
     1    0.070376    0.000000    0.000000    0.453124 ^ xp4_lo_l1[3].u_xp4/_41_/Y (NOR2x1)
                                                         xp4_lo_l1[3].u_xp4/sum_bit[0].grid_and (net)
                      0.000000    0.012885    0.466009 ^ xp4_lo_l1[3].u_xp4/_43_/A (BUFx1)
     4    0.001185    0.200000    0.188000    0.654009 ^ xp4_lo_l1[3].u_xp4/_43_/Y (BUFx1)
                                                         ll1_flat[21] (net)
                      0.200000    0.000112    0.654120 ^ xp7_lo_l2[1].u_xp7/_064_/A (INVx1)
     4    0.000877    0.000000    0.000000    0.654120 v xp7_lo_l2[1].u_xp7/_064_/Y (INVx1)
                                                         xp7_lo_l2[1].u_xp7/_005_ (net)
                      0.000000    0.000177    0.654298 v xp7_lo_l2[1].u_xp7/_127_/A (NOR2x1)
     1    0.070209    0.000000    0.000000    0.654298 ^ xp7_lo_l2[1].u_xp7/_127_/Y (NOR2x1)
                                                         xp7_lo_l2[1].u_xp7/sum_bit[0].grid_and (net)
                      0.000000    0.004452    0.658749 ^ xp7_lo_l2[1].u_xp7/_129_/A (BUFx1)
     7    0.001950    0.200000    0.188000    0.846749 ^ xp7_lo_l2[1].u_xp7/_129_/Y (BUFx1)
                                                         ll2_flat[13] (net)
                      0.200000    0.000268    0.847017 ^ u_xp13_lo_l3/_220_/A (INVx1)
     7    0.002482    0.000000    0.000000    0.847017 v u_xp13_lo_l3/_220_/Y (INVx1)
                                                         u_xp13_lo_l3/_177_ (net)
                      0.000000    0.000409    0.847426 v u_xp13_lo_l3/_319_/B (NOR2x1)
     1    0.000275    0.000000    0.000000    0.847426 ^ u_xp13_lo_l3/_319_/Y (NOR2x1)
                                                         u_xp13_lo_l3/_053_ (net)
                      0.000000    0.000029    0.847456 ^ u_xp13_lo_l3/_320_/B (AOI21x1)
     1    0.000458    0.000000    0.000000    0.847456 v u_xp13_lo_l3/_320_/Y (AOI21x1)
                                                         u_xp13_lo_l3/_054_ (net)
                      0.000000    0.000060    0.847516 v u_xp13_lo_l3/_321_/B (NAND2x1)
     1    0.000188    0.000000    0.000000    0.847516 ^ u_xp13_lo_l3/_321_/Y (NAND2x1)
                                                         u_xp13_lo_l3/_055_ (net)
                      0.000000    0.000009    0.847525 ^ u_xp13_lo_l3/_325_/A (NOR2x1)
     1    0.000317    0.000000    0.000000    0.847525 v u_xp13_lo_l3/_325_/Y (NOR2x1)
                                                         u_xp13_lo_l3/_059_ (net)
                      0.000000    0.000015    0.847540 v u_xp13_lo_l3/_333_/A (NAND2x1)
     2    0.000802    0.000000    0.000000    0.847540 ^ u_xp13_lo_l3/_333_/Y (NAND2x1)
                                                         low_sum[11] (net)
                      0.000000    0.000139    0.847679 ^ _326_/A (INVx1)
     1    0.000219    0.000000    0.000000    0.847679 v _326_/Y (INVx1)
                                                         _020_ (net)
                      0.000000    0.000018    0.847696 v _327_/B (NAND2x1)
     1    0.000427    0.000000    0.000000    0.847696 ^ _327_/Y (NAND2x1)
                                                         _021_ (net)
                      0.000000    0.000058    0.847754 ^ _328_/A (NOR2x1)
     1    0.000154    0.000000    0.000000    0.847754 v _328_/Y (NOR2x1)
                                                         _022_ (net)
                      0.000000    0.000006    0.847761 v _330_/A (NAND2x1)
     1    0.000256    0.000000    0.000000    0.847761 ^ _330_/Y (NAND2x1)
                                                         _024_ (net)
                      0.000000    0.000025    0.847786 ^ _331_/A (NOR2x1)
     2    0.000481    0.000000    0.000000    0.847786 v _331_/Y (NOR2x1)
                                                         _025_ (net)
                      0.000000    0.000025    0.847811 v _332_/B (NAND2x1)
     1    0.000734    0.000000    0.000000    0.847811 ^ _332_/Y (NAND2x1)
                                                         hd[0] (net)
                      0.000000    0.000156    0.847967 ^ hd[0] (out)
                                              0.847967   data arrival time

                      0.000000    0.200000    0.200000   clock vclk (rise edge)
                                  0.000000    0.200000   clock network delay (ideal)
                                  0.000000    0.200000   clock reconvergence pessimism
                                 -0.050000    0.150000   output external delay
                                              0.150000   data required time
---------------------------------------------------------------------------------------------
                                              0.150000   data required time
                                             -0.847967   data arrival time
---------------------------------------------------------------------------------------------
                                             -0.697967   slack (VIOLATED)


Startpoint: A[54] (input port clocked by vclk)
Endpoint: hd[1] (output port clocked by vclk)
Path Group: vclk
Path Type: max

Fanout         Cap        Slew       Delay        Time   Description
---------------------------------------------------------------------------------------------
                      0.000000    0.000000    0.000000   clock vclk (rise edge)
                                  0.000000    0.000000   clock network delay (ideal)
                                  0.050000    0.050000 v input external delay
     1    0.000519    0.100000    0.000000    0.050000 v A[54] (in)
                                                         A[54] (net)
                      0.100157    0.000050    0.050050 v _578_/A (XNOR2x1)
     2    0.000287    0.000000    0.000000    0.050050 ^ _578_/Y (XNOR2x1)
                                                         _184_ (net)
                      0.000000    0.000009    0.050059 ^ _579_/A (INVx1)
     1    0.000196    0.000000    0.000000    0.050059 v _579_/Y (INVx1)
                                                         _185_ (net)
                      0.000000    0.000014    0.050073 v _582_/A (NOR2x1)
     3    0.000613    0.000000    0.000000    0.050073 ^ _582_/Y (NOR2x1)
                                                         cell_oh_flat[81] (net)
                      0.000000    0.000086    0.050158 ^ xp3_s2l1[13].u_xp3/_16_/A (INVx1)
     2    0.000396    0.000000    0.000000    0.050158 v xp3_s2l1[13].u_xp3/_16_/Y (INVx1)
                                                         xp3_s2l1[13].u_xp3/_05_ (net)
                      0.000000    0.000009    0.050167 v xp3_s2l1[13].u_xp3/_23_/A (NOR2x1)
     1    0.070230    0.000000    0.000000    0.050167 ^ xp3_s2l1[13].u_xp3/_23_/Y (NOR2x1)
                                                         xp3_s2l1[13].u_xp3/sum_bit[0].grid_and (net)
                      0.000000    0.013409    0.063576 ^ xp3_s2l1[13].u_xp3/_25_/A (BUFx1)
     4    0.001077    0.200000    0.188000    0.251576 ^ xp3_s2l1[13].u_xp3/_25_/Y (BUFx1)
                                                         ps_flat[65] (net)
                      0.200000    0.000148    0.251724 ^ xp5_s2l2[6].u_xp5/_36_/A (INVx1)
     2    0.000599    0.000000    0.000000    0.251724 v xp5_s2l2[6].u_xp5/_36_/Y (INVx1)
                                                         xp5_s2l2[6].u_xp5/_08_ (net)
                      0.000000    0.000071    0.251795 v xp5_s2l2[6].u_xp5/_59_/A (NOR2x1)
     1    0.070369    0.000000    0.000000    0.251795 ^ xp5_s2l2[6].u_xp5/_59_/Y (NOR2x1)
                                                         xp5_s2l2[6].u_xp5/sum_bit[0].grid_and (net)
                      0.000000    0.013211    0.265006 ^ xp5_s2l2[6].u_xp5/_61_/A (BUFx1)
     2    0.000238    0.200000    0.188000    0.453006 ^ xp5_s2l2[6].u_xp5/_61_/Y (BUFx1)
                                                         r4_split[6].boh[0] (net)
                      0.200000    0.000004    0.453010 ^ _721_/A (NOR2x1)
     1    0.000235    0.000000    0.000000    0.453010 v _721_/Y (NOR2x1)
                                                         _276_ (net)
                      0.000000    0.000006    0.453016 v _723_/A (NAND2x1)
     3    0.000792    0.000000    0.000000    0.453016 ^ _723_/Y (NAND2x1)
                                                         lo_flat[24] (net)
                      0.000000    0.000075    0.453092 ^ xp4_lo_l1[3].u_xp4/_18_/A (INVx1)
     2    0.000385    0.000000    0.000000    0.453092 v xp4_lo_l1[3].u_xp4/_18_/Y (INVx1)
                                                         xp4_lo_l1[3].u_xp4/_00_ (net)
                      0.000000    0.000032    0.453124 v xp4_lo_l1[3].u_xp4/_41_/B (NOR2x1)
     1    0.070376    0.000000    0.000000    0.453124 ^ xp4_lo_l1[3].u_xp4/_41_/Y (NOR2x1)
                                                         xp4_lo_l1[3].u_xp4/sum_bit[0].grid_and (net)
                      0.000000    0.012885    0.466009 ^ xp4_lo_l1[3].u_xp4/_43_/A (BUFx1)
     4    0.001185    0.200000    0.188000    0.654009 ^ xp4_lo_l1[3].u_xp4/_43_/Y (BUFx1)
                                                         ll1_flat[21] (net)
                      0.200000    0.000112    0.654120 ^ xp7_lo_l2[1].u_xp7/_064_/A (INVx1)
     4    0.000877    0.000000    0.000000    0.654120 v xp7_lo_l2[1].u_xp7/_064_/Y (INVx1)
                                                         xp7_lo_l2[1].u_xp7/_005_ (net)
                      0.000000    0.000177    0.654298 v xp7_lo_l2[1].u_xp7/_127_/A (NOR2x1)
     1    0.070209    0.000000    0.000000    0.654298 ^ xp7_lo_l2[1].u_xp7/_127_/Y (NOR2x1)
                                                         xp7_lo_l2[1].u_xp7/sum_bit[0].grid_and (net)
                      0.000000    0.004452    0.658749 ^ xp7_lo_l2[1].u_xp7/_129_/A (BUFx1)
     7    0.001950    0.200000    0.188000    0.846749 ^ xp7_lo_l2[1].u_xp7/_129_/Y (BUFx1)
                                                         ll2_flat[13] (net)
                      0.200000    0.000268    0.847017 ^ u_xp13_lo_l3/_220_/A (INVx1)
     7    0.002482    0.000000    0.000000    0.847017 v u_xp13_lo_l3/_220_/Y (INVx1)
                                                         u_xp13_lo_l3/_177_ (net)
                      0.000000    0.000409    0.847426 v u_xp13_lo_l3/_319_/B (NOR2x1)
     1    0.000275    0.000000    0.000000    0.847426 ^ u_xp13_lo_l3/_319_/Y (NOR2x1)
                                                         u_xp13_lo_l3/_053_ (net)
                      0.000000    0.000029    0.847456 ^ u_xp13_lo_l3/_320_/B (AOI21x1)
     1    0.000458    0.000000    0.000000    0.847456 v u_xp13_lo_l3/_320_/Y (AOI21x1)
                                                         u_xp13_lo_l3/_054_ (net)
                      0.000000    0.000060    0.847516 v u_xp13_lo_l3/_321_/B (NAND2x1)
     1    0.000188    0.000000    0.000000    0.847516 ^ u_xp13_lo_l3/_321_/Y (NAND2x1)
                                                         u_xp13_lo_l3/_055_ (net)
                      0.000000    0.000009    0.847525 ^ u_xp13_lo_l3/_325_/A (NOR2x1)
     1    0.000317    0.000000    0.000000    0.847525 v u_xp13_lo_l3/_325_/Y (NOR2x1)
                                                         u_xp13_lo_l3/_059_ (net)
                      0.000000    0.000015    0.847540 v u_xp13_lo_l3/_333_/A (NAND2x1)
     2    0.000802    0.000000    0.000000    0.847540 ^ u_xp13_lo_l3/_333_/Y (NAND2x1)
                                                         low_sum[11] (net)
                      0.000000    0.000139    0.847679 ^ _326_/A (INVx1)
     1    0.000219    0.000000    0.000000    0.847679 v _326_/Y (INVx1)
                                                         _020_ (net)
                      0.000000    0.000018    0.847696 v _327_/B (NAND2x1)
     1    0.000427    0.000000    0.000000    0.847696 ^ _327_/Y (NAND2x1)
                                                         _021_ (net)
                      0.000000    0.000058    0.847754 ^ _328_/A (NOR2x1)
     1    0.000154    0.000000    0.000000    0.847754 v _328_/Y (NOR2x1)
                                                         _022_ (net)
                      0.000000    0.000006    0.847761 v _330_/A (NAND2x1)
     1    0.000256    0.000000    0.000000    0.847761 ^ _330_/Y (NAND2x1)
                                                         _024_ (net)
                      0.000000    0.000025    0.847786 ^ _331_/A (NOR2x1)
     2    0.000481    0.000000    0.000000    0.847786 v _331_/Y (NOR2x1)
                                                         _025_ (net)
                      0.000000    0.000026    0.847812 v _340_/B (NAND2x1)
     1    0.000785    0.000000    0.000000    0.847812 ^ _340_/Y (NAND2x1)
                                                         hd[1] (net)
                      0.000000    0.000095    0.847907 ^ hd[1] (out)
                                              0.847907   data arrival time

                      0.000000    0.200000    0.200000   clock vclk (rise edge)
                                  0.000000    0.200000   clock network delay (ideal)
                                  0.000000    0.200000   clock reconvergence pessimism
                                 -0.050000    0.150000   output external delay
                                              0.150000   data required time
---------------------------------------------------------------------------------------------
                                              0.150000   data required time
                                             -0.847907   data arrival time
---------------------------------------------------------------------------------------------
                                             -0.697907   slack (VIOLATED)



