
===========================================================================
report_checks -path_delay min (Hold)
============================================================================
======================= nom_tt_025C_0v50 Corner ===================================

Startpoint: A[12] (input port clocked by vclk)
Endpoint: hd[1] (output port clocked by vclk)
Path Group: vclk
Path Type: min

Fanout         Cap        Slew       Delay        Time   Description
---------------------------------------------------------------------------------------------
                      0.000000    0.000000    0.000000   clock vclk (rise edge)
                                  0.000000    0.000000   clock network delay (ideal)
                                  0.050000    0.050000 ^ input external delay
     1    0.000226    0.100000    0.000000    0.050000 ^ A[12] (in)
                                                         A[12] (net)
                      0.100034    0.000011    0.050011 ^ _431_/A (XNOR2x1)
     2    0.000463    0.000000    0.000000    0.050011 ^ _431_/Y (XNOR2x1)
                                                         _100_ (net)
                      0.000000    0.000041    0.050052 ^ _432_/A (INVx1)
     1    0.000179    0.000000    0.000000    0.050052 v _432_/Y (INVx1)
                                                         _101_ (net)
                      0.000000    0.000011    0.050063 v _435_/A (NOR2x1)
     3    0.000662    0.000000    0.000000    0.050063 ^ _435_/Y (NOR2x1)
                                                         cell_oh_flat[18] (net)
                      0.000000    0.000035    0.050098 ^ xp3_s2l1[3].u_xp3/_10_/A (INVx1)
     2    0.000428    0.000000    0.000000    0.050098 v xp3_s2l1[3].u_xp3/_10_/Y (INVx1)
                                                         xp3_s2l1[3].u_xp3/_00_ (net)
                      0.000000    0.000004    0.050102 v xp3_s2l1[3].u_xp3/_13_/A0 (OAI21x1)
     2    0.000541    0.000000    0.000000    0.050102 ^ xp3_s2l1[3].u_xp3/_13_/Y (OAI21x1)
                                                         ps_flat[16] (net)
                      0.000000    0.000034    0.050137 ^ xp5_s2l2[1].u_xp5/_27_/A (INVx1)
     4    0.000984    0.000000    0.000000    0.050137 v xp5_s2l2[1].u_xp5/_27_/Y (INVx1)
                                                         xp5_s2l2[1].u_xp5/_01_ (net)
                      0.000000    0.000043    0.050180 v xp5_s2l2[1].u_xp5/_34_/A1 (OAI21x1)
     2    0.000442    0.000000    0.000000    0.050180 ^ xp5_s2l2[1].u_xp5/_34_/Y (OAI21x1)
                                                         r4_split[1].boh[2] (net)
                      0.000000    0.000028    0.050208 ^ _637_/A (INVx1)
     1    0.000177    0.000000    0.000000    0.050208 v _637_/Y (INVx1)
                                                         _220_ (net)
                      0.000000    0.000011    0.050219 v _639_/A (NAND2x1)
     3    0.000717    0.000000    0.000000    0.050219 ^ _639_/Y (NAND2x1)
                                                         lo_flat[6] (net)
                      0.000000    0.000077    0.050296 ^ xp4_lo_l1[0].u_xp4/_28_/A (INVx1)
     2    0.000396    0.000000    0.000000    0.050296 v xp4_lo_l1[0].u_xp4/_28_/Y (INVx1)
                                                         xp4_lo_l1[0].u_xp4/_08_ (net)
                      0.000000    0.000006    0.050302 v xp4_lo_l1[0].u_xp4/_37_/A1 (OAI21x1)
     5    0.001385    0.000000    0.000000    0.050302 ^ xp4_lo_l1[0].u_xp4/_37_/Y (OAI21x1)
                                                         ll1_flat[4] (net)
                      0.000000    0.000038    0.050340 ^ xp7_lo_l2[0].u_xp7/_123_/A1 (AOI21x1)
     1    0.000225    0.000000    0.000000    0.050340 v xp7_lo_l2[0].u_xp7/_123_/Y (AOI21x1)
                                                         xp7_lo_l2[0].u_xp7/_056_ (net)
                      0.000000    0.000007    0.050347 v xp7_lo_l2[0].u_xp7/_124_/B (OAI21x1)
     7    0.001660    0.000000    0.000000    0.050347 ^ xp7_lo_l2[0].u_xp7/_124_/Y (OAI21x1)
                                                         ll2_flat[10] (net)
                      0.000000    0.000098    0.050445 ^ u_xp13_lo_l3/_447_/A1 (AOI21x1)
     1    0.000410    0.000000    0.000000    0.050445 v u_xp13_lo_l3/_447_/Y (AOI21x1)
                                                         u_xp13_lo_l3/_170_ (net)
                      0.000000    0.000047    0.050492 v u_xp13_lo_l3/_448_/B (OAI21x1)
     2    0.000380    0.000000    0.000000    0.050492 ^ u_xp13_lo_l3/_448_/Y (OAI21x1)
                                                         low_sum[22] (net)
                      0.000000    0.000017    0.050510 ^ _333_/A (NOR2x1)
     1    0.000425    0.000000    0.000000    0.050510 v _333_/Y (NOR2x1)
                                                         _026_ (net)
                      0.000000    0.000025    0.050535 v _335_/A (NAND2x1)
     1    0.000315    0.000000    0.000000    0.050535 ^ _335_/Y (NAND2x1)
                                                         _028_ (net)
                      0.000000    0.000018    0.050553 ^ _339_/A (NOR2x1)
     1    0.000155    0.000000    0.000000    0.050553 v _339_/Y (NOR2x1)
                                                         _032_ (net)
                      0.000000    0.000006    0.050559 v _340_/A (NAND2x1)
     1    0.000785    0.000000    0.000000    0.050559 ^ _340_/Y (NAND2x1)
                                                         hd[1] (net)
                      0.000000    0.000095    0.050654 ^ hd[1] (out)
                                              0.050654   data arrival time

                      0.000000    0.000000    0.000000   clock vclk (rise edge)
                                  0.000000    0.000000   clock network delay (ideal)
                                  0.000000    0.000000   clock reconvergence pessimism
                                 -0.050000   -0.050000   output external delay
                                             -0.050000   data required time
---------------------------------------------------------------------------------------------
                                             -0.050000   data required time
                                             -0.050654   data arrival time
---------------------------------------------------------------------------------------------
                                              0.100654   slack (MET)


Startpoint: A[4] (input port clocked by vclk)
Endpoint: hd[5] (output port clocked by vclk)
Path Group: vclk
Path Type: min

Fanout         Cap        Slew       Delay        Time   Description
---------------------------------------------------------------------------------------------
                      0.000000    0.000000    0.000000   clock vclk (rise edge)
                                  0.000000    0.000000   clock network delay (ideal)
                                  0.050000    0.050000 ^ input external delay
     1    0.000213    0.100000    0.000000    0.050000 ^ A[4] (in)
                                                         A[4] (net)
                      0.100029    0.000009    0.050009 ^ _403_/A (XNOR2x1)
     2    0.000439    0.000000    0.000000    0.050009 v _403_/Y (XNOR2x1)
                                                         _084_ (net)
                      0.000000    0.000033    0.050042 v _408_/A (NOR2x1)
     3    0.000568    0.000000    0.000000    0.050042 ^ _408_/Y (NOR2x1)
                                                         cell_oh_flat[8] (net)
                      0.000000    0.000027    0.050069 ^ xp3_s2l1[1].u_xp3/_21_/A (NAND2x1)
     1    0.000124    0.000000    0.000000    0.050069 v xp3_s2l1[1].u_xp3/_21_/Y (NAND2x1)
                                                         xp3_s2l1[1].u_xp3/_09_ (net)
                      0.000000    0.000003    0.050071 v xp3_s2l1[1].u_xp3/_22_/B (OAI21x1)
     5    0.001121    0.000000    0.000000    0.050071 ^ xp3_s2l1[1].u_xp3/_22_/Y (OAI21x1)
                                                         ps_flat[8] (net)
                      0.000000    0.000043    0.050114 ^ xp5_s2l2[0].u_xp5/_51_/A0 (AOI21x1)
     1    0.000293    0.000000    0.000000    0.050114 v xp5_s2l2[0].u_xp5/_51_/Y (AOI21x1)
                                                         xp5_s2l2[0].u_xp5/_21_ (net)
                      0.000000    0.000015    0.050129 v xp5_s2l2[0].u_xp5/_52_/B (OAI21x1)
     2    0.000504    0.000000    0.000000    0.050129 ^ xp5_s2l2[0].u_xp5/_52_/Y (OAI21x1)
                                                         r4_split[0].boh[5] (net)
                      0.000000    0.000031    0.050159 ^ _629_/A (NOR2x1)
     1    0.000142    0.000000    0.000000    0.050159 v _629_/Y (NOR2x1)
                                                         _215_ (net)
                      0.000000    0.000004    0.050164 v _630_/B (NAND2x1)
     2    0.000235    0.000000    0.000000    0.050164 ^ _630_/Y (NAND2x1)
                                                         hi_flat[1] (net)
                      0.000000    0.000004    0.050168 ^ xp3_hi_l1[0].u_xp3/_14_/A (INVx1)
     2    0.000506    0.000000    0.000000    0.050168 v xp3_hi_l1[0].u_xp3/_14_/Y (INVx1)
                                                         xp3_hi_l1[0].u_xp3/_03_ (net)
                      0.000000    0.000014    0.050182 v xp3_hi_l1[0].u_xp3/_19_/A0 (OAI21x1)
     5    0.001205    0.000000    0.000000    0.050182 ^ xp3_hi_l1[0].u_xp3/_19_/Y (OAI21x1)
                                                         hl1_flat[2] (net)
                      0.000000    0.000053    0.050235 ^ xp5_hi_l2[0].u_xp5/_51_/A1 (AOI21x1)
     1    0.000230    0.000000    0.000000    0.050235 v xp5_hi_l2[0].u_xp5/_51_/Y (AOI21x1)
                                                         xp5_hi_l2[0].u_xp5/_21_ (net)
                      0.000000    0.000007    0.050242 v xp5_hi_l2[0].u_xp5/_52_/B (OAI21x1)
     8    0.002214    0.000000    0.000000    0.050242 ^ xp5_hi_l2[0].u_xp5/_52_/Y (OAI21x1)
                                                         hl2_flat[5] (net)
                      0.000000    0.000118    0.050361 ^ u_xp9_hi_l3/_155_/A (NAND2x1)
     1    0.000207    0.000000    0.000000    0.050361 v u_xp9_hi_l3/_155_/Y (NAND2x1)
                                                         u_xp9_hi_l3/_091_ (net)
                      0.000000    0.000012    0.050373 v u_xp9_hi_l3/_156_/B (OAI21x1)
     1    0.000476    0.000000    0.000000    0.050373 ^ u_xp9_hi_l3/_156_/Y (OAI21x1)
                                                         u_xp9_hi_l3/_092_ (net)
                      0.000000    0.000071    0.050444 ^ u_xp9_hi_l3/_157_/B (NOR2x1)
     1    0.000169    0.000000    0.000000    0.050444 v u_xp9_hi_l3/_157_/Y (NOR2x1)
                                                         u_xp9_hi_l3/_093_ (net)
                      0.000000    0.000007    0.050451 v u_xp9_hi_l3/_164_/A (NAND2x1)
     5    0.000906    0.000000    0.000000    0.050451 ^ u_xp9_hi_l3/_164_/Y (NAND2x1)
                                                         high_sum[8] (net)
                      0.000000    0.000120    0.050571 ^ u_xp17x7_carry/_209_/A0 (AOI21x1)
     1    0.000320    0.000000    0.000000    0.050571 v u_xp17x7_carry/_209_/Y (AOI21x1)
                                                         u_xp17x7_carry/_008_ (net)
                      0.000000    0.000041    0.050612 v u_xp17x7_carry/_210_/B (NAND2x1)
     1    0.000128    0.000000    0.000000    0.050612 ^ u_xp17x7_carry/_210_/Y (NAND2x1)
                                                         upper[8] (net)
                      0.000000    0.000003    0.050615 ^ _374_/A (INVx1)
     1    0.000132    0.000000    0.000000    0.050615 v _374_/Y (INVx1)
                                                         _063_ (net)
                      0.000000    0.000005    0.050620 v _375_/A (NAND2x1)
     1    0.000265    0.000000    0.000000    0.050620 ^ _375_/Y (NAND2x1)
                                                         _064_ (net)
                      0.000000    0.000027    0.050647 ^ _378_/A (NOR2x1)
     1    0.000320    0.000000    0.000000    0.050647 v _378_/Y (NOR2x1)
                                                         _067_ (net)
                      0.000000    0.000041    0.050688 v _380_/A (NAND2x1)
     1    0.000331    0.000000    0.000000    0.050688 ^ _380_/Y (NAND2x1)
                                                         hd[5] (net)
                      0.000000    0.000026    0.050714 ^ hd[5] (out)
                                              0.050714   data arrival time

                      0.000000    0.000000    0.000000   clock vclk (rise edge)
                                  0.000000    0.000000   clock network delay (ideal)
                                  0.000000    0.000000   clock reconvergence pessimism
                                 -0.050000   -0.050000   output external delay
                                             -0.050000   data required time
---------------------------------------------------------------------------------------------
                                             -0.050000   data required time
                                             -0.050714   data arrival time
---------------------------------------------------------------------------------------------
                                              0.100714   slack (MET)


Startpoint: A[12] (input port clocked by vclk)
Endpoint: hd[0] (output port clocked by vclk)
Path Group: vclk
Path Type: min

Fanout         Cap        Slew       Delay        Time   Description
---------------------------------------------------------------------------------------------
                      0.000000    0.000000    0.000000   clock vclk (rise edge)
                                  0.000000    0.000000   clock network delay (ideal)
                                  0.050000    0.050000 ^ input external delay
     1    0.000226    0.100000    0.000000    0.050000 ^ A[12] (in)
                                                         A[12] (net)
                      0.100034    0.000011    0.050011 ^ _431_/A (XNOR2x1)
     2    0.000463    0.000000    0.000000    0.050011 ^ _431_/Y (XNOR2x1)
                                                         _100_ (net)
                      0.000000    0.000041    0.050052 ^ _432_/A (INVx1)
     1    0.000179    0.000000    0.000000    0.050052 v _432_/Y (INVx1)
                                                         _101_ (net)
                      0.000000    0.000011    0.050063 v _435_/A (NOR2x1)
     3    0.000662    0.000000    0.000000    0.050063 ^ _435_/Y (NOR2x1)
                                                         cell_oh_flat[18] (net)
                      0.000000    0.000035    0.050098 ^ xp3_s2l1[3].u_xp3/_10_/A (INVx1)
     2    0.000428    0.000000    0.000000    0.050098 v xp3_s2l1[3].u_xp3/_10_/Y (INVx1)
                                                         xp3_s2l1[3].u_xp3/_00_ (net)
                      0.000000    0.000004    0.050102 v xp3_s2l1[3].u_xp3/_13_/A0 (OAI21x1)
     2    0.000541    0.000000    0.000000    0.050102 ^ xp3_s2l1[3].u_xp3/_13_/Y (OAI21x1)
                                                         ps_flat[16] (net)
                      0.000000    0.000034    0.050137 ^ xp5_s2l2[1].u_xp5/_27_/A (INVx1)
     4    0.000984    0.000000    0.000000    0.050137 v xp5_s2l2[1].u_xp5/_27_/Y (INVx1)
                                                         xp5_s2l2[1].u_xp5/_01_ (net)
                      0.000000    0.000043    0.050180 v xp5_s2l2[1].u_xp5/_34_/A1 (OAI21x1)
     2    0.000442    0.000000    0.000000    0.050180 ^ xp5_s2l2[1].u_xp5/_34_/Y (OAI21x1)
                                                         r4_split[1].boh[2] (net)
                      0.000000    0.000028    0.050208 ^ _637_/A (INVx1)
     1    0.000177    0.000000    0.000000    0.050208 v _637_/Y (INVx1)
                                                         _220_ (net)
                      0.000000    0.000011    0.050219 v _639_/A (NAND2x1)
     3    0.000717    0.000000    0.000000    0.050219 ^ _639_/Y (NAND2x1)
                                                         lo_flat[6] (net)
                      0.000000    0.000077    0.050296 ^ xp4_lo_l1[0].u_xp4/_28_/A (INVx1)
     2    0.000396    0.000000    0.000000    0.050296 v xp4_lo_l1[0].u_xp4/_28_/Y (INVx1)
                                                         xp4_lo_l1[0].u_xp4/_08_ (net)
                      0.000000    0.000006    0.050302 v xp4_lo_l1[0].u_xp4/_37_/A1 (OAI21x1)
     5    0.001385    0.000000    0.000000    0.050302 ^ xp4_lo_l1[0].u_xp4/_37_/Y (OAI21x1)
                                                         ll1_flat[4] (net)
                      0.000000    0.000038    0.050340 ^ xp7_lo_l2[0].u_xp7/_123_/A1 (AOI21x1)
     1    0.000225    0.000000    0.000000    0.050340 v xp7_lo_l2[0].u_xp7/_123_/Y (AOI21x1)
                                                         xp7_lo_l2[0].u_xp7/_056_ (net)
                      0.000000    0.000007    0.050347 v xp7_lo_l2[0].u_xp7/_124_/B (OAI21x1)
     7    0.001660    0.000000    0.000000    0.050347 ^ xp7_lo_l2[0].u_xp7/_124_/Y (OAI21x1)
                                                         ll2_flat[10] (net)
                      0.000000    0.000096    0.050443 ^ u_xp13_lo_l3/_444_/A1 (AOI21x1)
     1    0.000165    0.000000    0.000000    0.050443 v u_xp13_lo_l3/_444_/Y (AOI21x1)
                                                         u_xp13_lo_l3/_168_ (net)
                      0.000000    0.000006    0.050449 v u_xp13_lo_l3/_445_/B (OAI21x1)
     2    0.000716    0.000000    0.000000    0.050449 ^ u_xp13_lo_l3/_445_/Y (OAI21x1)
                                                         low_sum[21] (net)
                      0.000000    0.000067    0.050516 ^ _318_/A (NOR2x1)
     1    0.000386    0.000000    0.000000    0.050516 v _318_/Y (NOR2x1)
                                                         _012_ (net)
                      0.000000    0.000019    0.050535 v _320_/A (NAND2x1)
     1    0.000297    0.000000    0.000000    0.050535 ^ _320_/Y (NAND2x1)
                                                         _014_ (net)
                      0.000000    0.000035    0.050570 ^ _324_/A (NOR2x1)
     1    0.000291    0.000000    0.000000    0.050570 v _324_/Y (NOR2x1)
                                                         _018_ (net)
                      0.000000    0.000019    0.050589 v _332_/A (NAND2x1)
     1    0.000734    0.000000    0.000000    0.050589 ^ _332_/Y (NAND2x1)
                                                         hd[0] (net)
                      0.000000    0.000156    0.050745 ^ hd[0] (out)
                                              0.050745   data arrival time

                      0.000000    0.000000    0.000000   clock vclk (rise edge)
                                  0.000000    0.000000   clock network delay (ideal)
                                  0.000000    0.000000   clock reconvergence pessimism
                                 -0.050000   -0.050000   output external delay
                                             -0.050000   data required time
---------------------------------------------------------------------------------------------
                                             -0.050000   data required time
                                             -0.050745   data arrival time
---------------------------------------------------------------------------------------------
                                              0.100745   slack (MET)


Startpoint: A[4] (input port clocked by vclk)
Endpoint: hd[2] (output port clocked by vclk)
Path Group: vclk
Path Type: min

Fanout         Cap        Slew       Delay        Time   Description
---------------------------------------------------------------------------------------------
                      0.000000    0.000000    0.000000   clock vclk (rise edge)
                                  0.000000    0.000000   clock network delay (ideal)
                                  0.050000    0.050000 ^ input external delay
     1    0.000213    0.100000    0.000000    0.050000 ^ A[4] (in)
                                                         A[4] (net)
                      0.100029    0.000009    0.050009 ^ _403_/A (XNOR2x1)
     2    0.000439    0.000000    0.000000    0.050009 v _403_/Y (XNOR2x1)
                                                         _084_ (net)
                      0.000000    0.000033    0.050042 v _408_/A (NOR2x1)
     3    0.000568    0.000000    0.000000    0.050042 ^ _408_/Y (NOR2x1)
                                                         cell_oh_flat[8] (net)
                      0.000000    0.000027    0.050069 ^ xp3_s2l1[1].u_xp3/_21_/A (NAND2x1)
     1    0.000124    0.000000    0.000000    0.050069 v xp3_s2l1[1].u_xp3/_21_/Y (NAND2x1)
                                                         xp3_s2l1[1].u_xp3/_09_ (net)
                      0.000000    0.000003    0.050071 v xp3_s2l1[1].u_xp3/_22_/B (OAI21x1)
     5    0.001121    0.000000    0.000000    0.050071 ^ xp3_s2l1[1].u_xp3/_22_/Y (OAI21x1)
                                                         ps_flat[8] (net)
                      0.000000    0.000043    0.050114 ^ xp5_s2l2[0].u_xp5/_51_/A0 (AOI21x1)
     1    0.000293    0.000000    0.000000    0.050114 v xp5_s2l2[0].u_xp5/_51_/Y (AOI21x1)
                                                         xp5_s2l2[0].u_xp5/_21_ (net)
                      0.000000    0.000015    0.050129 v xp5_s2l2[0].u_xp5/_52_/B (OAI21x1)
     2    0.000504    0.000000    0.000000    0.050129 ^ xp5_s2l2[0].u_xp5/_52_/Y (OAI21x1)
                                                         r4_split[0].boh[5] (net)
                      0.000000    0.000031    0.050159 ^ _629_/A (NOR2x1)
     1    0.000142    0.000000    0.000000    0.050159 v _629_/Y (NOR2x1)
                                                         _215_ (net)
                      0.000000    0.000004    0.050164 v _630_/B (NAND2x1)
     2    0.000235    0.000000    0.000000    0.050164 ^ _630_/Y (NAND2x1)
                                                         hi_flat[1] (net)
                      0.000000    0.000004    0.050168 ^ xp3_hi_l1[0].u_xp3/_14_/A (INVx1)
     2    0.000506    0.000000    0.000000    0.050168 v xp3_hi_l1[0].u_xp3/_14_/Y (INVx1)
                                                         xp3_hi_l1[0].u_xp3/_03_ (net)
                      0.000000    0.000014    0.050182 v xp3_hi_l1[0].u_xp3/_19_/A0 (OAI21x1)
     5    0.001205    0.000000    0.000000    0.050182 ^ xp3_hi_l1[0].u_xp3/_19_/Y (OAI21x1)
                                                         hl1_flat[2] (net)
                      0.000000    0.000053    0.050235 ^ xp5_hi_l2[0].u_xp5/_51_/A1 (AOI21x1)
     1    0.000230    0.000000    0.000000    0.050235 v xp5_hi_l2[0].u_xp5/_51_/Y (AOI21x1)
                                                         xp5_hi_l2[0].u_xp5/_21_ (net)
                      0.000000    0.000007    0.050242 v xp5_hi_l2[0].u_xp5/_52_/B (OAI21x1)
     8    0.002214    0.000000    0.000000    0.050242 ^ xp5_hi_l2[0].u_xp5/_52_/Y (OAI21x1)
                                                         hl2_flat[5] (net)
                      0.000000    0.000118    0.050361 ^ u_xp9_hi_l3/_155_/A (NAND2x1)
     1    0.000207    0.000000    0.000000    0.050361 v u_xp9_hi_l3/_155_/Y (NAND2x1)
                                                         u_xp9_hi_l3/_091_ (net)
                      0.000000    0.000012    0.050373 v u_xp9_hi_l3/_156_/B (OAI21x1)
     1    0.000476    0.000000    0.000000    0.050373 ^ u_xp9_hi_l3/_156_/Y (OAI21x1)
                                                         u_xp9_hi_l3/_092_ (net)
                      0.000000    0.000071    0.050444 ^ u_xp9_hi_l3/_157_/B (NOR2x1)
     1    0.000169    0.000000    0.000000    0.050444 v u_xp9_hi_l3/_157_/Y (NOR2x1)
                                                         u_xp9_hi_l3/_093_ (net)
                      0.000000    0.000007    0.050451 v u_xp9_hi_l3/_164_/A (NAND2x1)
     5    0.000906    0.000000    0.000000    0.050451 ^ u_xp9_hi_l3/_164_/Y (NAND2x1)
                                                         high_sum[8] (net)
                      0.000000    0.000124    0.050575 ^ u_xp17x7_carry/_217_/A (NAND2x1)
     1    0.000194    0.000000    0.000000    0.050575 v u_xp17x7_carry/_217_/Y (NAND2x1)
                                                         u_xp17x7_carry/_015_ (net)
                      0.000000    0.000010    0.050584 v u_xp17x7_carry/_218_/B (OAI21x1)
     1    0.000117    0.000000    0.000000    0.050584 ^ u_xp17x7_carry/_218_/Y (OAI21x1)
                                                         u_xp17x7_carry/_016_ (net)
                      0.000000    0.000002    0.050587 ^ u_xp17x7_carry/_219_/B (AOI21x1)
     1    0.000361    0.000000    0.000000    0.050587 v u_xp17x7_carry/_219_/Y (AOI21x1)
                                                         u_xp17x7_carry/_017_ (net)
                      0.000000    0.000012    0.050599 v u_xp17x7_carry/_220_/B (NAND2x1)
     1    0.000374    0.000000    0.000000    0.050599 ^ u_xp17x7_carry/_220_/Y (NAND2x1)
                                                         upper[9] (net)
                      0.000000    0.000056    0.050655 ^ _345_/B (NOR2x1)
     1    0.000160    0.000000    0.000000    0.050655 v _345_/Y (NOR2x1)
                                                         _037_ (net)
                      0.000000    0.000007    0.050662 v _347_/A (NAND2x1)
     2    0.000906    0.000000    0.000000    0.050662 ^ _347_/Y (NAND2x1)
                                                         _039_ (net)
                      0.000000    0.000109    0.050771 ^ _351_/A (NOR2x1)
     1    0.000293    0.000000    0.000000    0.050771 v _351_/Y (NOR2x1)
                                                         _043_ (net)
                      0.000000    0.000034    0.050805 v _352_/B (NAND2x1)
     1    0.000274    0.000000    0.000000    0.050805 ^ _352_/Y (NAND2x1)
                                                         hd[2] (net)
                      0.000000    0.000018    0.050823 ^ hd[2] (out)
                                              0.050823   data arrival time

                      0.000000    0.000000    0.000000   clock vclk (rise edge)
                                  0.000000    0.000000   clock network delay (ideal)
                                  0.000000    0.000000   clock reconvergence pessimism
                                 -0.050000   -0.050000   output external delay
                                             -0.050000   data required time
---------------------------------------------------------------------------------------------
                                             -0.050000   data required time
                                             -0.050823   data arrival time
---------------------------------------------------------------------------------------------
                                              0.100823   slack (MET)


Startpoint: A[4] (input port clocked by vclk)
Endpoint: hd[4] (output port clocked by vclk)
Path Group: vclk
Path Type: min

Fanout         Cap        Slew       Delay        Time   Description
---------------------------------------------------------------------------------------------
                      0.000000    0.000000    0.000000   clock vclk (rise edge)
                                  0.000000    0.000000   clock network delay (ideal)
                                  0.050000    0.050000 ^ input external delay
     1    0.000213    0.100000    0.000000    0.050000 ^ A[4] (in)
                                                         A[4] (net)
                      0.100029    0.000009    0.050009 ^ _403_/A (XNOR2x1)
     2    0.000439    0.000000    0.000000    0.050009 v _403_/Y (XNOR2x1)
                                                         _084_ (net)
                      0.000000    0.000033    0.050042 v _408_/A (NOR2x1)
     3    0.000568    0.000000    0.000000    0.050042 ^ _408_/Y (NOR2x1)
                                                         cell_oh_flat[8] (net)
                      0.000000    0.000027    0.050069 ^ xp3_s2l1[1].u_xp3/_21_/A (NAND2x1)
     1    0.000124    0.000000    0.000000    0.050069 v xp3_s2l1[1].u_xp3/_21_/Y (NAND2x1)
                                                         xp3_s2l1[1].u_xp3/_09_ (net)
                      0.000000    0.000003    0.050071 v xp3_s2l1[1].u_xp3/_22_/B (OAI21x1)
     5    0.001121    0.000000    0.000000    0.050071 ^ xp3_s2l1[1].u_xp3/_22_/Y (OAI21x1)
                                                         ps_flat[8] (net)
                      0.000000    0.000043    0.050114 ^ xp5_s2l2[0].u_xp5/_51_/A0 (AOI21x1)
     1    0.000293    0.000000    0.000000    0.050114 v xp5_s2l2[0].u_xp5/_51_/Y (AOI21x1)
                                                         xp5_s2l2[0].u_xp5/_21_ (net)
                      0.000000    0.000015    0.050129 v xp5_s2l2[0].u_xp5/_52_/B (OAI21x1)
     2    0.000504    0.000000    0.000000    0.050129 ^ xp5_s2l2[0].u_xp5/_52_/Y (OAI21x1)
                                                         r4_split[0].boh[5] (net)
                      0.000000    0.000031    0.050159 ^ _629_/A (NOR2x1)
     1    0.000142    0.000000    0.000000    0.050159 v _629_/Y (NOR2x1)
                                                         _215_ (net)
                      0.000000    0.000004    0.050164 v _630_/B (NAND2x1)
     2    0.000235    0.000000    0.000000    0.050164 ^ _630_/Y (NAND2x1)
                                                         hi_flat[1] (net)
                      0.000000    0.000004    0.050168 ^ xp3_hi_l1[0].u_xp3/_14_/A (INVx1)
     2    0.000506    0.000000    0.000000    0.050168 v xp3_hi_l1[0].u_xp3/_14_/Y (INVx1)
                                                         xp3_hi_l1[0].u_xp3/_03_ (net)
                      0.000000    0.000014    0.050182 v xp3_hi_l1[0].u_xp3/_19_/A0 (OAI21x1)
     5    0.001205    0.000000    0.000000    0.050182 ^ xp3_hi_l1[0].u_xp3/_19_/Y (OAI21x1)
                                                         hl1_flat[2] (net)
                      0.000000    0.000053    0.050235 ^ xp5_hi_l2[0].u_xp5/_51_/A1 (AOI21x1)
     1    0.000230    0.000000    0.000000    0.050235 v xp5_hi_l2[0].u_xp5/_51_/Y (AOI21x1)
                                                         xp5_hi_l2[0].u_xp5/_21_ (net)
                      0.000000    0.000007    0.050242 v xp5_hi_l2[0].u_xp5/_52_/B (OAI21x1)
     8    0.002214    0.000000    0.000000    0.050242 ^ xp5_hi_l2[0].u_xp5/_52_/Y (OAI21x1)
                                                         hl2_flat[5] (net)
                      0.000000    0.000118    0.050361 ^ u_xp9_hi_l3/_155_/A (NAND2x1)
     1    0.000207    0.000000    0.000000    0.050361 v u_xp9_hi_l3/_155_/Y (NAND2x1)
                                                         u_xp9_hi_l3/_091_ (net)
                      0.000000    0.000012    0.050373 v u_xp9_hi_l3/_156_/B (OAI21x1)
     1    0.000476    0.000000    0.000000    0.050373 ^ u_xp9_hi_l3/_156_/Y (OAI21x1)
                                                         u_xp9_hi_l3/_092_ (net)
                      0.000000    0.000071    0.050444 ^ u_xp9_hi_l3/_157_/B (NOR2x1)
     1    0.000169    0.000000    0.000000    0.050444 v u_xp9_hi_l3/_157_/Y (NOR2x1)
                                                         u_xp9_hi_l3/_093_ (net)
                      0.000000    0.000007    0.050451 v u_xp9_hi_l3/_164_/A (NAND2x1)
     5    0.000906    0.000000    0.000000    0.050451 ^ u_xp9_hi_l3/_164_/Y (NAND2x1)
                                                         high_sum[8] (net)
                      0.000000    0.000123    0.050574 ^ u_xp17x7_carry/_243_/A (NAND2x1)
     1    0.000280    0.000000    0.000000    0.050574 v u_xp17x7_carry/_243_/Y (NAND2x1)
                                                         u_xp17x7_carry/_038_ (net)
                      0.000000    0.000031    0.050604 v u_xp17x7_carry/_244_/B (OAI21x1)
     1    0.000180    0.000000    0.000000    0.050604 ^ u_xp17x7_carry/_244_/Y (OAI21x1)
                                                         u_xp17x7_carry/_039_ (net)
                      0.000000    0.000009    0.050613 ^ u_xp17x7_carry/_245_/B (NOR2x1)
     1    0.000191    0.000000    0.000000    0.050613 v u_xp17x7_carry/_245_/Y (NOR2x1)
                                                         u_xp17x7_carry/_040_ (net)
                      0.000000    0.000009    0.050622 v u_xp17x7_carry/_250_/A (NAND2x1)
     1    0.000458    0.000000    0.000000    0.050622 ^ u_xp17x7_carry/_250_/Y (NAND2x1)
                                                         upper[12] (net)
                      0.000000    0.000030    0.050653 ^ _369_/A (INVx1)
     2    0.000716    0.000000    0.000000    0.050653 v _369_/Y (INVx1)
                                                         _059_ (net)
                      0.000000    0.000113    0.050765 v _371_/A (NAND2x1)
     1    0.000171    0.000000    0.000000    0.050765 ^ _371_/Y (NAND2x1)
                                                         _061_ (net)
                      0.000000    0.000008    0.050774 ^ _372_/A (NOR2x1)
     1    0.000325    0.000000    0.000000    0.050774 v _372_/Y (NOR2x1)
                                                         _062_ (net)
                      0.000000    0.000042    0.050816 v _373_/B (NAND2x1)
     1    0.000263    0.000000    0.000000    0.050816 ^ _373_/Y (NAND2x1)
                                                         hd[4] (net)
                      0.000000    0.000028    0.050844 ^ hd[4] (out)
                                              0.050844   data arrival time

                      0.000000    0.000000    0.000000   clock vclk (rise edge)
                                  0.000000    0.000000   clock network delay (ideal)
                                  0.000000    0.000000   clock reconvergence pessimism
                                 -0.050000   -0.050000   output external delay
                                             -0.050000   data required time
---------------------------------------------------------------------------------------------
                                             -0.050000   data required time
                                             -0.050844   data arrival time
---------------------------------------------------------------------------------------------
                                              0.100844   slack (MET)


Startpoint: A[4] (input port clocked by vclk)
Endpoint: hd[3] (output port clocked by vclk)
Path Group: vclk
Path Type: min

Fanout         Cap        Slew       Delay        Time   Description
---------------------------------------------------------------------------------------------
                      0.000000    0.000000    0.000000   clock vclk (rise edge)
                                  0.000000    0.000000   clock network delay (ideal)
                                  0.050000    0.050000 ^ input external delay
     1    0.000213    0.100000    0.000000    0.050000 ^ A[4] (in)
                                                         A[4] (net)
                      0.100029    0.000009    0.050009 ^ _403_/A (XNOR2x1)
     2    0.000439    0.000000    0.000000    0.050009 v _403_/Y (XNOR2x1)
                                                         _084_ (net)
                      0.000000    0.000033    0.050042 v _408_/A (NOR2x1)
     3    0.000568    0.000000    0.000000    0.050042 ^ _408_/Y (NOR2x1)
                                                         cell_oh_flat[8] (net)
                      0.000000    0.000027    0.050069 ^ xp3_s2l1[1].u_xp3/_21_/A (NAND2x1)
     1    0.000124    0.000000    0.000000    0.050069 v xp3_s2l1[1].u_xp3/_21_/Y (NAND2x1)
                                                         xp3_s2l1[1].u_xp3/_09_ (net)
                      0.000000    0.000003    0.050071 v xp3_s2l1[1].u_xp3/_22_/B (OAI21x1)
     5    0.001121    0.000000    0.000000    0.050071 ^ xp3_s2l1[1].u_xp3/_22_/Y (OAI21x1)
                                                         ps_flat[8] (net)
                      0.000000    0.000043    0.050114 ^ xp5_s2l2[0].u_xp5/_51_/A0 (AOI21x1)
     1    0.000293    0.000000    0.000000    0.050114 v xp5_s2l2[0].u_xp5/_51_/Y (AOI21x1)
                                                         xp5_s2l2[0].u_xp5/_21_ (net)
                      0.000000    0.000015    0.050129 v xp5_s2l2[0].u_xp5/_52_/B (OAI21x1)
     2    0.000504    0.000000    0.000000    0.050129 ^ xp5_s2l2[0].u_xp5/_52_/Y (OAI21x1)
                                                         r4_split[0].boh[5] (net)
                      0.000000    0.000031    0.050159 ^ _629_/A (NOR2x1)
     1    0.000142    0.000000    0.000000    0.050159 v _629_/Y (NOR2x1)
                                                         _215_ (net)
                      0.000000    0.000004    0.050164 v _630_/B (NAND2x1)
     2    0.000235    0.000000    0.000000    0.050164 ^ _630_/Y (NAND2x1)
                                                         hi_flat[1] (net)
                      0.000000    0.000004    0.050168 ^ xp3_hi_l1[0].u_xp3/_14_/A (INVx1)
     2    0.000506    0.000000    0.000000    0.050168 v xp3_hi_l1[0].u_xp3/_14_/Y (INVx1)
                                                         xp3_hi_l1[0].u_xp3/_03_ (net)
                      0.000000    0.000014    0.050182 v xp3_hi_l1[0].u_xp3/_19_/A0 (OAI21x1)
     5    0.001205    0.000000    0.000000    0.050182 ^ xp3_hi_l1[0].u_xp3/_19_/Y (OAI21x1)
                                                         hl1_flat[2] (net)
                      0.000000    0.000053    0.050235 ^ xp5_hi_l2[0].u_xp5/_51_/A1 (AOI21x1)
     1    0.000230    0.000000    0.000000    0.050235 v xp5_hi_l2[0].u_xp5/_51_/Y (AOI21x1)
                                                         xp5_hi_l2[0].u_xp5/_21_ (net)
                      0.000000    0.000007    0.050242 v xp5_hi_l2[0].u_xp5/_52_/B (OAI21x1)
     8    0.002214    0.000000    0.000000    0.050242 ^ xp5_hi_l2[0].u_xp5/_52_/Y (OAI21x1)
                                                         hl2_flat[5] (net)
                      0.000000    0.000200    0.050442 ^ u_xp9_hi_l3/_119_/A (NAND2x1)
     1    0.000155    0.000000    0.000000    0.050442 v u_xp9_hi_l3/_119_/Y (NAND2x1)
                                                         u_xp9_hi_l3/_058_ (net)
                      0.000000    0.000007    0.050449 v u_xp9_hi_l3/_120_/B (OAI21x1)
     1    0.000186    0.000000    0.000000    0.050449 ^ u_xp9_hi_l3/_120_/Y (OAI21x1)
                                                         u_xp9_hi_l3/_059_ (net)
                      0.000000    0.000009    0.050458 ^ u_xp9_hi_l3/_121_/B (AOI21x1)
     1    0.000438    0.000000    0.000000    0.050458 v u_xp9_hi_l3/_121_/Y (AOI21x1)
                                                         u_xp9_hi_l3/_060_ (net)
                      0.000000    0.000061    0.050519 v u_xp9_hi_l3/_125_/A (NAND2x1)
     4    0.000858    0.000000    0.000000    0.050519 ^ u_xp9_hi_l3/_125_/Y (NAND2x1)
                                                         high_sum[5] (net)
                      0.000000    0.000115    0.050634 ^ u_xp17x7_carry/_188_/A (NAND2x1)
     1    0.000211    0.000000    0.000000    0.050634 v u_xp17x7_carry/_188_/Y (NAND2x1)
                                                         u_xp17x7_carry/_137_ (net)
                      0.000000    0.000013    0.050646 v u_xp17x7_carry/_189_/B (OAI21x1)
     1    0.000282    0.000000    0.000000    0.050646 ^ u_xp17x7_carry/_189_/Y (OAI21x1)
                                                         u_xp17x7_carry/_138_ (net)
                      0.000000    0.000031    0.050678 ^ u_xp17x7_carry/_190_/B (AOI21x1)
     1    0.000508    0.000000    0.000000    0.050678 v u_xp17x7_carry/_190_/Y (AOI21x1)
                                                         u_xp17x7_carry/_139_ (net)
                      0.000000    0.000047    0.050724 v u_xp17x7_carry/_191_/B (NAND2x1)
     2    0.000417    0.000000    0.000000    0.050724 ^ u_xp17x7_carry/_191_/Y (NAND2x1)
                                                         upper[6] (net)
                      0.000000    0.000053    0.050778 ^ _361_/A (INVx1)
     1    0.000343    0.000000    0.000000    0.050778 v _361_/Y (INVx1)
                                                         _052_ (net)
                      0.000000    0.000008    0.050786 v _362_/B (NAND2x1)
     1    0.000159    0.000000    0.000000    0.050786 ^ _362_/Y (NAND2x1)
                                                         _053_ (net)
                      0.000000    0.000005    0.050791 ^ _363_/A (NOR2x1)
     1    0.000251    0.000000    0.000000    0.050791 v _363_/Y (NOR2x1)
                                                         _054_ (net)
                      0.000000    0.000007    0.050798 v _364_/B (NAND2x1)
     1    0.000498    0.000000    0.000000    0.050798 ^ _364_/Y (NAND2x1)
                                                         hd[3] (net)
                      0.000000    0.000093    0.050891 ^ hd[3] (out)
                                              0.050891   data arrival time

                      0.000000    0.000000    0.000000   clock vclk (rise edge)
                                  0.000000    0.000000   clock network delay (ideal)
                                  0.000000    0.000000   clock reconvergence pessimism
                                 -0.050000   -0.050000   output external delay
                                             -0.050000   data required time
---------------------------------------------------------------------------------------------
                                             -0.050000   data required time
                                             -0.050891   data arrival time
---------------------------------------------------------------------------------------------
                                              0.100891   slack (MET)


Startpoint: A[4] (input port clocked by vclk)
Endpoint: hd[6] (output port clocked by vclk)
Path Group: vclk
Path Type: min

Fanout         Cap        Slew       Delay        Time   Description
---------------------------------------------------------------------------------------------
                      0.000000    0.000000    0.000000   clock vclk (rise edge)
                                  0.000000    0.000000   clock network delay (ideal)
                                  0.050000    0.050000 ^ input external delay
     1    0.000213    0.100000    0.000000    0.050000 ^ A[4] (in)
                                                         A[4] (net)
                      0.100029    0.000009    0.050009 ^ _403_/A (XNOR2x1)
     2    0.000439    0.000000    0.000000    0.050009 v _403_/Y (XNOR2x1)
                                                         _084_ (net)
                      0.000000    0.000033    0.050042 v _408_/A (NOR2x1)
     3    0.000568    0.000000    0.000000    0.050042 ^ _408_/Y (NOR2x1)
                                                         cell_oh_flat[8] (net)
                      0.000000    0.000027    0.050069 ^ xp3_s2l1[1].u_xp3/_21_/A (NAND2x1)
     1    0.000124    0.000000    0.000000    0.050069 v xp3_s2l1[1].u_xp3/_21_/Y (NAND2x1)
                                                         xp3_s2l1[1].u_xp3/_09_ (net)
                      0.000000    0.000003    0.050071 v xp3_s2l1[1].u_xp3/_22_/B (OAI21x1)
     5    0.001121    0.000000    0.000000    0.050071 ^ xp3_s2l1[1].u_xp3/_22_/Y (OAI21x1)
                                                         ps_flat[8] (net)
                      0.000000    0.000043    0.050114 ^ xp5_s2l2[0].u_xp5/_51_/A0 (AOI21x1)
     1    0.000293    0.000000    0.000000    0.050114 v xp5_s2l2[0].u_xp5/_51_/Y (AOI21x1)
                                                         xp5_s2l2[0].u_xp5/_21_ (net)
                      0.000000    0.000015    0.050129 v xp5_s2l2[0].u_xp5/_52_/B (OAI21x1)
     2    0.000504    0.000000    0.000000    0.050129 ^ xp5_s2l2[0].u_xp5/_52_/Y (OAI21x1)
                                                         r4_split[0].boh[5] (net)
                      0.000000    0.000031    0.050159 ^ _629_/A (NOR2x1)
     1    0.000142    0.000000    0.000000    0.050159 v _629_/Y (NOR2x1)
                                                         _215_ (net)
                      0.000000    0.000004    0.050164 v _630_/B (NAND2x1)
     2    0.000235    0.000000    0.000000    0.050164 ^ _630_/Y (NAND2x1)
                                                         hi_flat[1] (net)
                      0.000000    0.000004    0.050168 ^ xp3_hi_l1[0].u_xp3/_14_/A (INVx1)
     2    0.000506    0.000000    0.000000    0.050168 v xp3_hi_l1[0].u_xp3/_14_/Y (INVx1)
                                                         xp3_hi_l1[0].u_xp3/_03_ (net)
                      0.000000    0.000014    0.050182 v xp3_hi_l1[0].u_xp3/_19_/A0 (OAI21x1)
     5    0.001205    0.000000    0.000000    0.050182 ^ xp3_hi_l1[0].u_xp3/_19_/Y (OAI21x1)
                                                         hl1_flat[2] (net)
                      0.000000    0.000053    0.050235 ^ xp5_hi_l2[0].u_xp5/_51_/A1 (AOI21x1)
     1    0.000230    0.000000    0.000000    0.050235 v xp5_hi_l2[0].u_xp5/_51_/Y (AOI21x1)
                                                         xp5_hi_l2[0].u_xp5/_21_ (net)
                      0.000000    0.000007    0.050242 v xp5_hi_l2[0].u_xp5/_52_/B (OAI21x1)
     8    0.002214    0.000000    0.000000    0.050242 ^ xp5_hi_l2[0].u_xp5/_52_/Y (OAI21x1)
                                                         hl2_flat[5] (net)
                      0.000000    0.000096    0.050338 ^ u_xp9_hi_l3/_192_/A1 (AOI21x1)
     1    0.000317    0.000000    0.000000    0.050338 v u_xp9_hi_l3/_192_/Y (AOI21x1)
                                                         u_xp9_hi_l3/_029_ (net)
                      0.000000    0.000020    0.050359 v u_xp9_hi_l3/_195_/A (NAND2x1)
     4    0.001404    0.000000    0.000000    0.050359 ^ u_xp9_hi_l3/_195_/Y (NAND2x1)
                                                         high_sum[12] (net)
                      0.000000    0.000388    0.050747 ^ u_xp17x7_carry/_266_/A (INVx1)
     4    0.001018    0.000000    0.000000    0.050747 v u_xp17x7_carry/_266_/Y (INVx1)
                                                         u_xp17x7_carry/_059_ (net)
                      0.000000    0.000037    0.050784 v u_xp17x7_carry/_296_/A0 (OAI21x1)
     1    0.000256    0.000000    0.000000    0.050784 ^ u_xp17x7_carry/_296_/Y (OAI21x1)
                                                         u_xp17x7_carry/_086_ (net)
                      0.000000    0.000006    0.050790 ^ u_xp17x7_carry/_297_/B (NOR2x1)
     1    0.000435    0.000000    0.000000    0.050790 v u_xp17x7_carry/_297_/Y (NOR2x1)
                                                         u_xp17x7_carry/_087_ (net)
                      0.000000    0.000055    0.050845 v u_xp17x7_carry/_300_/A (NAND2x1)
     1    0.000165    0.000000    0.000000    0.050845 ^ u_xp17x7_carry/_300_/Y (NAND2x1)
                                                         upper[17] (net)
                      0.000000    0.000006    0.050851 ^ _342_/A (INVx1)
     1    0.000297    0.000000    0.000000    0.050851 v _342_/Y (INVx1)
                                                         _034_ (net)
                      0.000000    0.000006    0.050857 v _343_/B (NAND2x1)
     1    0.000199    0.000000    0.000000    0.050857 ^ _343_/Y (NAND2x1)
                                                         _035_ (net)
                      0.000000    0.000010    0.050867 ^ _344_/A (NOR2x1)
     2    0.000464    0.000000    0.000000    0.050867 v _344_/Y (NOR2x1)
                                                         _036_ (net)
                      0.000000    0.000034    0.050901 v _388_/B (NAND2x1)
     1    0.000299    0.000000    0.000000    0.050901 ^ _388_/Y (NAND2x1)
                                                         hd[6] (net)
                      0.000000    0.000021    0.050922 ^ hd[6] (out)
                                              0.050922   data arrival time

                      0.000000    0.000000    0.000000   clock vclk (rise edge)
                                  0.000000    0.000000   clock network delay (ideal)
                                  0.000000    0.000000   clock reconvergence pessimism
                                 -0.050000   -0.050000   output external delay
                                             -0.050000   data required time
---------------------------------------------------------------------------------------------
                                             -0.050000   data required time
                                             -0.050922   data arrival time
---------------------------------------------------------------------------------------------
                                              0.100922   slack (MET)



