
===========================================================================
report_checks -path_delay min (Hold)
============================================================================
======================= nom_tt_025C_0v50 Corner ===================================

Startpoint: B[63] (input port clocked by vclk)
Endpoint: hd[0] (output port clocked by vclk)
Path Group: vclk
Path Type: min

Fanout         Cap        Slew       Delay        Time   Description
---------------------------------------------------------------------------------------------
                      0.000000    0.000000    0.000000   clock vclk (rise edge)
                                  0.000000    0.000000   clock network delay (ideal)
                                  0.050000    0.050000 ^ input external delay
     1    0.000070    0.100000    0.000000    0.050000 ^ B[63] (in)
                                                         B[63] (net)
                      0.100000    0.000000    0.050000 ^ _608_/B (XNOR2x1)
     2    0.000140    0.000000    0.000000    0.050000 v _608_/Y (XNOR2x1)
                                                         _202_ (net)
                      0.000000    0.000000    0.050000 v _609_/A (INVx1)
     1    0.000070    0.000000    0.000000    0.050000 ^ _609_/Y (INVx1)
                                                         _203_ (net)
                      0.000000    0.000000    0.050000 ^ _610_/B (NOR2x1)
     3    0.000210    0.000000    0.000000    0.050000 v _610_/Y (NOR2x1)
                                                         cell_oh_flat[93] (net)
                      0.000000    0.000000    0.050000 v _612_/B (NOR2x1)
     2    0.000140    0.000000    0.000000    0.050000 ^ _612_/Y (NOR2x1)
                                                         cell_oh_flat[94] (net)
                      0.000000    0.000000    0.050000 ^ xp3_s2l1[15].u_xp3/_21_/B (NAND2x1)
     1    0.000070    0.000000    0.000000    0.050000 v xp3_s2l1[15].u_xp3/_21_/Y (NAND2x1)
                                                         xp3_s2l1[15].u_xp3/_09_ (net)
                      0.000000    0.000000    0.050000 v xp3_s2l1[15].u_xp3/_22_/B (OAI21x1)
     5    0.000350    0.000000    0.000000    0.050000 ^ xp3_s2l1[15].u_xp3/_22_/Y (OAI21x1)
                                                         ps_flat[78] (net)
                      0.000000    0.000000    0.050000 ^ xp5_s2l2[7].u_xp5/_55_/B (NAND2x1)
     1    0.000070    0.000000    0.000000    0.050000 v xp5_s2l2[7].u_xp5/_55_/Y (NAND2x1)
                                                         xp5_s2l2[7].u_xp5/_24_ (net)
                      0.000000    0.000000    0.050000 v xp5_s2l2[7].u_xp5/_56_/B (NAND2x1)
     2    0.000140    0.000000    0.000000    0.050000 ^ xp5_s2l2[7].u_xp5/_56_/Y (NAND2x1)
                                                         r4_split[7].boh[6] (net)
                      0.000000    0.000000    0.050000 ^ _746_/A (INVx1)
     1    0.000070    0.000000    0.000000    0.050000 v _746_/Y (INVx1)
                                                         _293_ (net)
                      0.000000    0.000000    0.050000 v _747_/B (NAND2x1)
     3    0.000210    0.000000    0.000000    0.050000 ^ _747_/Y (NAND2x1)
                                                         lo_flat[30] (net)
                      0.000000    0.000000    0.050000 ^ xp4_lo_l1[3].u_xp4/_39_/B (NAND2x1)
     1    0.000070    0.000000    0.000000    0.050000 v xp4_lo_l1[3].u_xp4/_39_/Y (NAND2x1)
                                                         xp4_lo_l1[3].u_xp4/_17_ (net)
                      0.000000    0.000000    0.050000 v xp4_lo_l1[3].u_xp4/_40_/B (OAI21x1)
     5    0.000350    0.000000    0.000000    0.050000 ^ xp4_lo_l1[3].u_xp4/_40_/Y (OAI21x1)
                                                         ll1_flat[26] (net)
                      0.000000    0.000000    0.050000 ^ xp7_lo_l2[1].u_xp7/_125_/B (NAND2x1)
     1    0.000070    0.000000    0.000000    0.050000 v xp7_lo_l2[1].u_xp7/_125_/Y (NAND2x1)
                                                         xp7_lo_l2[1].u_xp7/_057_ (net)
                      0.000000    0.000000    0.050000 v xp7_lo_l2[1].u_xp7/_126_/B (OAI21x1)
    10    0.000700    0.000000    0.000000    0.050000 ^ xp7_lo_l2[1].u_xp7/_126_/Y (OAI21x1)
                                                         ll2_flat[24] (net)
                      0.000000    0.000000    0.050000 ^ u_xp13_lo_l3/_449_/B (NAND2x1)
     1    0.000070    0.000000    0.000000    0.050000 v u_xp13_lo_l3/_449_/Y (NAND2x1)
                                                         u_xp13_lo_l3/_171_ (net)
                      0.000000    0.000000    0.050000 v u_xp13_lo_l3/_450_/B (OAI21x1)
     2    0.000140    0.000000    0.000000    0.050000 ^ u_xp13_lo_l3/_450_/Y (OAI21x1)
                                                         low_sum[23] (net)
                      0.000000    0.000000    0.050000 ^ _331_/B (NOR2x1)
     2    0.000140    0.000000    0.000000    0.050000 v _331_/Y (NOR2x1)
                                                         _025_ (net)
                      0.000000    0.000000    0.050000 v _332_/B (NAND2x1)
     1    0.000000    0.000000    0.000000    0.050000 ^ _332_/Y (NAND2x1)
                                                         hd[0] (net)
                      0.000000    0.000000    0.050000 ^ hd[0] (out)
                                              0.050000   data arrival time

                      0.000000    0.000000    0.000000   clock vclk (rise edge)
                                  0.000000    0.000000   clock network delay (ideal)
                                  0.000000    0.000000   clock reconvergence pessimism
                                 -0.050000   -0.050000   output external delay
                                             -0.050000   data required time
---------------------------------------------------------------------------------------------
                                             -0.050000   data required time
                                             -0.050000   data arrival time
---------------------------------------------------------------------------------------------
                                              0.100000   slack (MET)


Startpoint: B[63] (input port clocked by vclk)
Endpoint: hd[1] (output port clocked by vclk)
Path Group: vclk
Path Type: min

Fanout         Cap        Slew       Delay        Time   Description
---------------------------------------------------------------------------------------------
                      0.000000    0.000000    0.000000   clock vclk (rise edge)
                                  0.000000    0.000000   clock network delay (ideal)
                                  0.050000    0.050000 ^ input external delay
     1    0.000070    0.100000    0.000000    0.050000 ^ B[63] (in)
                                                         B[63] (net)
                      0.100000    0.000000    0.050000 ^ _608_/B (XNOR2x1)
     2    0.000140    0.000000    0.000000    0.050000 v _608_/Y (XNOR2x1)
                                                         _202_ (net)
                      0.000000    0.000000    0.050000 v _609_/A (INVx1)
     1    0.000070    0.000000    0.000000    0.050000 ^ _609_/Y (INVx1)
                                                         _203_ (net)
                      0.000000    0.000000    0.050000 ^ _610_/B (NOR2x1)
     3    0.000210    0.000000    0.000000    0.050000 v _610_/Y (NOR2x1)
                                                         cell_oh_flat[93] (net)
                      0.000000    0.000000    0.050000 v _612_/B (NOR2x1)
     2    0.000140    0.000000    0.000000    0.050000 ^ _612_/Y (NOR2x1)
                                                         cell_oh_flat[94] (net)
                      0.000000    0.000000    0.050000 ^ xp3_s2l1[15].u_xp3/_21_/B (NAND2x1)
     1    0.000070    0.000000    0.000000    0.050000 v xp3_s2l1[15].u_xp3/_21_/Y (NAND2x1)
                                                         xp3_s2l1[15].u_xp3/_09_ (net)
                      0.000000    0.000000    0.050000 v xp3_s2l1[15].u_xp3/_22_/B (OAI21x1)
     5    0.000350    0.000000    0.000000    0.050000 ^ xp3_s2l1[15].u_xp3/_22_/Y (OAI21x1)
                                                         ps_flat[78] (net)
                      0.000000    0.000000    0.050000 ^ xp5_s2l2[7].u_xp5/_55_/B (NAND2x1)
     1    0.000070    0.000000    0.000000    0.050000 v xp5_s2l2[7].u_xp5/_55_/Y (NAND2x1)
                                                         xp5_s2l2[7].u_xp5/_24_ (net)
                      0.000000    0.000000    0.050000 v xp5_s2l2[7].u_xp5/_56_/B (NAND2x1)
     2    0.000140    0.000000    0.000000    0.050000 ^ xp5_s2l2[7].u_xp5/_56_/Y (NAND2x1)
                                                         r4_split[7].boh[6] (net)
                      0.000000    0.000000    0.050000 ^ _746_/A (INVx1)
     1    0.000070    0.000000    0.000000    0.050000 v _746_/Y (INVx1)
                                                         _293_ (net)
                      0.000000    0.000000    0.050000 v _747_/B (NAND2x1)
     3    0.000210    0.000000    0.000000    0.050000 ^ _747_/Y (NAND2x1)
                                                         lo_flat[30] (net)
                      0.000000    0.000000    0.050000 ^ xp4_lo_l1[3].u_xp4/_39_/B (NAND2x1)
     1    0.000070    0.000000    0.000000    0.050000 v xp4_lo_l1[3].u_xp4/_39_/Y (NAND2x1)
                                                         xp4_lo_l1[3].u_xp4/_17_ (net)
                      0.000000    0.000000    0.050000 v xp4_lo_l1[3].u_xp4/_40_/B (OAI21x1)
     5    0.000350    0.000000    0.000000    0.050000 ^ xp4_lo_l1[3].u_xp4/_40_/Y (OAI21x1)
                                                         ll1_flat[26] (net)
                      0.000000    0.000000    0.050000 ^ xp7_lo_l2[1].u_xp7/_125_/B (NAND2x1)
     1    0.000070    0.000000    0.000000    0.050000 v xp7_lo_l2[1].u_xp7/_125_/Y (NAND2x1)
                                                         xp7_lo_l2[1].u_xp7/_057_ (net)
                      0.000000    0.000000    0.050000 v xp7_lo_l2[1].u_xp7/_126_/B (OAI21x1)
    10    0.000700    0.000000    0.000000    0.050000 ^ xp7_lo_l2[1].u_xp7/_126_/Y (OAI21x1)
                                                         ll2_flat[24] (net)
                      0.000000    0.000000    0.050000 ^ u_xp13_lo_l3/_449_/B (NAND2x1)
     1    0.000070    0.000000    0.000000    0.050000 v u_xp13_lo_l3/_449_/Y (NAND2x1)
                                                         u_xp13_lo_l3/_171_ (net)
                      0.000000    0.000000    0.050000 v u_xp13_lo_l3/_450_/B (OAI21x1)
     2    0.000140    0.000000    0.000000    0.050000 ^ u_xp13_lo_l3/_450_/Y (OAI21x1)
                                                         low_sum[23] (net)
                      0.000000    0.000000    0.050000 ^ _331_/B (NOR2x1)
     2    0.000140    0.000000    0.000000    0.050000 v _331_/Y (NOR2x1)
                                                         _025_ (net)
                      0.000000    0.000000    0.050000 v _340_/B (NAND2x1)
     1    0.000000    0.000000    0.000000    0.050000 ^ _340_/Y (NAND2x1)
                                                         hd[1] (net)
                      0.000000    0.000000    0.050000 ^ hd[1] (out)
                                              0.050000   data arrival time

                      0.000000    0.000000    0.000000   clock vclk (rise edge)
                                  0.000000    0.000000   clock network delay (ideal)
                                  0.000000    0.000000   clock reconvergence pessimism
                                 -0.050000   -0.050000   output external delay
                                             -0.050000   data required time
---------------------------------------------------------------------------------------------
                                             -0.050000   data required time
                                             -0.050000   data arrival time
---------------------------------------------------------------------------------------------
                                              0.100000   slack (MET)


Startpoint: B[7] (input port clocked by vclk)
Endpoint: hd[2] (output port clocked by vclk)
Path Group: vclk
Path Type: min

Fanout         Cap        Slew       Delay        Time   Description
---------------------------------------------------------------------------------------------
                      0.000000    0.000000    0.000000   clock vclk (rise edge)
                                  0.000000    0.000000   clock network delay (ideal)
                                  0.050000    0.050000 ^ input external delay
     1    0.000070    0.100000    0.000000    0.050000 ^ B[7] (in)
                                                         B[7] (net)
                      0.100000    0.000000    0.050000 ^ _412_/B (XNOR2x1)
     2    0.000140    0.000000    0.000000    0.050000 ^ _412_/Y (XNOR2x1)
                                                         _090_ (net)
                      0.000000    0.000000    0.050000 ^ _413_/A (INVx1)
     1    0.000070    0.000000    0.000000    0.050000 v _413_/Y (INVx1)
                                                         _091_ (net)
                      0.000000    0.000000    0.050000 v _414_/B (NOR2x1)
     3    0.000210    0.000000    0.000000    0.050000 ^ _414_/Y (NOR2x1)
                                                         cell_oh_flat[9] (net)
                      0.000000    0.000000    0.050000 ^ xp3_s2l1[1].u_xp3/_16_/A (INVx1)
     2    0.000140    0.000000    0.000000    0.050000 v xp3_s2l1[1].u_xp3/_16_/Y (INVx1)
                                                         xp3_s2l1[1].u_xp3/_05_ (net)
                      0.000000    0.000000    0.050000 v xp3_s2l1[1].u_xp3/_17_/B (NOR2x1)
     1    0.000070    0.000000    0.000000    0.050000 ^ xp3_s2l1[1].u_xp3/_17_/Y (NOR2x1)
                                                         xp3_s2l1[1].u_xp3/_06_ (net)
                      0.000000    0.000000    0.050000 ^ xp3_s2l1[1].u_xp3/_18_/B (AOI21x1)
     1    0.000070    0.000000    0.000000    0.050000 v xp3_s2l1[1].u_xp3/_18_/Y (AOI21x1)
                                                         xp3_s2l1[1].u_xp3/_07_ (net)
                      0.000000    0.000000    0.050000 v xp3_s2l1[1].u_xp3/_19_/B (OAI21x1)
     3    0.000210    0.000000    0.000000    0.050000 ^ xp3_s2l1[1].u_xp3/_19_/Y (OAI21x1)
                                                         ps_flat[7] (net)
                      0.000000    0.000000    0.050000 ^ xp5_s2l2[0].u_xp5/_49_/B (NAND2x1)
     1    0.000070    0.000000    0.000000    0.050000 v xp5_s2l2[0].u_xp5/_49_/Y (NAND2x1)
                                                         xp5_s2l2[0].u_xp5/_19_ (net)
                      0.000000    0.000000    0.050000 v xp5_s2l2[0].u_xp5/_50_/B (OAI21x1)
     1    0.000070    0.000000    0.000000    0.050000 ^ xp5_s2l2[0].u_xp5/_50_/Y (OAI21x1)
                                                         xp5_s2l2[0].u_xp5/_20_ (net)
                      0.000000    0.000000    0.050000 ^ xp5_s2l2[0].u_xp5/_51_/B (AOI21x1)
     1    0.000070    0.000000    0.000000    0.050000 v xp5_s2l2[0].u_xp5/_51_/Y (AOI21x1)
                                                         xp5_s2l2[0].u_xp5/_21_ (net)
                      0.000000    0.000000    0.050000 v xp5_s2l2[0].u_xp5/_52_/B (OAI21x1)
     2    0.000140    0.000000    0.000000    0.050000 ^ xp5_s2l2[0].u_xp5/_52_/Y (OAI21x1)
                                                         r4_split[0].boh[5] (net)
                      0.000000    0.000000    0.050000 ^ _617_/A (INVx1)
     1    0.000070    0.000000    0.000000    0.050000 v _617_/Y (INVx1)
                                                         _207_ (net)
                      0.000000    0.000000    0.050000 v _618_/B (NAND2x1)
     3    0.000210    0.000000    0.000000    0.050000 ^ _618_/Y (NAND2x1)
                                                         lo_flat[1] (net)
                      0.000000    0.000000    0.050000 ^ xp4_lo_l1[0].u_xp4/_20_/B (NAND2x1)
     1    0.000070    0.000000    0.000000    0.050000 v xp4_lo_l1[0].u_xp4/_20_/Y (NAND2x1)
                                                         xp4_lo_l1[0].u_xp4/_02_ (net)
                      0.000000    0.000000    0.050000 v xp4_lo_l1[0].u_xp4/_21_/B (OAI21x1)
     5    0.000350    0.000000    0.000000    0.050000 ^ xp4_lo_l1[0].u_xp4/_21_/Y (OAI21x1)
                                                         ll1_flat[1] (net)
                      0.000000    0.000000    0.050000 ^ xp7_lo_l2[0].u_xp7/_060_/B (NAND2x1)
     1    0.000070    0.000000    0.000000    0.050000 v xp7_lo_l2[0].u_xp7/_060_/Y (NAND2x1)
                                                         xp7_lo_l2[0].u_xp7/_002_ (net)
                      0.000000    0.000000    0.050000 v xp7_lo_l2[0].u_xp7/_061_/B (OAI21x1)
     9    0.000630    0.000000    0.000000    0.050000 ^ xp7_lo_l2[0].u_xp7/_061_/Y (OAI21x1)
                                                         ll2_flat[1] (net)
                      0.000000    0.000000    0.050000 ^ u_xp13_lo_l3/_216_/B (NAND2x1)
     1    0.000070    0.000000    0.000000    0.050000 v u_xp13_lo_l3/_216_/Y (NAND2x1)
                                                         u_xp13_lo_l3/_174_ (net)
                      0.000000    0.000000    0.050000 v u_xp13_lo_l3/_217_/B (OAI21x1)
     2    0.000140    0.000000    0.000000    0.050000 ^ u_xp13_lo_l3/_217_/Y (OAI21x1)
                                                         low_sum[1] (net)
                      0.000000    0.000000    0.050000 ^ _301_/A (NOR2x1)
     1    0.000070    0.000000    0.000000    0.050000 v _301_/Y (NOR2x1)
                                                         _001_ (net)
                      0.000000    0.000000    0.050000 v _302_/B (NAND2x1)
    15    0.001050    0.000000    0.000000    0.050000 ^ _302_/Y (NAND2x1)
                                                         carry[0] (net)
                      0.000000    0.000000    0.050000 ^ u_xp17x7_carry/_159_/B (NAND2x1)
     1    0.000070    0.000000    0.000000    0.050000 v u_xp17x7_carry/_159_/Y (NAND2x1)
                                                         u_xp17x7_carry/_111_ (net)
                      0.000000    0.000000    0.050000 v u_xp17x7_carry/_160_/B (OAI21x1)
     1    0.000070    0.000000    0.000000    0.050000 ^ u_xp17x7_carry/_160_/Y (OAI21x1)
                                                         u_xp17x7_carry/_112_ (net)
                      0.000000    0.000000    0.050000 ^ u_xp17x7_carry/_161_/B (AOI21x1)
     1    0.000070    0.000000    0.000000    0.050000 v u_xp17x7_carry/_161_/Y (AOI21x1)
                                                         u_xp17x7_carry/_113_ (net)
                      0.000000    0.000000    0.050000 v u_xp17x7_carry/_162_/B (OAI21x1)
     2    0.000140    0.000000    0.000000    0.050000 ^ u_xp17x7_carry/_162_/Y (OAI21x1)
                                                         upper[3] (net)
                      0.000000    0.000000    0.050000 ^ _349_/B (NOR2x1)
     1    0.000070    0.000000    0.000000    0.050000 v _349_/Y (NOR2x1)
                                                         _041_ (net)
                      0.000000    0.000000    0.050000 v _350_/B (NAND2x1)
     1    0.000070    0.000000    0.000000    0.050000 ^ _350_/Y (NAND2x1)
                                                         _042_ (net)
                      0.000000    0.000000    0.050000 ^ _351_/B (NOR2x1)
     1    0.000070    0.000000    0.000000    0.050000 v _351_/Y (NOR2x1)
                                                         _043_ (net)
                      0.000000    0.000000    0.050000 v _352_/B (NAND2x1)
     1    0.000000    0.000000    0.000000    0.050000 ^ _352_/Y (NAND2x1)
                                                         hd[2] (net)
                      0.000000    0.000000    0.050000 ^ hd[2] (out)
                                              0.050000   data arrival time

                      0.000000    0.000000    0.000000   clock vclk (rise edge)
                                  0.000000    0.000000   clock network delay (ideal)
                                  0.000000    0.000000   clock reconvergence pessimism
                                 -0.050000   -0.050000   output external delay
                                             -0.050000   data required time
---------------------------------------------------------------------------------------------
                                             -0.050000   data required time
                                             -0.050000   data arrival time
---------------------------------------------------------------------------------------------
                                              0.100000   slack (MET)


Startpoint: B[63] (input port clocked by vclk)
Endpoint: hd[3] (output port clocked by vclk)
Path Group: vclk
Path Type: min

Fanout         Cap        Slew       Delay        Time   Description
---------------------------------------------------------------------------------------------
                      0.000000    0.000000    0.000000   clock vclk (rise edge)
                                  0.000000    0.000000   clock network delay (ideal)
                                  0.050000    0.050000 ^ input external delay
     1    0.000070    0.100000    0.000000    0.050000 ^ B[63] (in)
                                                         B[63] (net)
                      0.100000    0.000000    0.050000 ^ _608_/B (XNOR2x1)
     2    0.000140    0.000000    0.000000    0.050000 v _608_/Y (XNOR2x1)
                                                         _202_ (net)
                      0.000000    0.000000    0.050000 v _609_/A (INVx1)
     1    0.000070    0.000000    0.000000    0.050000 ^ _609_/Y (INVx1)
                                                         _203_ (net)
                      0.000000    0.000000    0.050000 ^ _610_/B (NOR2x1)
     3    0.000210    0.000000    0.000000    0.050000 v _610_/Y (NOR2x1)
                                                         cell_oh_flat[93] (net)
                      0.000000    0.000000    0.050000 v _612_/B (NOR2x1)
     2    0.000140    0.000000    0.000000    0.050000 ^ _612_/Y (NOR2x1)
                                                         cell_oh_flat[94] (net)
                      0.000000    0.000000    0.050000 ^ xp3_s2l1[15].u_xp3/_21_/B (NAND2x1)
     1    0.000070    0.000000    0.000000    0.050000 v xp3_s2l1[15].u_xp3/_21_/Y (NAND2x1)
                                                         xp3_s2l1[15].u_xp3/_09_ (net)
                      0.000000    0.000000    0.050000 v xp3_s2l1[15].u_xp3/_22_/B (OAI21x1)
     5    0.000350    0.000000    0.000000    0.050000 ^ xp3_s2l1[15].u_xp3/_22_/Y (OAI21x1)
                                                         ps_flat[78] (net)
                      0.000000    0.000000    0.050000 ^ xp5_s2l2[7].u_xp5/_57_/B (NAND2x1)
     1    0.000070    0.000000    0.000000    0.050000 v xp5_s2l2[7].u_xp5/_57_/Y (NAND2x1)
                                                         xp5_s2l2[7].u_xp5/_25_ (net)
                      0.000000    0.000000    0.050000 v xp5_s2l2[7].u_xp5/_58_/B (OAI21x1)
     2    0.000140    0.000000    0.000000    0.050000 ^ xp5_s2l2[7].u_xp5/_58_/Y (OAI21x1)
                                                         r4_split[7].boh[7] (net)
                      0.000000    0.000000    0.050000 ^ _749_/A (INVx1)
     1    0.000070    0.000000    0.000000    0.050000 v _749_/Y (INVx1)
                                                         _295_ (net)
                      0.000000    0.000000    0.050000 v _750_/B (NAND2x1)
     3    0.000210    0.000000    0.000000    0.050000 ^ _750_/Y (NAND2x1)
                                                         lo_flat[31] (net)
                      0.000000    0.000000    0.050000 ^ xp4_lo_l1[3].u_xp4/_38_/A (INVx1)
     2    0.000140    0.000000    0.000000    0.050000 v xp4_lo_l1[3].u_xp4/_38_/Y (INVx1)
                                                         xp4_lo_l1[3].u_xp4/_16_ (net)
                      0.000000    0.000000    0.050000 v xp4_lo_l1[3].u_xp4/_42_/B (NOR2x1)
     4    0.000280    0.000000    0.000000    0.050000 ^ xp4_lo_l1[3].u_xp4/_42_/Y (NOR2x1)
                                                         ll1_flat[27] (net)
                      0.000000    0.000000    0.050000 ^ xp7_lo_l2[1].u_xp7/_090_/A (INVx1)
     4    0.000280    0.000000    0.000000    0.050000 v xp7_lo_l2[1].u_xp7/_090_/Y (INVx1)
                                                         xp7_lo_l2[1].u_xp7/_027_ (net)
                      0.000000    0.000000    0.050000 v xp7_lo_l2[1].u_xp7/_128_/B (NOR2x1)
     5    0.000350    0.000000    0.000000    0.050000 ^ xp7_lo_l2[1].u_xp7/_128_/Y (NOR2x1)
                                                         ll2_flat[25] (net)
                      0.000000    0.000000    0.050000 ^ u_xp13_lo_l3/_358_/A (INVx1)
     9    0.000630    0.000000    0.000000    0.050000 v u_xp13_lo_l3/_358_/Y (INVx1)
                                                         u_xp13_lo_l3/_090_ (net)
                      0.000000    0.000000    0.050000 v u_xp13_lo_l3/_452_/B (NOR2x1)
     4    0.000280    0.000000    0.000000    0.050000 ^ u_xp13_lo_l3/_452_/Y (NOR2x1)
                                                         carry[6] (net)
                      0.000000    0.000000    0.050000 ^ u_xp17x7_carry/_181_/A (INVx1)
    14    0.000980    0.000000    0.000000    0.050000 v u_xp17x7_carry/_181_/Y (INVx1)
                                                         u_xp17x7_carry/_130_ (net)
                      0.000000    0.000000    0.050000 v u_xp17x7_carry/_305_/B (NOR2x1)
     1    0.000070    0.000000    0.000000    0.050000 ^ u_xp17x7_carry/_305_/Y (NOR2x1)
                                                         u_xp17x7_carry/_094_ (net)
                      0.000000    0.000000    0.050000 ^ u_xp17x7_carry/_306_/B (AOI21x1)
     1    0.000070    0.000000    0.000000    0.050000 v u_xp17x7_carry/_306_/Y (AOI21x1)
                                                         u_xp17x7_carry/_095_ (net)
                      0.000000    0.000000    0.050000 v u_xp17x7_carry/_307_/B (NAND2x1)
     2    0.000140    0.000000    0.000000    0.050000 ^ u_xp17x7_carry/_307_/Y (NAND2x1)
                                                         upper[18] (net)
                      0.000000    0.000000    0.050000 ^ _363_/B (NOR2x1)
     1    0.000070    0.000000    0.000000    0.050000 v _363_/Y (NOR2x1)
                                                         _054_ (net)
                      0.000000    0.000000    0.050000 v _364_/B (NAND2x1)
     1    0.000000    0.000000    0.000000    0.050000 ^ _364_/Y (NAND2x1)
                                                         hd[3] (net)
                      0.000000    0.000000    0.050000 ^ hd[3] (out)
                                              0.050000   data arrival time

                      0.000000    0.000000    0.000000   clock vclk (rise edge)
                                  0.000000    0.000000   clock network delay (ideal)
                                  0.000000    0.000000   clock reconvergence pessimism
                                 -0.050000   -0.050000   output external delay
                                             -0.050000   data required time
---------------------------------------------------------------------------------------------
                                             -0.050000   data required time
                                             -0.050000   data arrival time
---------------------------------------------------------------------------------------------
                                              0.100000   slack (MET)


Startpoint: B[63] (input port clocked by vclk)
Endpoint: hd[4] (output port clocked by vclk)
Path Group: vclk
Path Type: min

Fanout         Cap        Slew       Delay        Time   Description
---------------------------------------------------------------------------------------------
                      0.000000    0.000000    0.000000   clock vclk (rise edge)
                                  0.000000    0.000000   clock network delay (ideal)
                                  0.050000    0.050000 ^ input external delay
     1    0.000070    0.100000    0.000000    0.050000 ^ B[63] (in)
                                                         B[63] (net)
                      0.100000    0.000000    0.050000 ^ _608_/B (XNOR2x1)
     2    0.000140    0.000000    0.000000    0.050000 v _608_/Y (XNOR2x1)
                                                         _202_ (net)
                      0.000000    0.000000    0.050000 v _611_/B (NOR2x1)
     3    0.000210    0.000000    0.000000    0.050000 ^ _611_/Y (NOR2x1)
                                                         cell_oh_flat[95] (net)
                      0.000000    0.000000    0.050000 ^ xp3_s2l1[15].u_xp3/_20_/A (INVx1)
     2    0.000140    0.000000    0.000000    0.050000 v xp3_s2l1[15].u_xp3/_20_/Y (INVx1)
                                                         xp3_s2l1[15].u_xp3/_08_ (net)
                      0.000000    0.000000    0.050000 v xp3_s2l1[15].u_xp3/_24_/B (NOR2x1)
     2    0.000140    0.000000    0.000000    0.050000 ^ xp3_s2l1[15].u_xp3/_24_/Y (NOR2x1)
                                                         ps_flat[79] (net)
                      0.000000    0.000000    0.050000 ^ xp5_s2l2[7].u_xp5/_44_/A (INVx1)
     4    0.000280    0.000000    0.000000    0.050000 v xp5_s2l2[7].u_xp5/_44_/Y (INVx1)
                                                         xp5_s2l2[7].u_xp5/_15_ (net)
                      0.000000    0.000000    0.050000 v xp5_s2l2[7].u_xp5/_60_/B (NOR2x1)
     3    0.000210    0.000000    0.000000    0.050000 ^ xp5_s2l2[7].u_xp5/_60_/Y (NOR2x1)
                                                         hi_flat[23] (net)
                      0.000000    0.000000    0.050000 ^ _740_/A (INVx1)
     1    0.000070    0.000000    0.000000    0.050000 v _740_/Y (INVx1)
                                                         _289_ (net)
                      0.000000    0.000000    0.050000 v _741_/B (NAND2x1)
     2    0.000140    0.000000    0.000000    0.050000 ^ _741_/Y (NAND2x1)
                                                         lo_flat[28] (net)
                      0.000000    0.000000    0.050000 ^ xp4_lo_l1[3].u_xp4/_24_/A (INVx1)
     3    0.000210    0.000000    0.000000    0.050000 v xp4_lo_l1[3].u_xp4/_24_/Y (INVx1)
                                                         xp4_lo_l1[3].u_xp4/_05_ (net)
                      0.000000    0.000000    0.050000 v xp4_lo_l1[3].u_xp4/_25_/B (NOR2x1)
     1    0.000070    0.000000    0.000000    0.050000 ^ xp4_lo_l1[3].u_xp4/_25_/Y (NOR2x1)
                                                         xp4_lo_l1[3].u_xp4/_06_ (net)
                      0.000000    0.000000    0.050000 ^ xp4_lo_l1[3].u_xp4/_26_/B (AOI21x1)
     1    0.000070    0.000000    0.000000    0.050000 v xp4_lo_l1[3].u_xp4/_26_/Y (AOI21x1)
                                                         xp4_lo_l1[3].u_xp4/_07_ (net)
                      0.000000    0.000000    0.050000 v xp4_lo_l1[3].u_xp4/_27_/B (OAI21x1)
     4    0.000280    0.000000    0.000000    0.050000 ^ xp4_lo_l1[3].u_xp4/_27_/Y (OAI21x1)
                                                         ll1_flat[23] (net)
                      0.000000    0.000000    0.050000 ^ xp7_lo_l2[1].u_xp7/_068_/A (INVx1)
     4    0.000280    0.000000    0.000000    0.050000 v xp7_lo_l2[1].u_xp7/_068_/Y (INVx1)
                                                         xp7_lo_l2[1].u_xp7/_008_ (net)
                      0.000000    0.000000    0.050000 v xp7_lo_l2[1].u_xp7/_087_/B (NOR2x1)
     1    0.000070    0.000000    0.000000    0.050000 ^ xp7_lo_l2[1].u_xp7/_087_/Y (NOR2x1)
                                                         xp7_lo_l2[1].u_xp7/_025_ (net)
                      0.000000    0.000000    0.050000 ^ xp7_lo_l2[1].u_xp7/_088_/B (AOI21x1)
     1    0.000070    0.000000    0.000000    0.050000 v xp7_lo_l2[1].u_xp7/_088_/Y (AOI21x1)
                                                         xp7_lo_l2[1].u_xp7/_026_ (net)
                      0.000000    0.000000    0.050000 v xp7_lo_l2[1].u_xp7/_089_/B (NAND2x1)
     9    0.000630    0.000000    0.000000    0.050000 ^ xp7_lo_l2[1].u_xp7/_089_/Y (NAND2x1)
                                                         ll2_flat[18] (net)
                      0.000000    0.000000    0.050000 ^ u_xp13_lo_l3/_407_/B (NAND2x1)
     1    0.000070    0.000000    0.000000    0.050000 v u_xp13_lo_l3/_407_/Y (NAND2x1)
                                                         u_xp13_lo_l3/_136_ (net)
                      0.000000    0.000000    0.050000 v u_xp13_lo_l3/_408_/B (OAI21x1)
     1    0.000070    0.000000    0.000000    0.050000 ^ u_xp13_lo_l3/_408_/Y (OAI21x1)
                                                         u_xp13_lo_l3/_137_ (net)
                      0.000000    0.000000    0.050000 ^ u_xp13_lo_l3/_409_/B (NOR2x1)
     1    0.000070    0.000000    0.000000    0.050000 v u_xp13_lo_l3/_409_/Y (NOR2x1)
                                                         u_xp13_lo_l3/_138_ (net)
                      0.000000    0.000000    0.050000 v u_xp13_lo_l3/_410_/B (NAND2x1)
     1    0.000070    0.000000    0.000000    0.050000 ^ u_xp13_lo_l3/_410_/Y (NAND2x1)
                                                         low_sum[16] (net)
                      0.000000    0.000000    0.050000 ^ _313_/B (NOR2x1)
     1    0.000070    0.000000    0.000000    0.050000 v _313_/Y (NOR2x1)
                                                         _009_ (net)
                      0.000000    0.000000    0.050000 v _314_/B (NAND2x1)
    14    0.000980    0.000000    0.000000    0.050000 ^ _314_/Y (NAND2x1)
                                                         carry[4] (net)
                      0.000000    0.000000    0.050000 ^ u_xp17x7_carry/_167_/A (INVx1)
     4    0.000280    0.000000    0.000000    0.050000 v u_xp17x7_carry/_167_/Y (INVx1)
                                                         u_xp17x7_carry/_118_ (net)
                      0.000000    0.000000    0.050000 v u_xp17x7_carry/_312_/B (NOR2x1)
     1    0.000070    0.000000    0.000000    0.050000 ^ u_xp17x7_carry/_312_/Y (NOR2x1)
                                                         u_xp17x7_carry/_099_ (net)
                      0.000000    0.000000    0.050000 ^ u_xp17x7_carry/_313_/B (AOI21x1)
     1    0.000070    0.000000    0.000000    0.050000 v u_xp17x7_carry/_313_/Y (AOI21x1)
                                                         u_xp17x7_carry/_100_ (net)
                      0.000000    0.000000    0.050000 v u_xp17x7_carry/_314_/B (OAI21x1)
     2    0.000140    0.000000    0.000000    0.050000 ^ u_xp17x7_carry/_314_/Y (OAI21x1)
                                                         upper[20] (net)
                      0.000000    0.000000    0.050000 ^ _372_/B (NOR2x1)
     1    0.000070    0.000000    0.000000    0.050000 v _372_/Y (NOR2x1)
                                                         _062_ (net)
                      0.000000    0.000000    0.050000 v _373_/B (NAND2x1)
     1    0.000000    0.000000    0.000000    0.050000 ^ _373_/Y (NAND2x1)
                                                         hd[4] (net)
                      0.000000    0.000000    0.050000 ^ hd[4] (out)
                                              0.050000   data arrival time

                      0.000000    0.000000    0.000000   clock vclk (rise edge)
                                  0.000000    0.000000   clock network delay (ideal)
                                  0.000000    0.000000   clock reconvergence pessimism
                                 -0.050000   -0.050000   output external delay
                                             -0.050000   data required time
---------------------------------------------------------------------------------------------
                                             -0.050000   data required time
                                             -0.050000   data arrival time
---------------------------------------------------------------------------------------------
                                              0.100000   slack (MET)


Startpoint: B[63] (input port clocked by vclk)
Endpoint: hd[5] (output port clocked by vclk)
Path Group: vclk
Path Type: min

Fanout         Cap        Slew       Delay        Time   Description
---------------------------------------------------------------------------------------------
                      0.000000    0.000000    0.000000   clock vclk (rise edge)
                                  0.000000    0.000000   clock network delay (ideal)
                                  0.050000    0.050000 ^ input external delay
     1    0.000070    0.100000    0.000000    0.050000 ^ B[63] (in)
                                                         B[63] (net)
                      0.100000    0.000000    0.050000 ^ _608_/B (XNOR2x1)
     2    0.000140    0.000000    0.000000    0.050000 ^ _608_/Y (XNOR2x1)
                                                         _202_ (net)
                      0.000000    0.000000    0.050000 ^ _609_/A (INVx1)
     1    0.000070    0.000000    0.000000    0.050000 v _609_/Y (INVx1)
                                                         _203_ (net)
                      0.000000    0.000000    0.050000 v _610_/B (NOR2x1)
     3    0.000210    0.000000    0.000000    0.050000 ^ _610_/Y (NOR2x1)
                                                         cell_oh_flat[93] (net)
                      0.000000    0.000000    0.050000 ^ xp3_s2l1[15].u_xp3/_16_/A (INVx1)
     2    0.000140    0.000000    0.000000    0.050000 v xp3_s2l1[15].u_xp3/_16_/Y (INVx1)
                                                         xp3_s2l1[15].u_xp3/_05_ (net)
                      0.000000    0.000000    0.050000 v xp3_s2l1[15].u_xp3/_17_/B (NOR2x1)
     1    0.000070    0.000000    0.000000    0.050000 ^ xp3_s2l1[15].u_xp3/_17_/Y (NOR2x1)
                                                         xp3_s2l1[15].u_xp3/_06_ (net)
                      0.000000    0.000000    0.050000 ^ xp3_s2l1[15].u_xp3/_18_/B (AOI21x1)
     1    0.000070    0.000000    0.000000    0.050000 v xp3_s2l1[15].u_xp3/_18_/Y (AOI21x1)
                                                         xp3_s2l1[15].u_xp3/_07_ (net)
                      0.000000    0.000000    0.050000 v xp3_s2l1[15].u_xp3/_19_/B (OAI21x1)
     3    0.000210    0.000000    0.000000    0.050000 ^ xp3_s2l1[15].u_xp3/_19_/Y (OAI21x1)
                                                         ps_flat[77] (net)
                      0.000000    0.000000    0.050000 ^ xp5_s2l2[7].u_xp5/_49_/B (NAND2x1)
     1    0.000070    0.000000    0.000000    0.050000 v xp5_s2l2[7].u_xp5/_49_/Y (NAND2x1)
                                                         xp5_s2l2[7].u_xp5/_19_ (net)
                      0.000000    0.000000    0.050000 v xp5_s2l2[7].u_xp5/_50_/B (OAI21x1)
     1    0.000070    0.000000    0.000000    0.050000 ^ xp5_s2l2[7].u_xp5/_50_/Y (OAI21x1)
                                                         xp5_s2l2[7].u_xp5/_20_ (net)
                      0.000000    0.000000    0.050000 ^ xp5_s2l2[7].u_xp5/_51_/B (AOI21x1)
     1    0.000070    0.000000    0.000000    0.050000 v xp5_s2l2[7].u_xp5/_51_/Y (AOI21x1)
                                                         xp5_s2l2[7].u_xp5/_21_ (net)
                      0.000000    0.000000    0.050000 v xp5_s2l2[7].u_xp5/_52_/B (OAI21x1)
     2    0.000140    0.000000    0.000000    0.050000 ^ xp5_s2l2[7].u_xp5/_52_/Y (OAI21x1)
                                                         r4_split[7].boh[5] (net)
                      0.000000    0.000000    0.050000 ^ _743_/A (INVx1)
     1    0.000070    0.000000    0.000000    0.050000 v _743_/Y (INVx1)
                                                         _291_ (net)
                      0.000000    0.000000    0.050000 v _744_/B (NAND2x1)
     2    0.000140    0.000000    0.000000    0.050000 ^ _744_/Y (NAND2x1)
                                                         lo_flat[29] (net)
                      0.000000    0.000000    0.050000 ^ xp4_lo_l1[3].u_xp4/_19_/A (INVx1)
     3    0.000210    0.000000    0.000000    0.050000 v xp4_lo_l1[3].u_xp4/_19_/Y (INVx1)
                                                         xp4_lo_l1[3].u_xp4/_01_ (net)
                      0.000000    0.000000    0.050000 v xp4_lo_l1[3].u_xp4/_35_/B (NOR2x1)
     1    0.000070    0.000000    0.000000    0.050000 ^ xp4_lo_l1[3].u_xp4/_35_/Y (NOR2x1)
                                                         xp4_lo_l1[3].u_xp4/_14_ (net)
                      0.000000    0.000000    0.050000 ^ xp4_lo_l1[3].u_xp4/_36_/B (AOI21x1)
     1    0.000070    0.000000    0.000000    0.050000 v xp4_lo_l1[3].u_xp4/_36_/Y (AOI21x1)
                                                         xp4_lo_l1[3].u_xp4/_15_ (net)
                      0.000000    0.000000    0.050000 v xp4_lo_l1[3].u_xp4/_37_/B (OAI21x1)
     5    0.000350    0.000000    0.000000    0.050000 ^ xp4_lo_l1[3].u_xp4/_37_/Y (OAI21x1)
                                                         ll1_flat[25] (net)
                      0.000000    0.000000    0.050000 ^ xp7_lo_l2[1].u_xp7/_077_/A (INVx1)
     3    0.000210    0.000000    0.000000    0.050000 v xp7_lo_l2[1].u_xp7/_077_/Y (INVx1)
                                                         xp7_lo_l2[1].u_xp7/_016_ (net)
                      0.000000    0.000000    0.050000 v xp7_lo_l2[1].u_xp7/_078_/A (NOR2x1)
     1    0.000070    0.000000    0.000000    0.050000 ^ xp7_lo_l2[1].u_xp7/_078_/Y (NOR2x1)
                                                         xp7_lo_l2[1].u_xp7/_017_ (net)
                      0.000000    0.000000    0.050000 ^ xp7_lo_l2[1].u_xp7/_079_/B (AOI21x1)
     1    0.000070    0.000000    0.000000    0.050000 v xp7_lo_l2[1].u_xp7/_079_/Y (AOI21x1)
                                                         xp7_lo_l2[1].u_xp7/_018_ (net)
                      0.000000    0.000000    0.050000 v xp7_lo_l2[1].u_xp7/_080_/B (NAND2x1)
     6    0.000420    0.000000    0.000000    0.050000 ^ xp7_lo_l2[1].u_xp7/_080_/Y (NAND2x1)
                                                         ll2_flat[17] (net)
                      0.000000    0.000000    0.050000 ^ u_xp13_lo_l3/_233_/A (INVx1)
     8    0.000560    0.000000    0.000000    0.050000 v u_xp13_lo_l3/_233_/Y (INVx1)
                                                         u_xp13_lo_l3/_188_ (net)
                      0.000000    0.000000    0.050000 v u_xp13_lo_l3/_234_/A (NOR2x1)
     1    0.000070    0.000000    0.000000    0.050000 ^ u_xp13_lo_l3/_234_/Y (NOR2x1)
                                                         u_xp13_lo_l3/_189_ (net)
                      0.000000    0.000000    0.050000 ^ u_xp13_lo_l3/_235_/B (AOI21x1)
     1    0.000070    0.000000    0.000000    0.050000 v u_xp13_lo_l3/_235_/Y (AOI21x1)
                                                         u_xp13_lo_l3/_190_ (net)
                      0.000000    0.000000    0.050000 v u_xp13_lo_l3/_236_/B (NAND2x1)
     1    0.000070    0.000000    0.000000    0.050000 ^ u_xp13_lo_l3/_236_/Y (NAND2x1)
                                                         low_sum[4] (net)
                      0.000000    0.000000    0.050000 ^ _304_/B (NOR2x1)
     1    0.000070    0.000000    0.000000    0.050000 v _304_/Y (NOR2x1)
                                                         _003_ (net)
                      0.000000    0.000000    0.050000 v _305_/B (NAND2x1)
    13    0.000910    0.000000    0.000000    0.050000 ^ _305_/Y (NAND2x1)
                                                         carry[1] (net)
                      0.000000    0.000000    0.050000 ^ u_xp17x7_carry/_257_/B (NAND2x1)
     1    0.000070    0.000000    0.000000    0.050000 v u_xp17x7_carry/_257_/Y (NAND2x1)
                                                         u_xp17x7_carry/_051_ (net)
                      0.000000    0.000000    0.050000 v u_xp17x7_carry/_258_/B (OAI21x1)
     1    0.000070    0.000000    0.000000    0.050000 ^ u_xp17x7_carry/_258_/Y (OAI21x1)
                                                         u_xp17x7_carry/_052_ (net)
                      0.000000    0.000000    0.050000 ^ u_xp17x7_carry/_259_/B (AOI21x1)
     1    0.000070    0.000000    0.000000    0.050000 v u_xp17x7_carry/_259_/Y (AOI21x1)
                                                         u_xp17x7_carry/_053_ (net)
                      0.000000    0.000000    0.050000 v u_xp17x7_carry/_260_/B (NAND2x1)
     1    0.000070    0.000000    0.000000    0.050000 ^ u_xp17x7_carry/_260_/Y (NAND2x1)
                                                         upper[13] (net)
                      0.000000    0.000000    0.050000 ^ _346_/B (NOR2x1)
     2    0.000140    0.000000    0.000000    0.050000 v _346_/Y (NOR2x1)
                                                         _038_ (net)
                      0.000000    0.000000    0.050000 v _347_/B (NAND2x1)
     2    0.000140    0.000000    0.000000    0.050000 ^ _347_/Y (NAND2x1)
                                                         _039_ (net)
                      0.000000    0.000000    0.050000 ^ _379_/A (INVx1)
     1    0.000070    0.000000    0.000000    0.050000 v _379_/Y (INVx1)
                                                         _068_ (net)
                      0.000000    0.000000    0.050000 v _380_/B (NAND2x1)
     1    0.000000    0.000000    0.000000    0.050000 ^ _380_/Y (NAND2x1)
                                                         hd[5] (net)
                      0.000000    0.000000    0.050000 ^ hd[5] (out)
                                              0.050000   data arrival time

                      0.000000    0.000000    0.000000   clock vclk (rise edge)
                                  0.000000    0.000000   clock network delay (ideal)
                                  0.000000    0.000000   clock reconvergence pessimism
                                 -0.050000   -0.050000   output external delay
                                             -0.050000   data required time
---------------------------------------------------------------------------------------------
                                             -0.050000   data required time
                                             -0.050000   data arrival time
---------------------------------------------------------------------------------------------
                                              0.100000   slack (MET)


Startpoint: B[15] (input port clocked by vclk)
Endpoint: hd[6] (output port clocked by vclk)
Path Group: vclk
Path Type: min

Fanout         Cap        Slew       Delay        Time   Description
---------------------------------------------------------------------------------------------
                      0.000000    0.000000    0.000000   clock vclk (rise edge)
                                  0.000000    0.000000   clock network delay (ideal)
                                  0.050000    0.050000 ^ input external delay
     1    0.000070    0.100000    0.000000    0.050000 ^ B[15] (in)
                                                         B[15] (net)
                      0.100000    0.000000    0.050000 ^ _440_/B (XNOR2x1)
     2    0.000140    0.000000    0.000000    0.050000 v _440_/Y (XNOR2x1)
                                                         _106_ (net)
                      0.000000    0.000000    0.050000 v _443_/B (NOR2x1)
     3    0.000210    0.000000    0.000000    0.050000 ^ _443_/Y (NOR2x1)
                                                         cell_oh_flat[23] (net)
                      0.000000    0.000000    0.050000 ^ xp3_s2l1[3].u_xp3/_20_/A (INVx1)
     2    0.000140    0.000000    0.000000    0.050000 v xp3_s2l1[3].u_xp3/_20_/Y (INVx1)
                                                         xp3_s2l1[3].u_xp3/_08_ (net)
                      0.000000    0.000000    0.050000 v xp3_s2l1[3].u_xp3/_24_/B (NOR2x1)
     2    0.000140    0.000000    0.000000    0.050000 ^ xp3_s2l1[3].u_xp3/_24_/Y (NOR2x1)
                                                         ps_flat[19] (net)
                      0.000000    0.000000    0.050000 ^ xp5_s2l2[1].u_xp5/_44_/A (INVx1)
     4    0.000280    0.000000    0.000000    0.050000 v xp5_s2l2[1].u_xp5/_44_/Y (INVx1)
                                                         xp5_s2l2[1].u_xp5/_15_ (net)
                      0.000000    0.000000    0.050000 v xp5_s2l2[1].u_xp5/_60_/B (NOR2x1)
     3    0.000210    0.000000    0.000000    0.050000 ^ xp5_s2l2[1].u_xp5/_60_/Y (NOR2x1)
                                                         hi_flat[5] (net)
                      0.000000    0.000000    0.050000 ^ _632_/A (INVx1)
     1    0.000070    0.000000    0.000000    0.050000 v _632_/Y (INVx1)
                                                         _217_ (net)
                      0.000000    0.000000    0.050000 v _633_/B (NAND2x1)
     2    0.000140    0.000000    0.000000    0.050000 ^ _633_/Y (NAND2x1)
                                                         lo_flat[4] (net)
                      0.000000    0.000000    0.050000 ^ xp4_lo_l1[0].u_xp4/_24_/A (INVx1)
     3    0.000210    0.000000    0.000000    0.050000 v xp4_lo_l1[0].u_xp4/_24_/Y (INVx1)
                                                         xp4_lo_l1[0].u_xp4/_05_ (net)
                      0.000000    0.000000    0.050000 v xp4_lo_l1[0].u_xp4/_25_/B (NOR2x1)
     1    0.000070    0.000000    0.000000    0.050000 ^ xp4_lo_l1[0].u_xp4/_25_/Y (NOR2x1)
                                                         xp4_lo_l1[0].u_xp4/_06_ (net)
                      0.000000    0.000000    0.050000 ^ xp4_lo_l1[0].u_xp4/_26_/B (AOI21x1)
     1    0.000070    0.000000    0.000000    0.050000 v xp4_lo_l1[0].u_xp4/_26_/Y (AOI21x1)
                                                         xp4_lo_l1[0].u_xp4/_07_ (net)
                      0.000000    0.000000    0.050000 v xp4_lo_l1[0].u_xp4/_27_/B (OAI21x1)
     5    0.000350    0.000000    0.000000    0.050000 ^ xp4_lo_l1[0].u_xp4/_27_/Y (OAI21x1)
                                                         ll1_flat[2] (net)
                      0.000000    0.000000    0.050000 ^ xp7_lo_l2[0].u_xp7/_063_/A (INVx1)
     3    0.000210    0.000000    0.000000    0.050000 v xp7_lo_l2[0].u_xp7/_063_/Y (INVx1)
                                                         xp7_lo_l2[0].u_xp7/_004_ (net)
                      0.000000    0.000000    0.050000 v xp7_lo_l2[0].u_xp7/_114_/B (NOR2x1)
     1    0.000070    0.000000    0.000000    0.050000 ^ xp7_lo_l2[0].u_xp7/_114_/Y (NOR2x1)
                                                         xp7_lo_l2[0].u_xp7/_049_ (net)
                      0.000000    0.000000    0.050000 ^ xp7_lo_l2[0].u_xp7/_115_/B (AOI21x1)
     1    0.000070    0.000000    0.000000    0.050000 v xp7_lo_l2[0].u_xp7/_115_/Y (AOI21x1)
                                                         xp7_lo_l2[0].u_xp7/_050_ (net)
                      0.000000    0.000000    0.050000 v xp7_lo_l2[0].u_xp7/_116_/B (NAND2x1)
     8    0.000560    0.000000    0.000000    0.050000 ^ xp7_lo_l2[0].u_xp7/_116_/Y (NAND2x1)
                                                         ll2_flat[8] (net)
                      0.000000    0.000000    0.050000 ^ u_xp13_lo_l3/_278_/A (INVx1)
     6    0.000420    0.000000    0.000000    0.050000 v u_xp13_lo_l3/_278_/Y (INVx1)
                                                         u_xp13_lo_l3/_015_ (net)
                      0.000000    0.000000    0.050000 v u_xp13_lo_l3/_439_/B (NOR2x1)
     1    0.000070    0.000000    0.000000    0.050000 ^ u_xp13_lo_l3/_439_/Y (NOR2x1)
                                                         u_xp13_lo_l3/_164_ (net)
                      0.000000    0.000000    0.050000 ^ u_xp13_lo_l3/_440_/B (AOI21x1)
     1    0.000070    0.000000    0.000000    0.050000 v u_xp13_lo_l3/_440_/Y (AOI21x1)
                                                         u_xp13_lo_l3/_165_ (net)
                      0.000000    0.000000    0.050000 v u_xp13_lo_l3/_441_/B (NAND2x1)
     1    0.000070    0.000000    0.000000    0.050000 ^ u_xp13_lo_l3/_441_/Y (NAND2x1)
                                                         low_sum[20] (net)
                      0.000000    0.000000    0.050000 ^ _316_/B (NOR2x1)
     1    0.000070    0.000000    0.000000    0.050000 v _316_/Y (NOR2x1)
                                                         _011_ (net)
                      0.000000    0.000000    0.050000 v _317_/B (NAND2x1)
    15    0.001050    0.000000    0.000000    0.050000 ^ _317_/Y (NAND2x1)
                                                         carry[5] (net)
                      0.000000    0.000000    0.050000 ^ u_xp17x7_carry/_315_/B (NAND2x1)
     1    0.000070    0.000000    0.000000    0.050000 v u_xp17x7_carry/_315_/Y (NAND2x1)
                                                         u_xp17x7_carry/_101_ (net)
                      0.000000    0.000000    0.050000 v u_xp17x7_carry/_316_/B (OAI21x1)
     2    0.000140    0.000000    0.000000    0.050000 ^ u_xp17x7_carry/_316_/Y (OAI21x1)
                                                         upper[21] (net)
                      0.000000    0.000000    0.050000 ^ _344_/B (NOR2x1)
     2    0.000140    0.000000    0.000000    0.050000 v _344_/Y (NOR2x1)
                                                         _036_ (net)
                      0.000000    0.000000    0.050000 v _388_/B (NAND2x1)
     1    0.000000    0.000000    0.000000    0.050000 ^ _388_/Y (NAND2x1)
                                                         hd[6] (net)
                      0.000000    0.000000    0.050000 ^ hd[6] (out)
                                              0.050000   data arrival time

                      0.000000    0.000000    0.000000   clock vclk (rise edge)
                                  0.000000    0.000000   clock network delay (ideal)
                                  0.000000    0.000000   clock reconvergence pessimism
                                 -0.050000   -0.050000   output external delay
                                             -0.050000   data required time
---------------------------------------------------------------------------------------------
                                             -0.050000   data required time
                                             -0.050000   data arrival time
---------------------------------------------------------------------------------------------
                                              0.100000   slack (MET)



