
===========================================================================
report_checks -unconstrained
===========================================================================
======================= nom_tt_025C_0v50 Corner ===================================

Startpoint: A[50] (input port clocked by vclk)
Endpoint: hd[2] (output port clocked by vclk)
Path Group: vclk
Path Type: max

Fanout         Cap        Slew       Delay        Time   Description
---------------------------------------------------------------------------------------------
                      0.000000    0.000000    0.000000   clock vclk (rise edge)
                                  0.000000    0.000000   clock network delay (ideal)
                                  0.050000    0.050000 v input external delay
     1    0.000488    0.100000    0.000000    0.050000 v A[50] (in)
                                                         A[50] (net)
                      0.100138    0.000044    0.050044 v _564_/A (XNOR2x1)
     2    0.000562    0.000000    0.000000    0.050044 v _564_/Y (XNOR2x1)
                                                         _176_ (net)
                      0.000000    0.000039    0.050083 v _565_/A (INVx1)
     1    0.000367    0.000000    0.000000    0.050083 ^ _565_/Y (INVx1)
                                                         _177_ (net)
                      0.000000    0.000009    0.050092 ^ _568_/A (NOR2x1)
     2    0.019306    0.000000    0.000000    0.050092 v _568_/Y (NOR2x1)
                                                         cell_oh[75] (net)
                      0.000000    0.007011    0.057103 v _570_/B (NOR2x1)
     1    0.018710    0.000000    0.000000    0.057103 ^ _570_/Y (NOR2x1)
                                                         cell_oh[76] (net)
                      0.000000    0.003105    0.060208 ^ xp3_s2l1_12/h1 (XP_3x3_M2M3)
     1    0.030858    0.002000    0.001000    0.061208 ^ xp3_s2l1_12/s1 (XP_3x3_M2M3)
                                                         ps[61] (net)
                      0.002000    0.000893    0.062101 ^ xp5_s2l2_6/v1 (XP_5x5_M2M3)
     2    0.000520    0.002000    0.001000    0.063101 ^ xp5_s2l2_6/s3 (XP_5x5_M2M3)
                                                         boh[57] (net)
                      0.002000    0.000053    0.063153 ^ _733_/A (NOR2x1)
     1    0.000216    0.000000    0.000000    0.063153 v _733_/Y (NOR2x1)
                                                         _284_ (net)
                      0.000000    0.000012    0.063166 v _735_/A (NAND2x1)
     1    0.031627    0.000000    0.000000    0.063166 ^ _735_/Y (NAND2x1)
                                                         hi[18] (net)
                      0.000000    0.010318    0.073484 ^ xp3_hi_l1_3/v0 (XP_3x3_M4M5)
     4    0.001222    0.002000    0.001000    0.074484 ^ xp3_hi_l1_3/s0 (XP_3x3_M4M5)
                                                         hl1[15] (net)
                      0.002000    0.000222    0.074706 ^ xp5h[1].u/_36_/A (INVx1)
     2    0.000454    0.000000    0.000000    0.074706 v xp5h[1].u/_36_/Y (INVx1)
                                                         xp5h[1].u/_08_ (net)
                      0.000000    0.000024    0.074730 v xp5h[1].u/_59_/A (NOR2x1)
     1    0.070903    0.000000    0.000000    0.074730 ^ xp5h[1].u/_59_/Y (NOR2x1)
                                                         xp5h[1].u/sum_bit[0].grid_and (net)
                      0.000000    0.035549    0.110279 ^ xp5h[1].u/_61_/A (BUFx1)
     6    0.001599    0.200000    0.188000    0.298279 ^ xp5h[1].u/_61_/Y (BUFx1)
                                                         hl2[9] (net)
                      0.200000    0.000096    0.298375 ^ u_hi_l3/_101_/A (INVx1)
     4    0.000682    0.000000    0.000000    0.298375 v u_hi_l3/_101_/Y (INVx1)
                                                         u_hi_l3/_043_ (net)
                      0.000000    0.000010    0.298385 v u_hi_l3/_205_/A (NOR2x1)
     1    0.070244    0.000000    0.000000    0.298385 ^ u_hi_l3/_205_/Y (NOR2x1)
                                                         u_hi_l3/sum_bit[0].grid_and (net)
                      0.000000    0.014231    0.312616 ^ u_hi_l3/_207_/A (BUFx1)
     3    0.000805    0.200000    0.188000    0.500616 ^ u_hi_l3/_207_/Y (BUFx1)
                                                         high_sum[0] (net)
                      0.200000    0.000063    0.500679 ^ u_carry/_148_/A (INVx1)
     5    0.001067    0.000000    0.000000    0.500679 v u_carry/_148_/Y (INVx1)
                                                         u_carry/_102_ (net)
                      0.000000    0.000130    0.500809 v u_carry/_162_/A1 (OAI21x1)
     2    0.000610    0.000000    0.000000    0.500809 ^ u_carry/_162_/Y (OAI21x1)
                                                         upper[3] (net)
                      0.000000    0.000056    0.500866 ^ _349_/B (NOR2x1)
     1    0.000456    0.000000    0.000000    0.500866 v _349_/Y (NOR2x1)
                                                         _041_ (net)
                      0.000000    0.000064    0.500930 v _350_/B (NAND2x1)
     1    0.000525    0.000000    0.000000    0.500930 ^ _350_/Y (NAND2x1)
                                                         _042_ (net)
                      0.000000    0.000073    0.501003 ^ _351_/B (NOR2x1)
     1    0.000148    0.000000    0.000000    0.501003 v _351_/Y (NOR2x1)
                                                         _043_ (net)
                      0.000000    0.000005    0.501008 v _352_/B (NAND2x1)
     1    0.000149    0.000000    0.000000    0.501008 ^ _352_/Y (NAND2x1)
                                                         hd[2] (net)
                      0.000000    0.000006    0.501014 ^ hd[2] (out)
                                              0.501014   data arrival time

                      0.000000    0.200000    0.200000   clock vclk (rise edge)
                                  0.000000    0.200000   clock network delay (ideal)
                                  0.000000    0.200000   clock reconvergence pessimism
                                 -0.050000    0.150000   output external delay
                                              0.150000   data required time
---------------------------------------------------------------------------------------------
                                              0.150000   data required time
                                             -0.501014   data arrival time
---------------------------------------------------------------------------------------------
                                             -0.351014   slack (VIOLATED)




===========================================================================
report_checks --slack_max -0.01
============================================================================
======================= nom_tt_025C_0v50 Corner ===================================

Startpoint: A[50] (input port clocked by vclk)
Endpoint: hd[2] (output port clocked by vclk)
Path Group: vclk
Path Type: max

Fanout         Cap        Slew       Delay        Time   Description
---------------------------------------------------------------------------------------------
                      0.000000    0.000000    0.000000   clock vclk (rise edge)
                                  0.000000    0.000000   clock network delay (ideal)
                                  0.050000    0.050000 v input external delay
     1    0.000488    0.100000    0.000000    0.050000 v A[50] (in)
                                                         A[50] (net)
                      0.100138    0.000044    0.050044 v _564_/A (XNOR2x1)
     2    0.000562    0.000000    0.000000    0.050044 v _564_/Y (XNOR2x1)
                                                         _176_ (net)
                      0.000000    0.000039    0.050083 v _565_/A (INVx1)
     1    0.000367    0.000000    0.000000    0.050083 ^ _565_/Y (INVx1)
                                                         _177_ (net)
                      0.000000    0.000009    0.050092 ^ _568_/A (NOR2x1)
     2    0.019306    0.000000    0.000000    0.050092 v _568_/Y (NOR2x1)
                                                         cell_oh[75] (net)
                      0.000000    0.007011    0.057103 v _570_/B (NOR2x1)
     1    0.018710    0.000000    0.000000    0.057103 ^ _570_/Y (NOR2x1)
                                                         cell_oh[76] (net)
                      0.000000    0.003105    0.060208 ^ xp3_s2l1_12/h1 (XP_3x3_M2M3)
     1    0.030858    0.002000    0.001000    0.061208 ^ xp3_s2l1_12/s1 (XP_3x3_M2M3)
                                                         ps[61] (net)
                      0.002000    0.000893    0.062101 ^ xp5_s2l2_6/v1 (XP_5x5_M2M3)
     2    0.000520    0.002000    0.001000    0.063101 ^ xp5_s2l2_6/s3 (XP_5x5_M2M3)
                                                         boh[57] (net)
                      0.002000    0.000053    0.063153 ^ _733_/A (NOR2x1)
     1    0.000216    0.000000    0.000000    0.063153 v _733_/Y (NOR2x1)
                                                         _284_ (net)
                      0.000000    0.000012    0.063166 v _735_/A (NAND2x1)
     1    0.031627    0.000000    0.000000    0.063166 ^ _735_/Y (NAND2x1)
                                                         hi[18] (net)
                      0.000000    0.010318    0.073484 ^ xp3_hi_l1_3/v0 (XP_3x3_M4M5)
     4    0.001222    0.002000    0.001000    0.074484 ^ xp3_hi_l1_3/s0 (XP_3x3_M4M5)
                                                         hl1[15] (net)
                      0.002000    0.000222    0.074706 ^ xp5h[1].u/_36_/A (INVx1)
     2    0.000454    0.000000    0.000000    0.074706 v xp5h[1].u/_36_/Y (INVx1)
                                                         xp5h[1].u/_08_ (net)
                      0.000000    0.000024    0.074730 v xp5h[1].u/_59_/A (NOR2x1)
     1    0.070903    0.000000    0.000000    0.074730 ^ xp5h[1].u/_59_/Y (NOR2x1)
                                                         xp5h[1].u/sum_bit[0].grid_and (net)
                      0.000000    0.035549    0.110279 ^ xp5h[1].u/_61_/A (BUFx1)
     6    0.001599    0.200000    0.188000    0.298279 ^ xp5h[1].u/_61_/Y (BUFx1)
                                                         hl2[9] (net)
                      0.200000    0.000096    0.298375 ^ u_hi_l3/_101_/A (INVx1)
     4    0.000682    0.000000    0.000000    0.298375 v u_hi_l3/_101_/Y (INVx1)
                                                         u_hi_l3/_043_ (net)
                      0.000000    0.000010    0.298385 v u_hi_l3/_205_/A (NOR2x1)
     1    0.070244    0.000000    0.000000    0.298385 ^ u_hi_l3/_205_/Y (NOR2x1)
                                                         u_hi_l3/sum_bit[0].grid_and (net)
                      0.000000    0.014231    0.312616 ^ u_hi_l3/_207_/A (BUFx1)
     3    0.000805    0.200000    0.188000    0.500616 ^ u_hi_l3/_207_/Y (BUFx1)
                                                         high_sum[0] (net)
                      0.200000    0.000063    0.500679 ^ u_carry/_148_/A (INVx1)
     5    0.001067    0.000000    0.000000    0.500679 v u_carry/_148_/Y (INVx1)
                                                         u_carry/_102_ (net)
                      0.000000    0.000130    0.500809 v u_carry/_162_/A1 (OAI21x1)
     2    0.000610    0.000000    0.000000    0.500809 ^ u_carry/_162_/Y (OAI21x1)
                                                         upper[3] (net)
                      0.000000    0.000056    0.500866 ^ _349_/B (NOR2x1)
     1    0.000456    0.000000    0.000000    0.500866 v _349_/Y (NOR2x1)
                                                         _041_ (net)
                      0.000000    0.000064    0.500930 v _350_/B (NAND2x1)
     1    0.000525    0.000000    0.000000    0.500930 ^ _350_/Y (NAND2x1)
                                                         _042_ (net)
                      0.000000    0.000073    0.501003 ^ _351_/B (NOR2x1)
     1    0.000148    0.000000    0.000000    0.501003 v _351_/Y (NOR2x1)
                                                         _043_ (net)
                      0.000000    0.000005    0.501008 v _352_/B (NAND2x1)
     1    0.000149    0.000000    0.000000    0.501008 ^ _352_/Y (NAND2x1)
                                                         hd[2] (net)
                      0.000000    0.000006    0.501014 ^ hd[2] (out)
                                              0.501014   data arrival time

                      0.000000    0.200000    0.200000   clock vclk (rise edge)
                                  0.000000    0.200000   clock network delay (ideal)
                                  0.000000    0.200000   clock reconvergence pessimism
                                 -0.050000    0.150000   output external delay
                                              0.150000   data required time
---------------------------------------------------------------------------------------------
                                              0.150000   data required time
                                             -0.501014   data arrival time
---------------------------------------------------------------------------------------------
                                             -0.351014   slack (VIOLATED)




===========================================================================
 report_check_types -max_slew -max_cap -max_fanout -violators
============================================================================
======================= nom_tt_025C_0v50 Corner ===================================

max capacitance

Pin                                        Limit         Cap       Slack
------------------------------------------------------------------------
xp5h[1].u/_59_/Y                        0.010000    0.070903   -0.060903 (VIOLATED)
xp5h[0].u/_59_/Y                        0.010000    0.070417   -0.060417 (VIOLATED)
u_hi_l3/_205_/Y                         0.010000    0.070244   -0.060244 (VIOLATED)
xp7[1].u/_127_/Y                        0.010000    0.070115   -0.060115 (VIOLATED)
xp7[0].u/_127_/Y                        0.010000    0.070102   -0.060102 (VIOLATED)
u_lo_l3/_451_/Y                         0.010000    0.070062   -0.060062 (VIOLATED)
u_carry/_317_/Y                         0.010000    0.070036   -0.060036 (VIOLATED)
_669_/Y                                 0.010000    0.042005   -0.032005 (VIOLATED)
_747_/Y                                 0.010000    0.042004   -0.032004 (VIOLATED)
_672_/Y                                 0.010000    0.041982   -0.031982 (VIOLATED)
_714_/Y                                 0.010000    0.041935   -0.031935 (VIOLATED)
_711_/Y                                 0.010000    0.041931   -0.031931 (VIOLATED)
_732_/Y                                 0.010000    0.041903   -0.031903 (VIOLATED)
_708_/Y                                 0.010000    0.041903   -0.031903 (VIOLATED)
_636_/Y                                 0.010000    0.041884   -0.031884 (VIOLATED)
_705_/Y                                 0.010000    0.041878   -0.031878 (VIOLATED)
_693_/Y                                 0.010000    0.041871   -0.031871 (VIOLATED)
_750_/Y                                 0.010000    0.041870   -0.031870 (VIOLATED)
_678_/Y                                 0.010000    0.041858   -0.031858 (VIOLATED)
_624_/Y                                 0.010000    0.041856   -0.031856 (VIOLATED)
_621_/Y                                 0.010000    0.041855   -0.031855 (VIOLATED)
_633_/Y                                 0.010000    0.041853   -0.031853 (VIOLATED)
_744_/Y                                 0.010000    0.041847   -0.031847 (VIOLATED)
_642_/Y                                 0.010000    0.041844   -0.031844 (VIOLATED)
_675_/Y                                 0.010000    0.041838   -0.031838 (VIOLATED)
_696_/Y                                 0.010000    0.041825   -0.031825 (VIOLATED)
_729_/Y                                 0.010000    0.041818   -0.031818 (VIOLATED)
_741_/Y                                 0.010000    0.041804   -0.031804 (VIOLATED)
_660_/Y                                 0.010000    0.041800   -0.031800 (VIOLATED)
_639_/Y                                 0.010000    0.041794   -0.031794 (VIOLATED)
_618_/Y                                 0.010000    0.041780   -0.031780 (VIOLATED)
_654_/Y                                 0.010000    0.041722   -0.031722 (VIOLATED)
_657_/Y                                 0.010000    0.041699   -0.031699 (VIOLATED)
_615_/Y                                 0.010000    0.041691   -0.031691 (VIOLATED)
_726_/Y                                 0.010000    0.041679   -0.031679 (VIOLATED)
_651_/Y                                 0.010000    0.041678   -0.031678 (VIOLATED)
_723_/Y                                 0.010000    0.041669   -0.031669 (VIOLATED)
_687_/Y                                 0.010000    0.041659   -0.031659 (VIOLATED)
_690_/Y                                 0.010000    0.041647   -0.031647 (VIOLATED)
_630_/Y                                 0.010000    0.031630   -0.021630 (VIOLATED)
_735_/Y                                 0.010000    0.031627   -0.021627 (VIOLATED)
_720_/Y                                 0.010000    0.031578   -0.021578 (VIOLATED)
_627_/Y                                 0.010000    0.031572   -0.021572 (VIOLATED)
_645_/Y                                 0.010000    0.031547   -0.021547 (VIOLATED)
_738_/Y                                 0.010000    0.031530   -0.021530 (VIOLATED)
_753_/Y                                 0.010000    0.031519   -0.021519 (VIOLATED)
_648_/Y                                 0.010000    0.031513   -0.021513 (VIOLATED)
_684_/Y                                 0.010000    0.031506   -0.021506 (VIOLATED)
_699_/Y                                 0.010000    0.031488   -0.021488 (VIOLATED)
_702_/Y                                 0.010000    0.031455   -0.021455 (VIOLATED)
_756_/Y                                 0.010000    0.031408   -0.021408 (VIOLATED)
_717_/Y                                 0.010000    0.031381   -0.021381 (VIOLATED)
_666_/Y                                 0.010000    0.031365   -0.021365 (VIOLATED)
_663_/Y                                 0.010000    0.031311   -0.021311 (VIOLATED)
_681_/Y                                 0.010000    0.031286   -0.021286 (VIOLATED)
_422_/Y                                 0.010000    0.019312   -0.009312 (VIOLATED)
_568_/Y                                 0.010000    0.019306   -0.009306 (VIOLATED)
_428_/Y                                 0.010000    0.019287   -0.009287 (VIOLATED)
_569_/Y                                 0.010000    0.019263   -0.009263 (VIOLATED)
_429_/Y                                 0.010000    0.019212   -0.009212 (VIOLATED)
_421_/Y                                 0.010000    0.019182   -0.009182 (VIOLATED)
_436_/Y                                 0.010000    0.019125   -0.009125 (VIOLATED)
_548_/Y                                 0.010000    0.019124   -0.009124 (VIOLATED)
_394_/Y                                 0.010000    0.019084   -0.009084 (VIOLATED)
_435_/Y                                 0.010000    0.019044   -0.009044 (VIOLATED)
_520_/Y                                 0.010000    0.019035   -0.009035 (VIOLATED)
_596_/Y                                 0.010000    0.019021   -0.009021 (VIOLATED)
_408_/Y                                 0.010000    0.019015   -0.009015 (VIOLATED)
_547_/Y                                 0.010000    0.018990   -0.008990 (VIOLATED)
_533_/Y                                 0.010000    0.018971   -0.008971 (VIOLATED)
_393_/Y                                 0.010000    0.018965   -0.008965 (VIOLATED)
_610_/Y                                 0.010000    0.018965   -0.008965 (VIOLATED)
_561_/Y                                 0.010000    0.018956   -0.008956 (VIOLATED)
_443_/Y                                 0.010000    0.018951   -0.008951 (VIOLATED)
_505_/Y                                 0.010000    0.018951   -0.008951 (VIOLATED)
_611_/Y                                 0.010000    0.018948   -0.008948 (VIOLATED)
_555_/Y                                 0.010000    0.018945   -0.008945 (VIOLATED)
_442_/Y                                 0.010000    0.018941   -0.008941 (VIOLATED)
_506_/Y                                 0.010000    0.018940   -0.008940 (VIOLATED)
_597_/Y                                 0.010000    0.018939   -0.008939 (VIOLATED)
_534_/Y                                 0.010000    0.018938   -0.008938 (VIOLATED)
_414_/Y                                 0.010000    0.018922   -0.008922 (VIOLATED)
_583_/Y                                 0.010000    0.018914   -0.008914 (VIOLATED)
_519_/Y                                 0.010000    0.018896   -0.008896 (VIOLATED)
_554_/Y                                 0.010000    0.018883   -0.008883 (VIOLATED)
_407_/Y                                 0.010000    0.018880   -0.008880 (VIOLATED)
_590_/Y                                 0.010000    0.018877   -0.008877 (VIOLATED)
_477_/Y                                 0.010000    0.018859   -0.008859 (VIOLATED)
_449_/Y                                 0.010000    0.018857   -0.008857 (VIOLATED)
_603_/Y                                 0.010000    0.018856   -0.008856 (VIOLATED)
_604_/Y                                 0.010000    0.018851   -0.008851 (VIOLATED)
_562_/Y                                 0.010000    0.018851   -0.008851 (VIOLATED)
_484_/Y                                 0.010000    0.018851   -0.008851 (VIOLATED)
_589_/Y                                 0.010000    0.018844   -0.008844 (VIOLATED)
_463_/Y                                 0.010000    0.018839   -0.008839 (VIOLATED)
_450_/Y                                 0.010000    0.018830   -0.008830 (VIOLATED)
_526_/Y                                 0.010000    0.018823   -0.008823 (VIOLATED)
_513_/Y                                 0.010000    0.018820   -0.008820 (VIOLATED)
_464_/Y                                 0.010000    0.018817   -0.008817 (VIOLATED)
_549_/Y                                 0.010000    0.018816   -0.008816 (VIOLATED)
_512_/Y                                 0.010000    0.018810   -0.008810 (VIOLATED)
_527_/Y                                 0.010000    0.018810   -0.008810 (VIOLATED)
_415_/Y                                 0.010000    0.018806   -0.008806 (VIOLATED)
_612_/Y                                 0.010000    0.018796   -0.008796 (VIOLATED)
_575_/Y                                 0.010000    0.018796   -0.008796 (VIOLATED)
_492_/Y                                 0.010000    0.018793   -0.008793 (VIOLATED)
_401_/Y                                 0.010000    0.018793   -0.008793 (VIOLATED)
_582_/Y                                 0.010000    0.018787   -0.008787 (VIOLATED)
_430_/Y                                 0.010000    0.018785   -0.008785 (VIOLATED)
_400_/Y                                 0.010000    0.018767   -0.008767 (VIOLATED)
_491_/Y                                 0.010000    0.018767   -0.008767 (VIOLATED)
_521_/Y                                 0.010000    0.018759   -0.008759 (VIOLATED)
_540_/Y                                 0.010000    0.018741   -0.008741 (VIOLATED)
_556_/Y                                 0.010000    0.018737   -0.008737 (VIOLATED)
_478_/Y                                 0.010000    0.018729   -0.008729 (VIOLATED)
_570_/Y                                 0.010000    0.018710   -0.008710 (VIOLATED)
_409_/Y                                 0.010000    0.018701   -0.008701 (VIOLATED)
_395_/Y                                 0.010000    0.018698   -0.008698 (VIOLATED)
_498_/Y                                 0.010000    0.018690   -0.008690 (VIOLATED)
_423_/Y                                 0.010000    0.018689   -0.008689 (VIOLATED)
_485_/Y                                 0.010000    0.018687   -0.008687 (VIOLATED)
_563_/Y                                 0.010000    0.018684   -0.008684 (VIOLATED)
_528_/Y                                 0.010000    0.018683   -0.008683 (VIOLATED)
_499_/Y                                 0.010000    0.018679   -0.008679 (VIOLATED)
_402_/Y                                 0.010000    0.018678   -0.008678 (VIOLATED)
_598_/Y                                 0.010000    0.018675   -0.008675 (VIOLATED)
_437_/Y                                 0.010000    0.018674   -0.008674 (VIOLATED)
_584_/Y                                 0.010000    0.018662   -0.008662 (VIOLATED)
_507_/Y                                 0.010000    0.018661   -0.008661 (VIOLATED)
_471_/Y                                 0.010000    0.018660   -0.008660 (VIOLATED)
_456_/Y                                 0.010000    0.018660   -0.008660 (VIOLATED)
_576_/Y                                 0.010000    0.018655   -0.008655 (VIOLATED)
_605_/Y                                 0.010000    0.018651   -0.008651 (VIOLATED)
_457_/Y                                 0.010000    0.018647   -0.008647 (VIOLATED)
_470_/Y                                 0.010000    0.018631   -0.008631 (VIOLATED)
_541_/Y                                 0.010000    0.018599   -0.008599 (VIOLATED)
_591_/Y                                 0.010000    0.018595   -0.008595 (VIOLATED)
_479_/Y                                 0.010000    0.018589   -0.008589 (VIOLATED)
_514_/Y                                 0.010000    0.018583   -0.008583 (VIOLATED)
_451_/Y                                 0.010000    0.018576   -0.008576 (VIOLATED)
_416_/Y                                 0.010000    0.018574   -0.008574 (VIOLATED)
_444_/Y                                 0.010000    0.018574   -0.008574 (VIOLATED)
_465_/Y                                 0.010000    0.018570   -0.008570 (VIOLATED)
_535_/Y                                 0.010000    0.018566   -0.008566 (VIOLATED)
_500_/Y                                 0.010000    0.018545   -0.008545 (VIOLATED)
_458_/Y                                 0.010000    0.018543   -0.008543 (VIOLATED)
_486_/Y                                 0.010000    0.018542   -0.008542 (VIOLATED)
_493_/Y                                 0.010000    0.018540   -0.008540 (VIOLATED)
_542_/Y                                 0.010000    0.018523   -0.008523 (VIOLATED)
_577_/Y                                 0.010000    0.018517   -0.008517 (VIOLATED)
_472_/Y                                 0.010000    0.018505   -0.008505 (VIOLATED)



===========================================================================
report_parasitic_annotation -report_unannotated
============================================================================
Found 1 unannotated drivers.
 u_carry/_319_/Y
Found 0 partially unannotated drivers.

===========================================================================
max slew violation count 0
Writing metric design__max_slew_violation__count__corner:nom_tt_025C_0v50: 0
max fanout violation count 0
Writing metric design__max_fanout_violation__count__corner:nom_tt_025C_0v50: 0
max cap violation count 151
Writing metric design__max_cap_violation__count__corner:nom_tt_025C_0v50: 151
============================================================================

===========================================================================
check_setup -verbose -unconstrained_endpoints -multiple_clock -no_clock -no_input_delay -loops -generated_clocks
===========================================================================
