
===========================================================================
report_checks -path_delay min (Hold)
============================================================================
======================= nom_tt_025C_0v50 Corner ===================================

Startpoint: A[26] (input port clocked by vclk)
Endpoint: hd[5] (output port clocked by vclk)
Path Group: vclk
Path Type: min

Fanout         Cap        Slew       Delay        Time   Description
---------------------------------------------------------------------------------------------
                      0.000000    0.000000    0.000000   clock vclk (rise edge)
                                  0.000000    0.000000   clock network delay (ideal)
                                  0.050000    0.050000 ^ input external delay
     1    0.000286    0.100000    0.000000    0.050000 ^ A[26] (in)
                                                         A[26] (net)
                      0.100061    0.000019    0.050019 ^ _480_/A (XNOR2x1)
     2    0.000575    0.000000    0.000000    0.050019 v _480_/Y (XNOR2x1)
                                                         _128_ (net)
                      0.000000    0.000079    0.050098 v _485_/A (NOR2x1)
     2    0.018687    0.000000    0.000000    0.050098 ^ _485_/Y (NOR2x1)
                                                         cell_oh[41] (net)
                      0.000000    0.000799    0.050897 ^ xp3_s2l1_6/h2 (XP_3x3_M2M3)
     1    0.030852    0.002000    0.001000    0.051897 ^ xp3_s2l1_6/s3 (XP_3x3_M2M3)
                                                         ps[33] (net)
                      0.002000    0.000860    0.052757 ^ xp5_s2l2_3/v3 (XP_5x5_M2M3)
     2    0.000639    0.002000    0.001000    0.053757 ^ xp5_s2l2_3/s3 (XP_5x5_M2M3)
                                                         boh[30] (net)
                      0.002000    0.000046    0.053803 ^ _679_/A (NOR2x1)
     1    0.000335    0.000000    0.000000    0.053803 v _679_/Y (NOR2x1)
                                                         _248_ (net)
                      0.000000    0.000021    0.053824 v _681_/A (NAND2x1)
     1    0.031286    0.000000    0.000000    0.053824 ^ _681_/Y (NAND2x1)
                                                         hi[9] (net)
                      0.000000    0.000985    0.054809 ^ xp3_hi_l1_1/h0 (XP_3x3_M4M5)
     3    0.000773    0.002000    0.001000    0.055809 ^ xp3_hi_l1_1/s2 (XP_3x3_M4M5)
                                                         hl1[7] (net)
                      0.002000    0.000066    0.055875 ^ xp5h[0].u/_31_/A (INVx1)
     3    0.000550    0.000000    0.000000    0.055875 v xp5h[0].u/_31_/Y (INVx1)
                                                         xp5h[0].u/_04_ (net)
                      0.000000    0.000009    0.055884 v xp5h[0].u/_40_/A0 (OAI21x1)
     6    0.001765    0.000000    0.000000    0.055884 ^ xp5h[0].u/_40_/Y (OAI21x1)
                                                         hl2[3] (net)
                      0.000000    0.000115    0.055999 ^ u_hi_l3/_135_/A0 (AOI21x1)
     1    0.000247    0.000000    0.000000    0.055999 v u_hi_l3/_135_/Y (AOI21x1)
                                                         u_hi_l3/_073_ (net)
                      0.000000    0.000023    0.056022 v u_hi_l3/_136_/B (NAND2x1)
     5    0.001186    0.000000    0.000000    0.056022 ^ u_hi_l3/_136_/Y (NAND2x1)
                                                         high_sum[6] (net)
                      0.000000    0.000093    0.056115 ^ u_carry/_206_/A (INVx1)
     3    0.000781    0.000000    0.000000    0.056115 v u_carry/_206_/Y (INVx1)
                                                         u_carry/_005_ (net)
                      0.000000    0.000014    0.056130 v u_carry/_208_/A0 (OAI21x1)
     1    0.000347    0.000000    0.000000    0.056130 ^ u_carry/_208_/Y (OAI21x1)
                                                         u_carry/_007_ (net)
                      0.000000    0.000048    0.056178 ^ u_carry/_209_/B (AOI21x1)
     1    0.000188    0.000000    0.000000    0.056178 v u_carry/_209_/Y (AOI21x1)
                                                         u_carry/_008_ (net)
                      0.000000    0.000009    0.056187 v u_carry/_210_/B (NAND2x1)
     1    0.000316    0.000000    0.000000    0.056187 ^ u_carry/_210_/Y (NAND2x1)
                                                         upper[8] (net)
                      0.000000    0.000016    0.056203 ^ _374_/A (INVx1)
     1    0.000287    0.000000    0.000000    0.056203 v _374_/Y (INVx1)
                                                         _063_ (net)
                      0.000000    0.000006    0.056209 v _375_/A (NAND2x1)
     1    0.000537    0.000000    0.000000    0.056209 ^ _375_/Y (NAND2x1)
                                                         _064_ (net)
                      0.000000    0.000029    0.056238 ^ _378_/A (NOR2x1)
     1    0.000192    0.000000    0.000000    0.056238 v _378_/Y (NOR2x1)
                                                         _067_ (net)
                      0.000000    0.000009    0.056247 v _380_/A (NAND2x1)
     1    0.000148    0.000000    0.000000    0.056247 ^ _380_/Y (NAND2x1)
                                                         hd[5] (net)
                      0.000000    0.000006    0.056252 ^ hd[5] (out)
                                              0.056252   data arrival time

                      0.000000    0.000000    0.000000   clock vclk (rise edge)
                                  0.000000    0.000000   clock network delay (ideal)
                                  0.000000    0.000000   clock reconvergence pessimism
                                 -0.050000   -0.050000   output external delay
                                             -0.050000   data required time
---------------------------------------------------------------------------------------------
                                             -0.050000   data required time
                                             -0.056252   data arrival time
---------------------------------------------------------------------------------------------
                                              0.106252   slack (MET)


Startpoint: A[26] (input port clocked by vclk)
Endpoint: hd[3] (output port clocked by vclk)
Path Group: vclk
Path Type: min

Fanout         Cap        Slew       Delay        Time   Description
---------------------------------------------------------------------------------------------
                      0.000000    0.000000    0.000000   clock vclk (rise edge)
                                  0.000000    0.000000   clock network delay (ideal)
                                  0.050000    0.050000 ^ input external delay
     1    0.000286    0.100000    0.000000    0.050000 ^ A[26] (in)
                                                         A[26] (net)
                      0.100061    0.000019    0.050019 ^ _480_/A (XNOR2x1)
     2    0.000575    0.000000    0.000000    0.050019 v _480_/Y (XNOR2x1)
                                                         _128_ (net)
                      0.000000    0.000079    0.050098 v _485_/A (NOR2x1)
     2    0.018687    0.000000    0.000000    0.050098 ^ _485_/Y (NOR2x1)
                                                         cell_oh[41] (net)
                      0.000000    0.000799    0.050897 ^ xp3_s2l1_6/h2 (XP_3x3_M2M3)
     1    0.030852    0.002000    0.001000    0.051897 ^ xp3_s2l1_6/s3 (XP_3x3_M2M3)
                                                         ps[33] (net)
                      0.002000    0.000860    0.052757 ^ xp5_s2l2_3/v3 (XP_5x5_M2M3)
     2    0.000639    0.002000    0.001000    0.053757 ^ xp5_s2l2_3/s3 (XP_5x5_M2M3)
                                                         boh[30] (net)
                      0.002000    0.000046    0.053803 ^ _679_/A (NOR2x1)
     1    0.000335    0.000000    0.000000    0.053803 v _679_/Y (NOR2x1)
                                                         _248_ (net)
                      0.000000    0.000021    0.053824 v _681_/A (NAND2x1)
     1    0.031286    0.000000    0.000000    0.053824 ^ _681_/Y (NAND2x1)
                                                         hi[9] (net)
                      0.000000    0.000985    0.054809 ^ xp3_hi_l1_1/h0 (XP_3x3_M4M5)
     2    0.000440    0.002000    0.001000    0.055809 ^ xp3_hi_l1_1/s1 (XP_3x3_M4M5)
                                                         hl1[6] (net)
                      0.002000    0.000012    0.055822 ^ xp5h[0].u/_27_/A (INVx1)
     4    0.001061    0.000000    0.000000    0.055822 v xp5h[0].u/_27_/Y (INVx1)
                                                         xp5h[0].u/_01_ (net)
                      0.000000    0.000101    0.055923 v xp5h[0].u/_29_/A1 (OAI21x1)
     5    0.001666    0.000000    0.000000    0.055923 ^ xp5h[0].u/_29_/Y (OAI21x1)
                                                         hl2[1] (net)
                      0.000000    0.000095    0.056018 ^ u_hi_l3/_121_/A1 (AOI21x1)
     1    0.000387    0.000000    0.000000    0.056018 v u_hi_l3/_121_/Y (AOI21x1)
                                                         u_hi_l3/_060_ (net)
                      0.000000    0.000023    0.056041 v u_hi_l3/_125_/A (NAND2x1)
     4    0.000690    0.000000    0.000000    0.056041 ^ u_hi_l3/_125_/Y (NAND2x1)
                                                         high_sum[5] (net)
                      0.000000    0.000033    0.056074 ^ u_carry/_221_/A (NAND2x1)
     1    0.000127    0.000000    0.000000    0.056074 v u_carry/_221_/Y (NAND2x1)
                                                         u_carry/_018_ (net)
                      0.000000    0.000004    0.056078 v u_carry/_222_/B (OAI21x1)
     1    0.000322    0.000000    0.000000    0.056078 ^ u_carry/_222_/Y (OAI21x1)
                                                         u_carry/_019_ (net)
                      0.000000    0.000020    0.056098 ^ u_carry/_225_/A (NOR2x1)
     1    0.000510    0.000000    0.000000    0.056098 v u_carry/_225_/Y (NOR2x1)
                                                         u_carry/_022_ (net)
                      0.000000    0.000041    0.056140 v u_carry/_230_/A (NAND2x1)
     1    0.000261    0.000000    0.000000    0.056140 ^ u_carry/_230_/Y (NAND2x1)
                                                         upper[10] (net)
                      0.000000    0.000009    0.056149 ^ _360_/A (INVx1)
     2    0.000609    0.000000    0.000000    0.056149 v _360_/Y (INVx1)
                                                         _051_ (net)
                      0.000000    0.000123    0.056271 v _362_/A (NAND2x1)
     1    0.000149    0.000000    0.000000    0.056271 ^ _362_/Y (NAND2x1)
                                                         _053_ (net)
                      0.000000    0.000006    0.056278 ^ _363_/A (NOR2x1)
     1    0.000248    0.000000    0.000000    0.056278 v _363_/Y (NOR2x1)
                                                         _054_ (net)
                      0.000000    0.000018    0.056296 v _364_/B (NAND2x1)
     1    0.000208    0.000000    0.000000    0.056296 ^ _364_/Y (NAND2x1)
                                                         hd[3] (net)
                      0.000000    0.000011    0.056307 ^ hd[3] (out)
                                              0.056307   data arrival time

                      0.000000    0.000000    0.000000   clock vclk (rise edge)
                                  0.000000    0.000000   clock network delay (ideal)
                                  0.000000    0.000000   clock reconvergence pessimism
                                 -0.050000   -0.050000   output external delay
                                             -0.050000   data required time
---------------------------------------------------------------------------------------------
                                             -0.050000   data required time
                                             -0.056307   data arrival time
---------------------------------------------------------------------------------------------
                                              0.106307   slack (MET)


Startpoint: A[26] (input port clocked by vclk)
Endpoint: hd[4] (output port clocked by vclk)
Path Group: vclk
Path Type: min

Fanout         Cap        Slew       Delay        Time   Description
---------------------------------------------------------------------------------------------
                      0.000000    0.000000    0.000000   clock vclk (rise edge)
                                  0.000000    0.000000   clock network delay (ideal)
                                  0.050000    0.050000 ^ input external delay
     1    0.000286    0.100000    0.000000    0.050000 ^ A[26] (in)
                                                         A[26] (net)
                      0.100061    0.000019    0.050019 ^ _480_/A (XNOR2x1)
     2    0.000575    0.000000    0.000000    0.050019 v _480_/Y (XNOR2x1)
                                                         _128_ (net)
                      0.000000    0.000079    0.050098 v _485_/A (NOR2x1)
     2    0.018687    0.000000    0.000000    0.050098 ^ _485_/Y (NOR2x1)
                                                         cell_oh[41] (net)
                      0.000000    0.000799    0.050897 ^ xp3_s2l1_6/h2 (XP_3x3_M2M3)
     1    0.030852    0.002000    0.001000    0.051897 ^ xp3_s2l1_6/s3 (XP_3x3_M2M3)
                                                         ps[33] (net)
                      0.002000    0.000860    0.052757 ^ xp5_s2l2_3/v3 (XP_5x5_M2M3)
     2    0.000639    0.002000    0.001000    0.053757 ^ xp5_s2l2_3/s3 (XP_5x5_M2M3)
                                                         boh[30] (net)
                      0.002000    0.000046    0.053803 ^ _679_/A (NOR2x1)
     1    0.000335    0.000000    0.000000    0.053803 v _679_/Y (NOR2x1)
                                                         _248_ (net)
                      0.000000    0.000021    0.053824 v _681_/A (NAND2x1)
     1    0.031286    0.000000    0.000000    0.053824 ^ _681_/Y (NAND2x1)
                                                         hi[9] (net)
                      0.000000    0.000985    0.054809 ^ xp3_hi_l1_1/h0 (XP_3x3_M4M5)
     3    0.000773    0.002000    0.001000    0.055809 ^ xp3_hi_l1_1/s2 (XP_3x3_M4M5)
                                                         hl1[7] (net)
                      0.002000    0.000066    0.055875 ^ xp5h[0].u/_31_/A (INVx1)
     3    0.000550    0.000000    0.000000    0.055875 v xp5h[0].u/_31_/Y (INVx1)
                                                         xp5h[0].u/_04_ (net)
                      0.000000    0.000009    0.055884 v xp5h[0].u/_40_/A0 (OAI21x1)
     6    0.001765    0.000000    0.000000    0.055884 ^ xp5h[0].u/_40_/Y (OAI21x1)
                                                         hl2[3] (net)
                      0.000000    0.000194    0.056077 ^ u_hi_l3/_106_/A (NAND2x1)
     1    0.000426    0.000000    0.000000    0.056077 v u_hi_l3/_106_/Y (NAND2x1)
                                                         u_hi_l3/_047_ (net)
                      0.000000    0.000051    0.056129 v u_hi_l3/_107_/B (OAI21x1)
     1    0.000180    0.000000    0.000000    0.056129 ^ u_hi_l3/_107_/Y (OAI21x1)
                                                         u_hi_l3/_048_ (net)
                      0.000000    0.000009    0.056138 ^ u_hi_l3/_108_/B (AOI21x1)
     1    0.000328    0.000000    0.000000    0.056138 v u_hi_l3/_108_/Y (AOI21x1)
                                                         u_hi_l3/_049_ (net)
                      0.000000    0.000022    0.056159 v u_hi_l3/_109_/B (OAI21x1)
     4    0.000643    0.000000    0.000000    0.056159 ^ u_hi_l3/_109_/Y (OAI21x1)
                                                         high_sum[3] (net)
                      0.000000    0.000030    0.056189 ^ u_carry/_163_/A (INVx1)
     4    0.001070    0.000000    0.000000    0.056189 v u_carry/_163_/Y (INVx1)
                                                         u_carry/_114_ (net)
                      0.000000    0.000006    0.056195 v u_carry/_185_/A0 (OAI21x1)
     1    0.000149    0.000000    0.000000    0.056195 ^ u_carry/_185_/Y (OAI21x1)
                                                         u_carry/_134_ (net)
                      0.000000    0.000006    0.056200 ^ u_carry/_186_/B (NOR2x1)
     1    0.000288    0.000000    0.000000    0.056200 v u_carry/_186_/Y (NOR2x1)
                                                         u_carry/_135_ (net)
                      0.000000    0.000015    0.056215 v u_carry/_191_/A (NAND2x1)
     2    0.000676    0.000000    0.000000    0.056215 ^ u_carry/_191_/Y (NAND2x1)
                                                         upper[6] (net)
                      0.000000    0.000051    0.056266 ^ _366_/A (NOR2x1)
     1    0.000224    0.000000    0.000000    0.056266 v _366_/Y (NOR2x1)
                                                         _056_ (net)
                      0.000000    0.000014    0.056281 v _367_/A (NAND2x1)
     1    0.000215    0.000000    0.000000    0.056281 ^ _367_/Y (NAND2x1)
                                                         _057_ (net)
                      0.000000    0.000012    0.056293 ^ _368_/B (NOR2x1)
     1    0.000273    0.000000    0.000000    0.056293 v _368_/Y (NOR2x1)
                                                         _058_ (net)
                      0.000000    0.000029    0.056322 v _373_/A (NAND2x1)
     1    0.000139    0.000000    0.000000    0.056322 ^ _373_/Y (NAND2x1)
                                                         hd[4] (net)
                      0.000000    0.000005    0.056327 ^ hd[4] (out)
                                              0.056327   data arrival time

                      0.000000    0.000000    0.000000   clock vclk (rise edge)
                                  0.000000    0.000000   clock network delay (ideal)
                                  0.000000    0.000000   clock reconvergence pessimism
                                 -0.050000   -0.050000   output external delay
                                             -0.050000   data required time
---------------------------------------------------------------------------------------------
                                             -0.050000   data required time
                                             -0.056327   data arrival time
---------------------------------------------------------------------------------------------
                                              0.106327   slack (MET)


Startpoint: A[26] (input port clocked by vclk)
Endpoint: hd[2] (output port clocked by vclk)
Path Group: vclk
Path Type: min

Fanout         Cap        Slew       Delay        Time   Description
---------------------------------------------------------------------------------------------
                      0.000000    0.000000    0.000000   clock vclk (rise edge)
                                  0.000000    0.000000   clock network delay (ideal)
                                  0.050000    0.050000 ^ input external delay
     1    0.000286    0.100000    0.000000    0.050000 ^ A[26] (in)
                                                         A[26] (net)
                      0.100061    0.000019    0.050019 ^ _480_/A (XNOR2x1)
     2    0.000575    0.000000    0.000000    0.050019 v _480_/Y (XNOR2x1)
                                                         _128_ (net)
                      0.000000    0.000079    0.050098 v _485_/A (NOR2x1)
     2    0.018687    0.000000    0.000000    0.050098 ^ _485_/Y (NOR2x1)
                                                         cell_oh[41] (net)
                      0.000000    0.000799    0.050897 ^ xp3_s2l1_6/h2 (XP_3x3_M2M3)
     1    0.030852    0.002000    0.001000    0.051897 ^ xp3_s2l1_6/s3 (XP_3x3_M2M3)
                                                         ps[33] (net)
                      0.002000    0.000860    0.052757 ^ xp5_s2l2_3/v3 (XP_5x5_M2M3)
     2    0.000639    0.002000    0.001000    0.053757 ^ xp5_s2l2_3/s3 (XP_5x5_M2M3)
                                                         boh[30] (net)
                      0.002000    0.000046    0.053803 ^ _679_/A (NOR2x1)
     1    0.000335    0.000000    0.000000    0.053803 v _679_/Y (NOR2x1)
                                                         _248_ (net)
                      0.000000    0.000021    0.053824 v _681_/A (NAND2x1)
     1    0.031286    0.000000    0.000000    0.053824 ^ _681_/Y (NAND2x1)
                                                         hi[9] (net)
                      0.000000    0.000985    0.054809 ^ xp3_hi_l1_1/h0 (XP_3x3_M4M5)
     2    0.000440    0.002000    0.001000    0.055809 ^ xp3_hi_l1_1/s1 (XP_3x3_M4M5)
                                                         hl1[6] (net)
                      0.002000    0.000012    0.055822 ^ xp5h[0].u/_27_/A (INVx1)
     4    0.001061    0.000000    0.000000    0.055822 v xp5h[0].u/_27_/Y (INVx1)
                                                         xp5h[0].u/_01_ (net)
                      0.000000    0.000101    0.055923 v xp5h[0].u/_29_/A1 (OAI21x1)
     5    0.001666    0.000000    0.000000    0.055923 ^ xp5h[0].u/_29_/Y (OAI21x1)
                                                         hl2[1] (net)
                      0.000000    0.000095    0.056018 ^ u_hi_l3/_121_/A1 (AOI21x1)
     1    0.000387    0.000000    0.000000    0.056018 v u_hi_l3/_121_/Y (AOI21x1)
                                                         u_hi_l3/_060_ (net)
                      0.000000    0.000023    0.056041 v u_hi_l3/_125_/A (NAND2x1)
     4    0.000690    0.000000    0.000000    0.056041 ^ u_hi_l3/_125_/Y (NAND2x1)
                                                         high_sum[5] (net)
                      0.000000    0.000034    0.056075 ^ u_carry/_171_/A (INVx1)
     4    0.001324    0.000000    0.000000    0.056075 v u_carry/_171_/Y (INVx1)
                                                         u_carry/_121_ (net)
                      0.000000    0.000084    0.056160 v u_carry/_232_/A1 (OAI21x1)
     1    0.000282    0.000000    0.000000    0.056160 ^ u_carry/_232_/Y (OAI21x1)
                                                         u_carry/_028_ (net)
                      0.000000    0.000008    0.056168 ^ u_carry/_235_/A (NOR2x1)
     1    0.000485    0.000000    0.000000    0.056168 v u_carry/_235_/Y (NOR2x1)
                                                         u_carry/_031_ (net)
                      0.000000    0.000055    0.056223 v u_carry/_240_/A (NAND2x1)
     2    0.000540    0.000000    0.000000    0.056223 ^ u_carry/_240_/Y (NAND2x1)
                                                         upper[11] (net)
                      0.000000    0.000069    0.056292 ^ _345_/A (NOR2x1)
     1    0.000255    0.000000    0.000000    0.056292 v _345_/Y (NOR2x1)
                                                         _037_ (net)
                      0.000000    0.000025    0.056317 v _347_/A (NAND2x1)
     2    0.000383    0.000000    0.000000    0.056317 ^ _347_/Y (NAND2x1)
                                                         _039_ (net)
                      0.000000    0.000024    0.056341 ^ _351_/A (NOR2x1)
     1    0.000148    0.000000    0.000000    0.056341 v _351_/Y (NOR2x1)
                                                         _043_ (net)
                      0.000000    0.000005    0.056346 v _352_/B (NAND2x1)
     1    0.000149    0.000000    0.000000    0.056346 ^ _352_/Y (NAND2x1)
                                                         hd[2] (net)
                      0.000000    0.000006    0.056352 ^ hd[2] (out)
                                              0.056352   data arrival time

                      0.000000    0.000000    0.000000   clock vclk (rise edge)
                                  0.000000    0.000000   clock network delay (ideal)
                                  0.000000    0.000000   clock reconvergence pessimism
                                 -0.050000   -0.050000   output external delay
                                             -0.050000   data required time
---------------------------------------------------------------------------------------------
                                             -0.050000   data required time
                                             -0.056352   data arrival time
---------------------------------------------------------------------------------------------
                                              0.106352   slack (MET)


Startpoint: B[34] (input port clocked by vclk)
Endpoint: hd[0] (output port clocked by vclk)
Path Group: vclk
Path Type: min

Fanout         Cap        Slew       Delay        Time   Description
---------------------------------------------------------------------------------------------
                      0.000000    0.000000    0.000000   clock vclk (rise edge)
                                  0.000000    0.000000   clock network delay (ideal)
                                  0.050000    0.050000 ^ input external delay
     1    0.000253    0.100000    0.000000    0.050000 ^ B[34] (in)
                                                         B[34] (net)
                      0.100017    0.000005    0.050005 ^ _508_/B (XNOR2x1)
     2    0.000278    0.000000    0.000000    0.050005 v _508_/Y (XNOR2x1)
                                                         _144_ (net)
                      0.000000    0.000008    0.050013 v _509_/A (INVx1)
     1    0.000189    0.000000    0.000000    0.050013 ^ _509_/Y (INVx1)
                                                         _145_ (net)
                      0.000000    0.000013    0.050026 ^ _512_/A (NOR2x1)
     2    0.018810    0.000000    0.000000    0.050026 v _512_/Y (NOR2x1)
                                                         cell_oh[51] (net)
                      0.000000    0.000259    0.050285 v _514_/B (NOR2x1)
     1    0.018583    0.000000    0.000000    0.050285 ^ _514_/Y (NOR2x1)
                                                         cell_oh[52] (net)
                      0.000000    0.000941    0.051226 ^ xp3_s2l1_8/h1 (XP_3x3_M2M3)
     1    0.030848    0.002000    0.001000    0.052226 ^ xp3_s2l1_8/s1 (XP_3x3_M2M3)
                                                         ps[41] (net)
                      0.002000    0.000770    0.052995 ^ xp5_s2l2_4/v1 (XP_5x5_M2M3)
     2    0.000403    0.002000    0.001000    0.053995 ^ xp5_s2l2_4/s1 (XP_5x5_M2M3)
                                                         boh[37] (net)
                      0.002000    0.000013    0.054009 ^ _688_/A (INVx1)
     1    0.000118    0.000000    0.000000    0.054009 v _688_/Y (INVx1)
                                                         _254_ (net)
                      0.000000    0.000004    0.054012 v _690_/A (NAND2x1)
     1    0.041647    0.000000    0.000000    0.054012 ^ _690_/Y (NAND2x1)
                                                         lo[17] (net)
                      0.000000    0.000755    0.054767 ^ xp4_lo_l1_2/v1 (XP_4x4_M4M5)
     4    0.000905    0.002000    0.001000    0.055767 ^ xp4_lo_l1_2/s3 (XP_4x4_M4M5)
                                                         ll1[17] (net)
                      0.002000    0.000052    0.055819 ^ xp7[1].u/_120_/A1 (AOI21x1)
     1    0.000161    0.000000    0.000000    0.055819 v xp7[1].u/_120_/Y (AOI21x1)
                                                         xp7[1].u/_054_ (net)
                      0.000000    0.000005    0.055825 v xp7[1].u/_121_/B (OAI21x1)
     8    0.002389    0.000000    0.000000    0.055825 ^ xp7[1].u/_121_/Y (OAI21x1)
                                                         ll2[22] (net)
                      0.000000    0.000261    0.056086 ^ u_lo_l3/_392_/A0 (AOI21x1)
     1    0.000335    0.000000    0.000000    0.056086 v u_lo_l3/_392_/Y (AOI21x1)
                                                         u_lo_l3/_122_ (net)
                      0.000000    0.000023    0.056109 v u_lo_l3/_393_/B (OAI21x1)
     1    0.000161    0.000000    0.000000    0.056109 ^ u_lo_l3/_393_/Y (OAI21x1)
                                                         u_lo_l3/_123_ (net)
                      0.000000    0.000006    0.056115 ^ u_lo_l3/_396_/A (NOR2x1)
     1    0.000327    0.000000    0.000000    0.056115 v u_lo_l3/_396_/Y (NOR2x1)
                                                         u_lo_l3/_126_ (net)
                      0.000000    0.000017    0.056133 v u_lo_l3/_397_/B (NAND2x1)
     2    0.000843    0.000000    0.000000    0.056133 ^ u_lo_l3/_397_/Y (NAND2x1)
                                                         low_sum[15] (net)
                      0.000000    0.000092    0.056225 ^ _328_/B (NOR2x1)
     1    0.000305    0.000000    0.000000    0.056225 v _328_/Y (NOR2x1)
                                                         _022_ (net)
                      0.000000    0.000037    0.056262 v _330_/A (NAND2x1)
     1    0.000142    0.000000    0.000000    0.056262 ^ _330_/Y (NAND2x1)
                                                         _024_ (net)
                      0.000000    0.000004    0.056266 ^ _331_/A (NOR2x1)
     2    0.000543    0.000000    0.000000    0.056266 v _331_/Y (NOR2x1)
                                                         _025_ (net)
                      0.000000    0.000047    0.056313 v _332_/B (NAND2x1)
     1    0.000757    0.000000    0.000000    0.056313 ^ _332_/Y (NAND2x1)
                                                         hd[0] (net)
                      0.000000    0.000129    0.056442 ^ hd[0] (out)
                                              0.056442   data arrival time

                      0.000000    0.000000    0.000000   clock vclk (rise edge)
                                  0.000000    0.000000   clock network delay (ideal)
                                  0.000000    0.000000   clock reconvergence pessimism
                                 -0.050000   -0.050000   output external delay
                                             -0.050000   data required time
---------------------------------------------------------------------------------------------
                                             -0.050000   data required time
                                             -0.056442   data arrival time
---------------------------------------------------------------------------------------------
                                              0.106442   slack (MET)


Startpoint: B[34] (input port clocked by vclk)
Endpoint: hd[1] (output port clocked by vclk)
Path Group: vclk
Path Type: min

Fanout         Cap        Slew       Delay        Time   Description
---------------------------------------------------------------------------------------------
                      0.000000    0.000000    0.000000   clock vclk (rise edge)
                                  0.000000    0.000000   clock network delay (ideal)
                                  0.050000    0.050000 ^ input external delay
     1    0.000253    0.100000    0.000000    0.050000 ^ B[34] (in)
                                                         B[34] (net)
                      0.100017    0.000005    0.050005 ^ _508_/B (XNOR2x1)
     2    0.000278    0.000000    0.000000    0.050005 v _508_/Y (XNOR2x1)
                                                         _144_ (net)
                      0.000000    0.000008    0.050013 v _509_/A (INVx1)
     1    0.000189    0.000000    0.000000    0.050013 ^ _509_/Y (INVx1)
                                                         _145_ (net)
                      0.000000    0.000013    0.050026 ^ _512_/A (NOR2x1)
     2    0.018810    0.000000    0.000000    0.050026 v _512_/Y (NOR2x1)
                                                         cell_oh[51] (net)
                      0.000000    0.000259    0.050285 v _514_/B (NOR2x1)
     1    0.018583    0.000000    0.000000    0.050285 ^ _514_/Y (NOR2x1)
                                                         cell_oh[52] (net)
                      0.000000    0.000941    0.051226 ^ xp3_s2l1_8/h1 (XP_3x3_M2M3)
     1    0.030848    0.002000    0.001000    0.052226 ^ xp3_s2l1_8/s1 (XP_3x3_M2M3)
                                                         ps[41] (net)
                      0.002000    0.000770    0.052995 ^ xp5_s2l2_4/v1 (XP_5x5_M2M3)
     2    0.000403    0.002000    0.001000    0.053995 ^ xp5_s2l2_4/s1 (XP_5x5_M2M3)
                                                         boh[37] (net)
                      0.002000    0.000013    0.054009 ^ _688_/A (INVx1)
     1    0.000118    0.000000    0.000000    0.054009 v _688_/Y (INVx1)
                                                         _254_ (net)
                      0.000000    0.000004    0.054012 v _690_/A (NAND2x1)
     1    0.041647    0.000000    0.000000    0.054012 ^ _690_/Y (NAND2x1)
                                                         lo[17] (net)
                      0.000000    0.000755    0.054767 ^ xp4_lo_l1_2/v1 (XP_4x4_M4M5)
     4    0.000905    0.002000    0.001000    0.055767 ^ xp4_lo_l1_2/s3 (XP_4x4_M4M5)
                                                         ll1[17] (net)
                      0.002000    0.000052    0.055819 ^ xp7[1].u/_120_/A1 (AOI21x1)
     1    0.000161    0.000000    0.000000    0.055819 v xp7[1].u/_120_/Y (AOI21x1)
                                                         xp7[1].u/_054_ (net)
                      0.000000    0.000005    0.055825 v xp7[1].u/_121_/B (OAI21x1)
     8    0.002389    0.000000    0.000000    0.055825 ^ xp7[1].u/_121_/Y (OAI21x1)
                                                         ll2[22] (net)
                      0.000000    0.000329    0.056154 ^ u_lo_l3/_427_/A1 (AOI21x1)
     1    0.000284    0.000000    0.000000    0.056154 v u_lo_l3/_427_/Y (AOI21x1)
                                                         u_lo_l3/_154_ (net)
                      0.000000    0.000032    0.056185 v u_lo_l3/_428_/B (NAND2x1)
     2    0.000487    0.000000    0.000000    0.056185 ^ u_lo_l3/_428_/Y (NAND2x1)
                                                         low_sum[18] (net)
                      0.000000    0.000022    0.056207 ^ _333_/B (NOR2x1)
     1    0.000171    0.000000    0.000000    0.056207 v _333_/Y (NOR2x1)
                                                         _026_ (net)
                      0.000000    0.000007    0.056214 v _335_/A (NAND2x1)
     1    0.000317    0.000000    0.000000    0.056214 ^ _335_/Y (NAND2x1)
                                                         _028_ (net)
                      0.000000    0.000017    0.056232 ^ _339_/A (NOR2x1)
     1    0.000353    0.000000    0.000000    0.056232 v _339_/Y (NOR2x1)
                                                         _032_ (net)
                      0.000000    0.000028    0.056260 v _340_/A (NAND2x1)
     1    0.000863    0.000000    0.000000    0.056260 ^ _340_/Y (NAND2x1)
                                                         hd[1] (net)
                      0.000000    0.000224    0.056483 ^ hd[1] (out)
                                              0.056483   data arrival time

                      0.000000    0.000000    0.000000   clock vclk (rise edge)
                                  0.000000    0.000000   clock network delay (ideal)
                                  0.000000    0.000000   clock reconvergence pessimism
                                 -0.050000   -0.050000   output external delay
                                             -0.050000   data required time
---------------------------------------------------------------------------------------------
                                             -0.050000   data required time
                                             -0.056483   data arrival time
---------------------------------------------------------------------------------------------
                                              0.106483   slack (MET)


Startpoint: B[34] (input port clocked by vclk)
Endpoint: hd[6] (output port clocked by vclk)
Path Group: vclk
Path Type: min

Fanout         Cap        Slew       Delay        Time   Description
---------------------------------------------------------------------------------------------
                      0.000000    0.000000    0.000000   clock vclk (rise edge)
                                  0.000000    0.000000   clock network delay (ideal)
                                  0.050000    0.050000 ^ input external delay
     1    0.000253    0.100000    0.000000    0.050000 ^ B[34] (in)
                                                         B[34] (net)
                      0.100017    0.000005    0.050005 ^ _508_/B (XNOR2x1)
     2    0.000278    0.000000    0.000000    0.050005 v _508_/Y (XNOR2x1)
                                                         _144_ (net)
                      0.000000    0.000008    0.050013 v _509_/A (INVx1)
     1    0.000189    0.000000    0.000000    0.050013 ^ _509_/Y (INVx1)
                                                         _145_ (net)
                      0.000000    0.000013    0.050026 ^ _512_/A (NOR2x1)
     2    0.018810    0.000000    0.000000    0.050026 v _512_/Y (NOR2x1)
                                                         cell_oh[51] (net)
                      0.000000    0.000259    0.050285 v _514_/B (NOR2x1)
     1    0.018583    0.000000    0.000000    0.050285 ^ _514_/Y (NOR2x1)
                                                         cell_oh[52] (net)
                      0.000000    0.000941    0.051226 ^ xp3_s2l1_8/h1 (XP_3x3_M2M3)
     1    0.030848    0.002000    0.001000    0.052226 ^ xp3_s2l1_8/s1 (XP_3x3_M2M3)
                                                         ps[41] (net)
                      0.002000    0.000770    0.052995 ^ xp5_s2l2_4/v1 (XP_5x5_M2M3)
     2    0.000403    0.002000    0.001000    0.053995 ^ xp5_s2l2_4/s1 (XP_5x5_M2M3)
                                                         boh[37] (net)
                      0.002000    0.000013    0.054009 ^ _688_/A (INVx1)
     1    0.000118    0.000000    0.000000    0.054009 v _688_/Y (INVx1)
                                                         _254_ (net)
                      0.000000    0.000004    0.054012 v _690_/A (NAND2x1)
     1    0.041647    0.000000    0.000000    0.054012 ^ _690_/Y (NAND2x1)
                                                         lo[17] (net)
                      0.000000    0.000755    0.054767 ^ xp4_lo_l1_2/v1 (XP_4x4_M4M5)
     4    0.000905    0.002000    0.001000    0.055767 ^ xp4_lo_l1_2/s3 (XP_4x4_M4M5)
                                                         ll1[17] (net)
                      0.002000    0.000052    0.055819 ^ xp7[1].u/_120_/A1 (AOI21x1)
     1    0.000161    0.000000    0.000000    0.055819 v xp7[1].u/_120_/Y (AOI21x1)
                                                         xp7[1].u/_054_ (net)
                      0.000000    0.000005    0.055825 v xp7[1].u/_121_/B (OAI21x1)
     8    0.002389    0.000000    0.000000    0.055825 ^ xp7[1].u/_121_/Y (OAI21x1)
                                                         ll2[22] (net)
                      0.000000    0.000261    0.056086 ^ u_lo_l3/_392_/A0 (AOI21x1)
     1    0.000335    0.000000    0.000000    0.056086 v u_lo_l3/_392_/Y (AOI21x1)
                                                         u_lo_l3/_122_ (net)
                      0.000000    0.000023    0.056109 v u_lo_l3/_393_/B (OAI21x1)
     1    0.000161    0.000000    0.000000    0.056109 ^ u_lo_l3/_393_/Y (OAI21x1)
                                                         u_lo_l3/_123_ (net)
                      0.000000    0.000006    0.056115 ^ u_lo_l3/_396_/A (NOR2x1)
     1    0.000327    0.000000    0.000000    0.056115 v u_lo_l3/_396_/Y (NOR2x1)
                                                         u_lo_l3/_126_ (net)
                      0.000000    0.000017    0.056133 v u_lo_l3/_397_/B (NAND2x1)
     2    0.000843    0.000000    0.000000    0.056133 ^ u_lo_l3/_397_/Y (NAND2x1)
                                                         low_sum[15] (net)
                      0.000000    0.000093    0.056225 ^ _309_/A (NOR2x1)
     1    0.000299    0.000000    0.000000    0.056225 v _309_/Y (NOR2x1)
                                                         _006_ (net)
                      0.000000    0.000017    0.056242 v _311_/A (NAND2x1)
     4    0.001180    0.000000    0.000000    0.056242 ^ _311_/Y (NAND2x1)
                                                         carry[3] (net)
                      0.000000    0.000089    0.056332 ^ u_carry/_308_/B (NAND2x1)
     1    0.000471    0.000000    0.000000    0.056332 v u_carry/_308_/Y (NAND2x1)
                                                         u_carry/_096_ (net)
                      0.000000    0.000041    0.056373 v u_carry/_309_/B (OAI21x1)
     1    0.000306    0.000000    0.000000    0.056373 ^ u_carry/_309_/Y (OAI21x1)
                                                         u_carry/_097_ (net)
                      0.000000    0.000020    0.056393 ^ u_carry/_310_/B (AOI21x1)
     1    0.000450    0.000000    0.000000    0.056393 v u_carry/_310_/Y (AOI21x1)
                                                         u_carry/_098_ (net)
                      0.000000    0.000055    0.056448 v u_carry/_311_/B (OAI21x1)
     2    0.000461    0.000000    0.000000    0.056448 ^ u_carry/_311_/Y (OAI21x1)
                                                         upper[19] (net)
                      0.000000    0.000035    0.056482 ^ _341_/A (INVx1)
     1    0.000157    0.000000    0.000000    0.056482 v _341_/Y (INVx1)
                                                         _033_ (net)
                      0.000000    0.000008    0.056491 v _343_/A (NAND2x1)
     1    0.000264    0.000000    0.000000    0.056491 ^ _343_/Y (NAND2x1)
                                                         _035_ (net)
                      0.000000    0.000027    0.056518 ^ _344_/A (NOR2x1)
     2    0.000408    0.000000    0.000000    0.056518 v _344_/Y (NOR2x1)
                                                         _036_ (net)
                      0.000000    0.000016    0.056534 v _388_/B (NAND2x1)
     1    0.000200    0.000000    0.000000    0.056534 ^ _388_/Y (NAND2x1)
                                                         hd[6] (net)
                      0.000000    0.000010    0.056545 ^ hd[6] (out)
                                              0.056545   data arrival time

                      0.000000    0.000000    0.000000   clock vclk (rise edge)
                                  0.000000    0.000000   clock network delay (ideal)
                                  0.000000    0.000000   clock reconvergence pessimism
                                 -0.050000   -0.050000   output external delay
                                             -0.050000   data required time
---------------------------------------------------------------------------------------------
                                             -0.050000   data required time
                                             -0.056545   data arrival time
---------------------------------------------------------------------------------------------
                                              0.106545   slack (MET)



